Archive member included to satisfy reference by file (symbol)

F:/STM/STM32CubeIDE_1.16.1/STM32CubeIDE/plugins/com.st.stm32cube.ide.mcu.externaltools.gnu-tools-for-stm32.13.3.rel1.win32_1.0.0.202411081344/tools/bin/../lib/gcc/arm-none-eabi/13.3.1/../../../../arm-none-eabi/lib/thumb/v7-m/nofp\libc_nano.a(libc_a-exit.o)
                              F:/STM/STM32CubeIDE_1.16.1/STM32CubeIDE/plugins/com.st.stm32cube.ide.mcu.externaltools.gnu-tools-for-stm32.13.3.rel1.win32_1.0.0.202411081344/tools/bin/../lib/gcc/arm-none-eabi/13.3.1/../../../../arm-none-eabi/lib/thumb/v7-m/nofp/crt0.o (exit)
F:/STM/STM32CubeIDE_1.16.1/STM32CubeIDE/plugins/com.st.stm32cube.ide.mcu.externaltools.gnu-tools-for-stm32.13.3.rel1.win32_1.0.0.202411081344/tools/bin/../lib/gcc/arm-none-eabi/13.3.1/../../../../arm-none-eabi/lib/thumb/v7-m/nofp\libc_nano.a(libc_a-findfp.o)
                              F:/STM/STM32CubeIDE_1.16.1/STM32CubeIDE/plugins/com.st.stm32cube.ide.mcu.externaltools.gnu-tools-for-stm32.13.3.rel1.win32_1.0.0.202411081344/tools/bin/../lib/gcc/arm-none-eabi/13.3.1/../../../../arm-none-eabi/lib/thumb/v7-m/nofp\libc_nano.a(libc_a-exit.o) (__stdio_exit_handler)
F:/STM/STM32CubeIDE_1.16.1/STM32CubeIDE/plugins/com.st.stm32cube.ide.mcu.externaltools.gnu-tools-for-stm32.13.3.rel1.win32_1.0.0.202411081344/tools/bin/../lib/gcc/arm-none-eabi/13.3.1/../../../../arm-none-eabi/lib/thumb/v7-m/nofp\libc_nano.a(libc_a-fwalk.o)
                              F:/STM/STM32CubeIDE_1.16.1/STM32CubeIDE/plugins/com.st.stm32cube.ide.mcu.externaltools.gnu-tools-for-stm32.13.3.rel1.win32_1.0.0.202411081344/tools/bin/../lib/gcc/arm-none-eabi/13.3.1/../../../../arm-none-eabi/lib/thumb/v7-m/nofp\libc_nano.a(libc_a-findfp.o) (_fwalk_sglue)
F:/STM/STM32CubeIDE_1.16.1/STM32CubeIDE/plugins/com.st.stm32cube.ide.mcu.externaltools.gnu-tools-for-stm32.13.3.rel1.win32_1.0.0.202411081344/tools/bin/../lib/gcc/arm-none-eabi/13.3.1/../../../../arm-none-eabi/lib/thumb/v7-m/nofp\libc_nano.a(libc_a-snprintf.o)
                              ./Core/Src/main.o (snprintf)
F:/STM/STM32CubeIDE_1.16.1/STM32CubeIDE/plugins/com.st.stm32cube.ide.mcu.externaltools.gnu-tools-for-stm32.13.3.rel1.win32_1.0.0.202411081344/tools/bin/../lib/gcc/arm-none-eabi/13.3.1/../../../../arm-none-eabi/lib/thumb/v7-m/nofp\libc_nano.a(libc_a-stdio.o)
                              F:/STM/STM32CubeIDE_1.16.1/STM32CubeIDE/plugins/com.st.stm32cube.ide.mcu.externaltools.gnu-tools-for-stm32.13.3.rel1.win32_1.0.0.202411081344/tools/bin/../lib/gcc/arm-none-eabi/13.3.1/../../../../arm-none-eabi/lib/thumb/v7-m/nofp\libc_nano.a(libc_a-findfp.o) (__sread)
F:/STM/STM32CubeIDE_1.16.1/STM32CubeIDE/plugins/com.st.stm32cube.ide.mcu.externaltools.gnu-tools-for-stm32.13.3.rel1.win32_1.0.0.202411081344/tools/bin/../lib/gcc/arm-none-eabi/13.3.1/../../../../arm-none-eabi/lib/thumb/v7-m/nofp\libc_nano.a(libc_a-memset.o)
                              F:/STM/STM32CubeIDE_1.16.1/STM32CubeIDE/plugins/com.st.stm32cube.ide.mcu.externaltools.gnu-tools-for-stm32.13.3.rel1.win32_1.0.0.202411081344/tools/bin/../lib/gcc/arm-none-eabi/13.3.1/../../../../arm-none-eabi/lib/thumb/v7-m/nofp/crt0.o (memset)
F:/STM/STM32CubeIDE_1.16.1/STM32CubeIDE/plugins/com.st.stm32cube.ide.mcu.externaltools.gnu-tools-for-stm32.13.3.rel1.win32_1.0.0.202411081344/tools/bin/../lib/gcc/arm-none-eabi/13.3.1/../../../../arm-none-eabi/lib/thumb/v7-m/nofp\libc_nano.a(libc_a-closer.o)
                              F:/STM/STM32CubeIDE_1.16.1/STM32CubeIDE/plugins/com.st.stm32cube.ide.mcu.externaltools.gnu-tools-for-stm32.13.3.rel1.win32_1.0.0.202411081344/tools/bin/../lib/gcc/arm-none-eabi/13.3.1/../../../../arm-none-eabi/lib/thumb/v7-m/nofp\libc_nano.a(libc_a-stdio.o) (_close_r)
F:/STM/STM32CubeIDE_1.16.1/STM32CubeIDE/plugins/com.st.stm32cube.ide.mcu.externaltools.gnu-tools-for-stm32.13.3.rel1.win32_1.0.0.202411081344/tools/bin/../lib/gcc/arm-none-eabi/13.3.1/../../../../arm-none-eabi/lib/thumb/v7-m/nofp\libc_nano.a(libc_a-reent.o)
                              F:/STM/STM32CubeIDE_1.16.1/STM32CubeIDE/plugins/com.st.stm32cube.ide.mcu.externaltools.gnu-tools-for-stm32.13.3.rel1.win32_1.0.0.202411081344/tools/bin/../lib/gcc/arm-none-eabi/13.3.1/../../../../arm-none-eabi/lib/thumb/v7-m/nofp\libc_nano.a(libc_a-closer.o) (errno)
F:/STM/STM32CubeIDE_1.16.1/STM32CubeIDE/plugins/com.st.stm32cube.ide.mcu.externaltools.gnu-tools-for-stm32.13.3.rel1.win32_1.0.0.202411081344/tools/bin/../lib/gcc/arm-none-eabi/13.3.1/../../../../arm-none-eabi/lib/thumb/v7-m/nofp\libc_nano.a(libc_a-impure.o)
                              F:/STM/STM32CubeIDE_1.16.1/STM32CubeIDE/plugins/com.st.stm32cube.ide.mcu.externaltools.gnu-tools-for-stm32.13.3.rel1.win32_1.0.0.202411081344/tools/bin/../lib/gcc/arm-none-eabi/13.3.1/../../../../arm-none-eabi/lib/thumb/v7-m/nofp\libc_nano.a(libc_a-snprintf.o) (_impure_ptr)
[...]
Memory Configuration

Name             Origin             Length             Attributes
RAM              0x20000000         0x00005000         xrw
FLASH            0x08000000         0x00010000         xr
*default*        0x00000000         0xffffffff

Linker script and memory map

LOAD F:/STM/STM32CubeIDE_1.16.1/STM32CubeIDE/plugins/com.st.stm32cube.ide.mcu.externaltools.gnu-tools-for-stm32.13.3.rel1.win32_1.0.0.202411081344/tools/bin/../lib/gcc/arm-none-eabi/13.3.1/thumb/v7-m/nofp/crti.o
LOAD F:/STM/STM32CubeIDE_1.16.1/STM32CubeIDE/plugins/com.st.stm32cube.ide.mcu.externaltools.gnu-tools-for-stm32.13.3.rel1.win32_1.0.0.202411081344/tools/bin/../lib/gcc/arm-none-eabi/13.3.1/thumb/v7-m/nofp/crtbegin.o
LOAD F:/STM/STM32CubeIDE_1.16.1/STM32CubeIDE/plugins/com.st.stm32cube.ide.mcu.externaltools.gnu-tools-for-stm32.13.3.rel1.win32_1.0.0.202411081344/tools/bin/../lib/gcc/arm-none-eabi/13.3.1/../../../../arm-none-eabi/lib/thumb/v7-m/nofp/crt0.o
LOAD ./Core/Src/adc.o
LOAD ./Core/Src/dma.o
LOAD ./Core/Src/gpio.o
LOAD ./Core/Src/i2c.o
LOAD ./Core/Src/main.o
LOAD ./Core/Src/nrf24l01.o
LOAD ./Core/Src/spi.o
LOAD ./Core/Src/stm32f1xx_hal_msp.o
LOAD ./Core/Src/stm32f1xx_it.o
LOAD ./Core/Src/syscalls.o
LOAD ./Core/Src/sysmem.o
LOAD ./Core/Src/system_stm32f1xx.o
LOAD ./Core/Src/usart.o
LOAD ./Core/Startup/startup_stm32f103c8tx.o
LOAD ./Drivers/STM32F1xx_HAL_Driver/Src/stm32f1xx_hal.o
LOAD ./Drivers/STM32F1xx_HAL_Driver/Src/stm32f1xx_hal_adc.o
LOAD ./Drivers/STM32F1xx_HAL_Driver/Src/stm32f1xx_hal_adc_ex.o
LOAD ./Drivers/STM32F1xx_HAL_Driver/Src/stm32f1xx_hal_cortex.o
LOAD ./Drivers/STM32F1xx_HAL_Driver/Src/stm32f1xx_hal_dma.o
LOAD ./Drivers/STM32F1xx_HAL_Driver/Src/stm32f1xx_hal_exti.o
LOAD ./Drivers/STM32F1xx_HAL_Driver/Src/stm32f1xx_hal_flash.o
LOAD ./Drivers/STM32F1xx_HAL_Driver/Src/stm32f1xx_hal_flash_ex.o
LOAD ./Drivers/STM32F1xx_HAL_Driver/Src/stm32f1xx_hal_gpio.o
LOAD ./Drivers/STM32F1xx_HAL_Driver/Src/stm32f1xx_hal_gpio_ex.o
LOAD ./Drivers/STM32F1xx_HAL_Driver/Src/stm32f1xx_hal_i2c.o
LOAD ./Drivers/STM32F1xx_HAL_Driver/Src/stm32f1xx_hal_pwr.o
LOAD ./Drivers/STM32F1xx_HAL_Driver/Src/stm32f1xx_hal_rcc.o
LOAD ./Drivers/STM32F1xx_HAL_Driver/Src/stm32f1xx_hal_rcc_ex.o
LOAD ./Drivers/STM32F1xx_HAL_Driver/Src/stm32f1xx_hal_spi.o
LOAD ./Drivers/STM32F1xx_HAL_Driver/Src/stm32f1xx_hal_uart.o
LOAD ./oled/Src/oled.o
START GROUP
LOAD F:/STM/STM32CubeIDE_1.16.1/STM32CubeIDE/plugins/com.st.stm32cube.ide.mcu.externaltools.gnu-tools-for-stm32.13.3.rel1.win32_1.0.0.202411081344/tools/bin/../lib/gcc/arm-none-eabi/13.3.1/../../../../arm-none-eabi/lib/thumb/v7-m/nofp\libc_nano.a
LOAD F:/STM/STM32CubeIDE_1.16.1/STM32CubeIDE/plugins/com.st.stm32cube.ide.mcu.externaltools.gnu-tools-for-stm32.13.3.rel1.win32_1.0.0.202411081344/tools/bin/../lib/gcc/arm-none-eabi/13.3.1/../../../../arm-none-eabi/lib/thumb/v7-m/nofp\libm.a
END GROUP
START GROUP
LOAD F:/STM/STM32CubeIDE_1.16.1/STM32CubeIDE/plugins/com.st.stm32cube.ide.mcu.externaltools.gnu-tools-for-stm32.13.3.rel1.win32_1.0.0.202411081344/tools/bin/../lib/gcc/arm-none-eabi/13.3.1/thumb/v7-m/nofp\libgcc.a
LOAD F:/STM/STM32CubeIDE_1.16.1/STM32CubeIDE/plugins/com.st.stm32cube.ide.mcu.externaltools.gnu-tools-for-stm32.13.3.rel1.win32_1.0.0.202411081344/tools/bin/../lib/gcc/arm-none-eabi/13.3.1/../../../../arm-none-eabi/lib/thumb/v7-m/nofp\libc_nano.a
END GROUP
START GROUP
LOAD F:/STM/STM32CubeIDE_1.16.1/STM32CubeIDE/plugins/com.st.stm32cube.ide.mcu.externaltools.gnu-tools-for-stm32.13.3.rel1.win32_1.0.0.202411081344/tools/bin/../lib/gcc/arm-none-eabi/13.3.1/thumb/v7-m/nofp\libgcc.a
LOAD F:/STM/STM32CubeIDE_1.16.1/STM32CubeIDE/plugins/com.st.stm32cube.ide.mcu.externaltools.gnu-tools-for-stm32.13.3.rel1.win32_1.0.0.202411081344/tools/bin/../lib/gcc/arm-none-eabi/13.3.1/../../../../arm-none-eabi/lib/thumb/v7-m/nofp\libc_nano.a
LOAD F:/STM/STM32CubeIDE_1.16.1/STM32CubeIDE/plugins/com.st.stm32cube.ide.mcu.externaltools.gnu-tools-for-stm32.13.3.rel1.win32_1.0.0.202411081344/tools/bin/../lib/gcc/arm-none-eabi/13.3.1/../../../../arm-none-eabi/lib/thumb/v7-m/nofp\libnosys.a
END GROUP
START GROUP
LOAD F:/STM/STM32CubeIDE_1.16.1/STM32CubeIDE/plugins/com.st.stm32cube.ide.mcu.externaltools.gnu-tools-for-stm32.13.3.rel1.win32_1.0.0.202411081344/tools/bin/../lib/gcc/arm-none-eabi/13.3.1/thumb/v7-m/nofp\libgcc.a
LOAD F:/STM/STM32CubeIDE_1.16.1/STM32CubeIDE/plugins/com.st.stm32cube.ide.mcu.externaltools.gnu-tools-for-stm32.13.3.rel1.win32_1.0.0.202411081344/tools/bin/../lib/gcc/arm-none-eabi/13.3.1/../../../../arm-none-eabi/lib/thumb/v7-m/nofp\libc_nano.a
LOAD F:/STM/STM32CubeIDE_1.16.1/STM32CubeIDE/plugins/com.st.stm32cube.ide.mcu.externaltools.gnu-tools-for-stm32.13.3.rel1.win32_1.0.0.202411081344/tools/bin/../lib/gcc/arm-none-eabi/13.3.1/../../../../arm-none-eabi/lib/thumb/v7-m/nofp\libnosys.a
END GROUP
LOAD F:/STM/STM32CubeIDE_1.16.1/STM32CubeIDE/plugins/com.st.stm32cube.ide.mcu.externaltools.gnu-tools-for-stm32.13.3.rel1.win32_1.0.0.202411081344/tools/bin/../lib/gcc/arm-none-eabi/13.3.1/thumb/v7-m/nofp/crtend.o
LOAD F:/STM/STM32CubeIDE_1.16.1/STM32CubeIDE/plugins/com.st.stm32cube.ide.mcu.externaltools.gnu-tools-for-stm32.13.3.rel1.win32_1.0.0.202411081344/tools/bin/../lib/gcc/arm-none-eabi/13.3.1/thumb/v7-m/nofp/crtn.o
                0x20005000                        _estack = (ORIGIN (RAM) + LENGTH (RAM))
                0x00000200                        _Min_Heap_Size = 0x200
                0x00000400                        _Min_Stack_Size = 0x400

.isr_vector     0x08000000      0x10c
                0x08000000                        . = ALIGN (0x4)
 *(.isr_vector)
 .isr_vector    0x08000000      0x10c ./Core/Startup/startup_stm32f103c8tx.o
                0x08000000                g_pfnVectors
                0x0800010c                        . = ALIGN (0x4)

.text           0x0800010c     0x7c2c
                0x0800010c                        . = ALIGN (0x4)
 *(.text)
 .text          0x0800010c       0x40 F:/STM/STM32CubeIDE_1.16.1/STM32CubeIDE/plugins/com.st.stm32cube.ide.mcu.externaltools.gnu-tools-for-stm32.13.3.rel1.win32_1.0.0.202411081344/tools/bin/../lib/gcc/arm-none-eabi/13.3.1/thumb/v7-m/nofp/crtbegin.o
 .text          0x0800014c       0x10 F:/STM/STM32CubeIDE_1.16.1/STM32CubeIDE/plugins/com.st.stm32cube.ide.mcu.externaltools.gnu-tools-for-stm32.13.3.rel1.win32_1.0.0.202411081344/tools/bin/../lib/gcc/arm-none-eabi/13.3.1/../../../../arm-none-eabi/lib/thumb/v7-m/nofp\libc_nano.a(libc_a-strlen.o)
                0x0800014c                strlen
 *(.text*)
 .text.MX_ADC1_Init
                0x0800015c      0x110 ./Core/Src/adc.o
                0x0800015c                MX_ADC1_Init
 .text.HAL_ADC_MspInit
                0x0800026c       0xe0 ./Core/Src/adc.o
                0x0800026c                HAL_ADC_MspInit
 .text.MX_DMA_Init
                0x0800034c       0x7c ./Core/Src/dma.o
                0x0800034c                MX_DMA_Init
 .text.MX_GPIO_Init
                0x080003c8      0x150 ./Core/Src/gpio.o
                0x080003c8                MX_GPIO_Init
 .text.MX_I2C1_Init
                0x08000518       0x5c ./Core/Src/i2c.o
                0x08000518                MX_I2C1_Init
 .text.HAL_I2C_MspInit
                0x08000574      0x144 ./Core/Src/i2c.o
                0x08000574                HAL_I2C_MspInit
 .text.HAL_I2C_WriteCommand
                0x080006b8       0x48 ./Core/Src/i2c.o
                0x080006b8                HAL_I2C_WriteCommand
 .text.HAL_I2C_WriteData
                0x08000700       0xc4 ./Core/Src/i2c.o
                0x08000700                HAL_I2C_WriteData
 .text.HAL_ADC_ConvHalfCpltCallback
                0x080007c4      0x15c ./Core/Src/main.o
                0x080007c4                HAL_ADC_ConvHalfCpltCallback
 .text.main     0x08000920       0xe0 ./Core/Src/main.o
                0x08000920                main
 .text.SystemClock_Config
                0x08000a00       0xb6 ./Core/Src/main.o
                0x08000a00                SystemClock_Config
 .text.Error_Handler
                0x08000ab6        0xc ./Core/Src/main.o
                0x08000ab6                Error_Handler
 *fill*         0x08000ac2        0x2 
 .text.drv_spi_read_write_byte
                0x08000ac4       0x2c ./Core/Src/nrf24l01.o
                0x08000ac4                drv_spi_read_write_byte
 .text.NRF24L01_Read_Reg
                0x08000af0       0x40 ./Core/Src/nrf24l01.o
                0x08000af0                NRF24L01_Read_Reg
 .text.NRF24L01_Read_Buf
                0x08000b30       0x5c ./Core/Src/nrf24l01.o
                0x08000b30                NRF24L01_Read_Buf
 .text.NRF24L01_Write_Reg
                0x08000b8c       0x48 ./Core/Src/nrf24l01.o
                0x08000b8c                NRF24L01_Write_Reg
 .text.NRF24L01_Write_Buf
                0x08000bd4       0x60 ./Core/Src/nrf24l01.o
                0x08000bd4                NRF24L01_Write_Buf
 .text.NRF24L01_Read_Status_Register
                0x08000c34       0x34 ./Core/Src/nrf24l01.o
                0x08000c34                NRF24L01_Read_Status_Register
 .text.NRF24L01_Clear_IRQ_Flag
                0x08000c68       0x54 ./Core/Src/nrf24l01.o
                0x08000c68                NRF24L01_Clear_IRQ_Flag
 .text.NRF24L01_Set_TxAddr
                0x08000cbc       0x2a ./Core/Src/nrf24l01.o
                0x08000cbc                NRF24L01_Set_TxAddr
 .text.NRF24L01_Set_RxAddr
                0x08000ce6       0x3c ./Core/Src/nrf24l01.o
                0x08000ce6                NRF24L01_Set_RxAddr
 *fill*         0x08000d22        0x2 
 .text.NRF24L01_check
                0x08000d24       0x9c ./Core/Src/nrf24l01.o
                0x08000d24                NRF24L01_check
 .text.RF24L01_Set_Mode
                0x08000dc0       0x48 ./Core/Src/nrf24l01.o
                0x08000dc0                RF24L01_Set_Mode
 .text.NRF24L01_TxPacket
                0x08000e08       0xc8 ./Core/Src/nrf24l01.o
                0x08000e08                NRF24L01_TxPacket
 .text.NRF24L01_Gpio_Init
                0x08000ed0       0x38 ./Core/Src/nrf24l01.o
                0x08000ed0                NRF24L01_Gpio_Init
 .text.RF24L01_Init
                0x08000f08       0xa0 ./Core/Src/nrf24l01.o
                0x08000f08                RF24L01_Init
 .text.MX_SPI1_Init
                0x08000fa8       0x6c ./Core/Src/spi.o
                0x08000fa8                MX_SPI1_Init
 .text.HAL_SPI_MspInit
                0x08001014      0x150 ./Core/Src/spi.o
                0x08001014                HAL_SPI_MspInit
 .text.HAL_MspInit
                0x08001164       0x84 ./Core/Src/stm32f1xx_hal_msp.o
                0x08001164                HAL_MspInit
 .text.NMI_Handler
                0x080011e8        0x8 ./Core/Src/stm32f1xx_it.o
                0x080011e8                NMI_Handler
 .text.HardFault_Handler
                0x080011f0        0x8 ./Core/Src/stm32f1xx_it.o
                0x080011f0                HardFault_Handler
 .text.MemManage_Handler
                0x080011f8        0x8 ./Core/Src/stm32f1xx_it.o
                0x080011f8                MemManage_Handler
 .text.BusFault_Handler
                0x08001200        0x8 ./Core/Src/stm32f1xx_it.o
                0x08001200                BusFault_Handler
 .text.UsageFault_Handler
                0x08001208        0x8 ./Core/Src/stm32f1xx_it.o
                0x08001208                UsageFault_Handler
 .text.SVC_Handler
                0x08001210        0xc ./Core/Src/stm32f1xx_it.o
                0x08001210                SVC_Handler
 .text.DebugMon_Handler
                0x0800121c        0xc ./Core/Src/stm32f1xx_it.o
                0x0800121c                DebugMon_Handler
 .text.PendSV_Handler
                0x08001228        0xc ./Core/Src/stm32f1xx_it.o
                0x08001228                PendSV_Handler
 .text.SysTick_Handler
                0x08001234        0xc ./Core/Src/stm32f1xx_it.o
                0x08001234                SysTick_Handler
 .text.FLASH_IRQHandler
                0x08001240        0xc ./Core/Src/stm32f1xx_it.o
                0x08001240                FLASH_IRQHandler
 .text.RCC_IRQHandler
                0x0800124c        0xc ./Core/Src/stm32f1xx_it.o
                0x0800124c                RCC_IRQHandler
 .text.DMA1_Channel1_IRQHandler
                0x08001258       0x14 ./Core/Src/stm32f1xx_it.o
                0x08001258                DMA1_Channel1_IRQHandler
 .text.DMA1_Channel2_IRQHandler
                0x0800126c       0x14 ./Core/Src/stm32f1xx_it.o
                0x0800126c                DMA1_Channel2_IRQHandler
 .text.DMA1_Channel3_IRQHandler
                0x08001280       0x14 ./Core/Src/stm32f1xx_it.o
                0x08001280                DMA1_Channel3_IRQHandler
 .text.DMA1_Channel6_IRQHandler
                0x08001294       0x14 ./Core/Src/stm32f1xx_it.o
                0x08001294                DMA1_Channel6_IRQHandler
 .text.DMA1_Channel7_IRQHandler
                0x080012a8       0x14 ./Core/Src/stm32f1xx_it.o
                0x080012a8                DMA1_Channel7_IRQHandler
 .text.ADC1_2_IRQHandler
                0x080012bc       0x14 ./Core/Src/stm32f1xx_it.o
                0x080012bc                ADC1_2_IRQHandler
 .text.I2C1_EV_IRQHandler
                0x080012d0       0x14 ./Core/Src/stm32f1xx_it.o
                0x080012d0                I2C1_EV_IRQHandler
 .text.I2C1_ER_IRQHandler
                0x080012e4       0x14 ./Core/Src/stm32f1xx_it.o
                0x080012e4                I2C1_ER_IRQHandler
 .text.SPI1_IRQHandler
                0x080012f8       0x14 ./Core/Src/stm32f1xx_it.o
                0x080012f8                SPI1_IRQHandler
 .text.USART1_IRQHandler
                0x0800130c       0x14 ./Core/Src/stm32f1xx_it.o
                0x0800130c                USART1_IRQHandler
 .text._sbrk    0x08001320       0x6c ./Core/Src/sysmem.o
                0x08001320                _sbrk
 .text.SystemInit
                0x0800138c        0xc ./Core/Src/system_stm32f1xx.o
                0x0800138c                SystemInit
 .text.MX_USART1_UART_Init
                0x08001398       0x54 ./Core/Src/usart.o
                0x08001398                MX_USART1_UART_Init
 .text.HAL_UART_MspInit
                0x080013ec       0xa8 ./Core/Src/usart.o
                0x080013ec                HAL_UART_MspInit
 .text.Reset_Handler
                0x08001494       0x48 ./Core/Startup/startup_stm32f103c8tx.o
                0x08001494                Reset_Handler
 .text.Default_Handler
                0x080014dc        0x2 ./Core/Startup/startup_stm32f103c8tx.o
                0x080014dc                RTC_Alarm_IRQHandler
                0x080014dc                EXTI2_IRQHandler
                0x080014dc                TIM1_CC_IRQHandler
                0x080014dc                PVD_IRQHandler
                0x080014dc                EXTI3_IRQHandler
                0x080014dc                EXTI0_IRQHandler
                0x080014dc                I2C2_EV_IRQHandler
                0x080014dc                TAMPER_IRQHandler
                0x080014dc                DMA1_Channel4_IRQHandler
                0x080014dc                USART3_IRQHandler
                0x080014dc                RTC_IRQHandler
                0x080014dc                CAN1_RX1_IRQHandler
                0x080014dc                TIM4_IRQHandler
                0x080014dc                TIM3_IRQHandler
                0x080014dc                TIM1_TRG_COM_IRQHandler
                0x080014dc                Default_Handler
                0x080014dc                EXTI15_10_IRQHandler
                0x080014dc                EXTI9_5_IRQHandler
                0x080014dc                SPI2_IRQHandler
                0x080014dc                DMA1_Channel5_IRQHandler
                0x080014dc                EXTI4_IRQHandler
                0x080014dc                USB_LP_CAN1_RX0_IRQHandler
                0x080014dc                USB_HP_CAN1_TX_IRQHandler
                0x080014dc                TIM1_UP_IRQHandler
                0x080014dc                WWDG_IRQHandler
                0x080014dc                TIM2_IRQHandler
                0x080014dc                TIM1_BRK_IRQHandler
                0x080014dc                EXTI1_IRQHandler
                0x080014dc                USART2_IRQHandler
                0x080014dc                I2C2_ER_IRQHandler
                0x080014dc                CAN1_SCE_IRQHandler
                0x080014dc                USBWakeUp_IRQHandler
 *fill*         0x080014de        0x2 
 .text.HAL_Init
                0x080014e0       0x2c ./Drivers/STM32F1xx_HAL_Driver/Src/stm32f1xx_hal.o
                0x080014e0                HAL_Init
 .text.HAL_InitTick
                0x0800150c       0x60 ./Drivers/STM32F1xx_HAL_Driver/Src/stm32f1xx_hal.o
                0x0800150c                HAL_InitTick
 .text.HAL_IncTick
                0x0800156c       0x24 ./Drivers/STM32F1xx_HAL_Driver/Src/stm32f1xx_hal.o
                0x0800156c                HAL_IncTick
 .text.HAL_GetTick
                0x08001590       0x14 ./Drivers/STM32F1xx_HAL_Driver/Src/stm32f1xx_hal.o
                0x08001590                HAL_GetTick
 .text.HAL_Delay
                0x080015a4       0x48 ./Drivers/STM32F1xx_HAL_Driver/Src/stm32f1xx_hal.o
                0x080015a4                HAL_Delay
 .text.HAL_ADC_Init
                0x080015ec      0x1b0 ./Drivers/STM32F1xx_HAL_Driver/Src/stm32f1xx_hal_adc.o
                0x080015ec                HAL_ADC_Init
 .text.HAL_ADC_Start_DMA
                0x0800179c      0x1bc ./Drivers/STM32F1xx_HAL_Driver/Src/stm32f1xx_hal_adc.o
                0x0800179c                HAL_ADC_Start_DMA
 .text.HAL_ADC_IRQHandler
                0x08001958      0x17e ./Drivers/STM32F1xx_HAL_Driver/Src/stm32f1xx_hal_adc.o
                0x08001958                HAL_ADC_IRQHandler
 .text.HAL_ADC_ConvCpltCallback
                0x08001ad6       0x12 ./Drivers/STM32F1xx_HAL_Driver/Src/stm32f1xx_hal_adc.o
                0x08001ad6                HAL_ADC_ConvCpltCallback
 .text.HAL_ADC_LevelOutOfWindowCallback
                0x08001ae8       0x12 ./Drivers/STM32F1xx_HAL_Driver/Src/stm32f1xx_hal_adc.o
                0x08001ae8                HAL_ADC_LevelOutOfWindowCallback
 .text.HAL_ADC_ErrorCallback
                0x08001afa       0x12 ./Drivers/STM32F1xx_HAL_Driver/Src/stm32f1xx_hal_adc.o
                0x08001afa                HAL_ADC_ErrorCallback
 .text.HAL_ADC_ConfigChannel
                0x08001b0c      0x1f0 ./Drivers/STM32F1xx_HAL_Driver/Src/stm32f1xx_hal_adc.o
                0x08001b0c                HAL_ADC_ConfigChannel
 .text.ADC_Enable
                0x08001cfc       0xb4 ./Drivers/STM32F1xx_HAL_Driver/Src/stm32f1xx_hal_adc.o
                0x08001cfc                ADC_Enable
 .text.ADC_ConversionStop_Disable
                0x08001db0       0x82 ./Drivers/STM32F1xx_HAL_Driver/Src/stm32f1xx_hal_adc.o
                0x08001db0                ADC_ConversionStop_Disable
 .text.ADC_DMAConvCplt
                0x08001e32       0x7c ./Drivers/STM32F1xx_HAL_Driver/Src/stm32f1xx_hal_adc.o
                0x08001e32                ADC_DMAConvCplt
 .text.ADC_DMAHalfConvCplt
                0x08001eae       0x1c ./Drivers/STM32F1xx_HAL_Driver/Src/stm32f1xx_hal_adc.o
                0x08001eae                ADC_DMAHalfConvCplt
 .text.ADC_DMAError
                0x08001eca       0x34 ./Drivers/STM32F1xx_HAL_Driver/Src/stm32f1xx_hal_adc.o
                0x08001eca                ADC_DMAError
 *fill*         0x08001efe        0x2 
 .text.HAL_ADCEx_Calibration_Start
                0x08001f00      0x15c ./Drivers/STM32F1xx_HAL_Driver/Src/stm32f1xx_hal_adc_ex.o
                0x08001f00                HAL_ADCEx_Calibration_Start
 .text.HAL_ADCEx_InjectedConvCpltCallback
                0x0800205c       0x12 ./Drivers/STM32F1xx_HAL_Driver/Src/stm32f1xx_hal_adc_ex.o
                0x0800205c                HAL_ADCEx_InjectedConvCpltCallback
 *fill*         0x0800206e        0x2 
 .text.__NVIC_SetPriorityGrouping
                0x08002070       0x48 ./Drivers/STM32F1xx_HAL_Driver/Src/stm32f1xx_hal_cortex.o
 .text.__NVIC_GetPriorityGrouping
                0x080020b8       0x1c ./Drivers/STM32F1xx_HAL_Driver/Src/stm32f1xx_hal_cortex.o
 .text.__NVIC_EnableIRQ
                0x080020d4       0x38 ./Drivers/STM32F1xx_HAL_Driver/Src/stm32f1xx_hal_cortex.o
 .text.__NVIC_SetPriority
                0x0800210c       0x54 ./Drivers/STM32F1xx_HAL_Driver/Src/stm32f1xx_hal_cortex.o
 .text.NVIC_EncodePriority
                0x08002160       0x64 ./Drivers/STM32F1xx_HAL_Driver/Src/stm32f1xx_hal_cortex.o
 .text.SysTick_Config
                0x080021c4       0x44 ./Drivers/STM32F1xx_HAL_Driver/Src/stm32f1xx_hal_cortex.o
 .text.HAL_NVIC_SetPriorityGrouping
                0x08002208       0x16 ./Drivers/STM32F1xx_HAL_Driver/Src/stm32f1xx_hal_cortex.o
                0x08002208                HAL_NVIC_SetPriorityGrouping
 .text.HAL_NVIC_SetPriority
                0x0800221e       0x38 ./Drivers/STM32F1xx_HAL_Driver/Src/stm32f1xx_hal_cortex.o
                0x0800221e                HAL_NVIC_SetPriority
 .text.HAL_NVIC_EnableIRQ
                0x08002256       0x1c ./Drivers/STM32F1xx_HAL_Driver/Src/stm32f1xx_hal_cortex.o
                0x08002256                HAL_NVIC_EnableIRQ
 .text.HAL_SYSTICK_Config
                0x08002272       0x18 ./Drivers/STM32F1xx_HAL_Driver/Src/stm32f1xx_hal_cortex.o
                0x08002272                HAL_SYSTICK_Config
 .text.HAL_SYSTICK_IRQHandler
                0x0800228a        0xc ./Drivers/STM32F1xx_HAL_Driver/Src/stm32f1xx_hal_cortex.o
                0x0800228a                HAL_SYSTICK_IRQHandler
 .text.HAL_SYSTICK_Callback
                0x08002296        0xc ./Drivers/STM32F1xx_HAL_Driver/Src/stm32f1xx_hal_cortex.o
                0x08002296                HAL_SYSTICK_Callback
 *fill*         0x080022a2        0x2 
 .text.HAL_DMA_Init
                0x080022a4       0xb4 ./Drivers/STM32F1xx_HAL_Driver/Src/stm32f1xx_hal_dma.o
                0x080022a4                HAL_DMA_Init
 .text.HAL_DMA_Start_IT
                0x08002358       0xc0 ./Drivers/STM32F1xx_HAL_Driver/Src/stm32f1xx_hal_dma.o
                0x08002358                HAL_DMA_Start_IT
 .text.HAL_DMA_Abort
                0x08002418       0x76 ./Drivers/STM32F1xx_HAL_Driver/Src/stm32f1xx_hal_dma.o
                0x08002418                HAL_DMA_Abort
 *fill*         0x0800248e        0x2 
 .text.HAL_DMA_Abort_IT
                0x08002490       0xf0 ./Drivers/STM32F1xx_HAL_Driver/Src/stm32f1xx_hal_dma.o
                0x08002490                HAL_DMA_Abort_IT
 .text.HAL_DMA_IRQHandler
                0x08002580      0x20c ./Drivers/STM32F1xx_HAL_Driver/Src/stm32f1xx_hal_dma.o
                0x08002580                HAL_DMA_IRQHandler
 .text.HAL_DMA_GetState
                0x0800278c       0x1a ./Drivers/STM32F1xx_HAL_Driver/Src/stm32f1xx_hal_dma.o
                0x0800278c                HAL_DMA_GetState
 .text.DMA_SetConfig
                0x080027a6       0x5a ./Drivers/STM32F1xx_HAL_Driver/Src/stm32f1xx_hal_dma.o
 .text.HAL_FLASH_IRQHandler
                0x08002800      0x1c0 ./Drivers/STM32F1xx_HAL_Driver/Src/stm32f1xx_hal_flash.o
                0x08002800                HAL_FLASH_IRQHandler
 .text.HAL_FLASH_EndOfOperationCallback
                0x080029c0       0x12 ./Drivers/STM32F1xx_HAL_Driver/Src/stm32f1xx_hal_flash.o
                0x080029c0                HAL_FLASH_EndOfOperationCallback
 .text.HAL_FLASH_OperationErrorCallback
                0x080029d2       0x12 ./Drivers/STM32F1xx_HAL_Driver/Src/stm32f1xx_hal_flash.o
                0x080029d2                HAL_FLASH_OperationErrorCallback
 .text.FLASH_Program_HalfWord
                0x080029e4       0x38 ./Drivers/STM32F1xx_HAL_Driver/Src/stm32f1xx_hal_flash.o
 .text.FLASH_SetErrorCode
                0x08002a1c       0xa0 ./Drivers/STM32F1xx_HAL_Driver/Src/stm32f1xx_hal_flash.o
 .text.FLASH_PageErase
                0x08002abc       0x40 ./Drivers/STM32F1xx_HAL_Driver/Src/stm32f1xx_hal_flash_ex.o
                0x08002abc                FLASH_PageErase
 .text.HAL_GPIO_Init
                0x08002afc      0x308 ./Drivers/STM32F1xx_HAL_Driver/Src/stm32f1xx_hal_gpio.o
                0x08002afc                HAL_GPIO_Init
 .text.HAL_GPIO_WritePin
                0x08002e04       0x30 ./Drivers/STM32F1xx_HAL_Driver/Src/stm32f1xx_hal_gpio.o
                0x08002e04                HAL_GPIO_WritePin
 .text.HAL_I2C_Init
                0x08002e34      0x288 ./Drivers/STM32F1xx_HAL_Driver/Src/stm32f1xx_hal_i2c.o
                0x08002e34                HAL_I2C_Init
 .text.I2C_Flush_DR
                0x080030bc       0x28 ./Drivers/STM32F1xx_HAL_Driver/Src/stm32f1xx_hal_i2c.o
 .text.HAL_I2C_Master_Transmit
                0x080030e4      0x1fc ./Drivers/STM32F1xx_HAL_Driver/Src/stm32f1xx_hal_i2c.o
                0x080030e4                HAL_I2C_Master_Transmit
 .text.HAL_I2C_EV_IRQHandler
                0x080032e0      0x2e2 ./Drivers/STM32F1xx_HAL_Driver/Src/stm32f1xx_hal_i2c.o
                0x080032e0                HAL_I2C_EV_IRQHandler
 .text.HAL_I2C_ER_IRQHandler
                0x080035c2      0x15e ./Drivers/STM32F1xx_HAL_Driver/Src/stm32f1xx_hal_i2c.o
                0x080035c2                HAL_I2C_ER_IRQHandler
 .text.HAL_I2C_MasterTxCpltCallback
                0x08003720       0x12 ./Drivers/STM32F1xx_HAL_Driver/Src/stm32f1xx_hal_i2c.o
                0x08003720                HAL_I2C_MasterTxCpltCallback
 .text.HAL_I2C_MasterRxCpltCallback
                0x08003732       0x12 ./Drivers/STM32F1xx_HAL_Driver/Src/stm32f1xx_hal_i2c.o
                0x08003732                HAL_I2C_MasterRxCpltCallback
 .text.HAL_I2C_SlaveTxCpltCallback
                0x08003744       0x12 ./Drivers/STM32F1xx_HAL_Driver/Src/stm32f1xx_hal_i2c.o
                0x08003744                HAL_I2C_SlaveTxCpltCallback
 .text.HAL_I2C_SlaveRxCpltCallback
                0x08003756       0x12 ./Drivers/STM32F1xx_HAL_Driver/Src/stm32f1xx_hal_i2c.o
                0x08003756                HAL_I2C_SlaveRxCpltCallback
 .text.HAL_I2C_AddrCallback
                0x08003768       0x1a ./Drivers/STM32F1xx_HAL_Driver/Src/stm32f1xx_hal_i2c.o
                0x08003768                HAL_I2C_AddrCallback
 .text.HAL_I2C_ListenCpltCallback
                0x08003782       0x12 ./Drivers/STM32F1xx_HAL_Driver/Src/stm32f1xx_hal_i2c.o
                0x08003782                HAL_I2C_ListenCpltCallback
 .text.HAL_I2C_MemTxCpltCallback
                0x08003794       0x12 ./Drivers/STM32F1xx_HAL_Driver/Src/stm32f1xx_hal_i2c.o
                0x08003794                HAL_I2C_MemTxCpltCallback
 .text.HAL_I2C_MemRxCpltCallback
                0x080037a6       0x12 ./Drivers/STM32F1xx_HAL_Driver/Src/stm32f1xx_hal_i2c.o
                0x080037a6                HAL_I2C_MemRxCpltCallback
 .text.HAL_I2C_ErrorCallback
                0x080037b8       0x12 ./Drivers/STM32F1xx_HAL_Driver/Src/stm32f1xx_hal_i2c.o
                0x080037b8                HAL_I2C_ErrorCallback
 .text.HAL_I2C_AbortCpltCallback
                0x080037ca       0x12 ./Drivers/STM32F1xx_HAL_Driver/Src/stm32f1xx_hal_i2c.o
                0x080037ca                HAL_I2C_AbortCpltCallback
 .text.I2C_MasterTransmit_TXE
                0x080037dc      0x138 ./Drivers/STM32F1xx_HAL_Driver/Src/stm32f1xx_hal_i2c.o
 .text.I2C_MasterTransmit_BTF
                0x08003914       0xec ./Drivers/STM32F1xx_HAL_Driver/Src/stm32f1xx_hal_i2c.o
 .text.I2C_MemoryTransmit_TXE_BTF
                0x08003a00      0x130 ./Drivers/STM32F1xx_HAL_Driver/Src/stm32f1xx_hal_i2c.o
 .text.I2C_MasterReceive_RXNE
                0x08003b30      0x190 ./Drivers/STM32F1xx_HAL_Driver/Src/stm32f1xx_hal_i2c.o
 .text.I2C_MasterReceive_BTF
                0x08003cc0      0x1e2 ./Drivers/STM32F1xx_HAL_Driver/Src/stm32f1xx_hal_i2c.o
 .text.I2C_Master_SB
                0x08003ea2      0x10a ./Drivers/STM32F1xx_HAL_Driver/Src/stm32f1xx_hal_i2c.o
 .text.I2C_Master_ADD10
                0x08003fac       0x52 ./Drivers/STM32F1xx_HAL_Driver/Src/stm32f1xx_hal_i2c.o
 .text.I2C_Master_ADDR
                0x08003ffe      0x336 ./Drivers/STM32F1xx_HAL_Driver/Src/stm32f1xx_hal_i2c.o
 .text.I2C_SlaveTransmit_TXE
                0x08004334       0x7a ./Drivers/STM32F1xx_HAL_Driver/Src/stm32f1xx_hal_i2c.o
 .text.I2C_SlaveTransmit_BTF
                0x080043ae       0x40 ./Drivers/STM32F1xx_HAL_Driver/Src/stm32f1xx_hal_i2c.o
 .text.I2C_SlaveReceive_RXNE
                0x080043ee       0x7c ./Drivers/STM32F1xx_HAL_Driver/Src/stm32f1xx_hal_i2c.o
 .text.I2C_SlaveReceive_BTF
                0x0800446a       0x42 ./Drivers/STM32F1xx_HAL_Driver/Src/stm32f1xx_hal_i2c.o
 .text.I2C_Slave_ADDR
                0x080044ac       0x94 ./Drivers/STM32F1xx_HAL_Driver/Src/stm32f1xx_hal_i2c.o
 .text.I2C_Slave_STOPF
                0x08004540      0x260 ./Drivers/STM32F1xx_HAL_Driver/Src/stm32f1xx_hal_i2c.o
 .text.I2C_Slave_AF
                0x080047a0       0xe8 ./Drivers/STM32F1xx_HAL_Driver/Src/stm32f1xx_hal_i2c.o
 .text.I2C_ITError
                0x08004888      0x264 ./Drivers/STM32F1xx_HAL_Driver/Src/stm32f1xx_hal_i2c.o
 .text.I2C_MasterRequestWrite
                0x08004aec      0x104 ./Drivers/STM32F1xx_HAL_Driver/Src/stm32f1xx_hal_i2c.o
 .text.I2C_DMAAbort
                0x08004bf0      0x150 ./Drivers/STM32F1xx_HAL_Driver/Src/stm32f1xx_hal_i2c.o
 .text.I2C_WaitOnFlagUntilTimeout
                0x08004d40       0xf4 ./Drivers/STM32F1xx_HAL_Driver/Src/stm32f1xx_hal_i2c.o
 .text.I2C_WaitOnMasterAddressFlagUntilTimeout
                0x08004e34      0x140 ./Drivers/STM32F1xx_HAL_Driver/Src/stm32f1xx_hal_i2c.o
 .text.I2C_WaitOnTXEFlagUntilTimeout
                0x08004f74       0x90 ./Drivers/STM32F1xx_HAL_Driver/Src/stm32f1xx_hal_i2c.o
 .text.I2C_WaitOnBTFFlagUntilTimeout
                0x08005004       0x90 ./Drivers/STM32F1xx_HAL_Driver/Src/stm32f1xx_hal_i2c.o
 .text.I2C_WaitOnSTOPRequestThroughIT
                0x08005094       0x64 ./Drivers/STM32F1xx_HAL_Driver/Src/stm32f1xx_hal_i2c.o
 .text.I2C_IsAcknowledgeFailed
                0x080050f8       0x5c ./Drivers/STM32F1xx_HAL_Driver/Src/stm32f1xx_hal_i2c.o
 .text.I2C_ConvertOtherXferOptions
                0x08005154       0x34 ./Drivers/STM32F1xx_HAL_Driver/Src/stm32f1xx_hal_i2c.o
 .text.HAL_RCC_OscConfig
                0x08005188      0x504 ./Drivers/STM32F1xx_HAL_Driver/Src/stm32f1xx_hal_rcc.o
                0x08005188                HAL_RCC_OscConfig
 .text.HAL_RCC_ClockConfig
                0x0800568c      0x1d4 ./Drivers/STM32F1xx_HAL_Driver/Src/stm32f1xx_hal_rcc.o
                0x0800568c                HAL_RCC_ClockConfig
 .text.HAL_RCC_GetSysClockFreq
                0x08005860       0xa8 ./Drivers/STM32F1xx_HAL_Driver/Src/stm32f1xx_hal_rcc.o
                0x08005860                HAL_RCC_GetSysClockFreq
 .text.HAL_RCC_GetHCLKFreq
                0x08005908       0x14 ./Drivers/STM32F1xx_HAL_Driver/Src/stm32f1xx_hal_rcc.o
                0x08005908                HAL_RCC_GetHCLKFreq
 .text.HAL_RCC_GetPCLK1Freq
                0x0800591c       0x28 ./Drivers/STM32F1xx_HAL_Driver/Src/stm32f1xx_hal_rcc.o
                0x0800591c                HAL_RCC_GetPCLK1Freq
 .text.HAL_RCC_GetPCLK2Freq
                0x08005944       0x28 ./Drivers/STM32F1xx_HAL_Driver/Src/stm32f1xx_hal_rcc.o
                0x08005944                HAL_RCC_GetPCLK2Freq
 .text.RCC_Delay
                0x0800596c       0x3c ./Drivers/STM32F1xx_HAL_Driver/Src/stm32f1xx_hal_rcc.o
 .text.HAL_RCCEx_PeriphCLKConfig
                0x080059a8      0x16c ./Drivers/STM32F1xx_HAL_Driver/Src/stm32f1xx_hal_rcc_ex.o
                0x080059a8                HAL_RCCEx_PeriphCLKConfig
 .text.HAL_RCCEx_GetPeriphCLKFreq
                0x08005b14      0x16c ./Drivers/STM32F1xx_HAL_Driver/Src/stm32f1xx_hal_rcc_ex.o
                0x08005b14                HAL_RCCEx_GetPeriphCLKFreq
 .text.HAL_SPI_Init
                0x08005c80      0x108 ./Drivers/STM32F1xx_HAL_Driver/Src/stm32f1xx_hal_spi.o
                0x08005c80                HAL_SPI_Init
 .text.HAL_SPI_TransmitReceive
                0x08005d88      0x352 ./Drivers/STM32F1xx_HAL_Driver/Src/stm32f1xx_hal_spi.o
                0x08005d88                HAL_SPI_TransmitReceive
 *fill*         0x080060da        0x2 
 .text.HAL_SPI_IRQHandler
                0x080060dc      0x1cc ./Drivers/STM32F1xx_HAL_Driver/Src/stm32f1xx_hal_spi.o
                0x080060dc                HAL_SPI_IRQHandler
 .text.HAL_SPI_ErrorCallback
                0x080062a8       0x12 ./Drivers/STM32F1xx_HAL_Driver/Src/stm32f1xx_hal_spi.o
                0x080062a8                HAL_SPI_ErrorCallback
 .text.SPI_DMAAbortOnError
                0x080062ba       0x28 ./Drivers/STM32F1xx_HAL_Driver/Src/stm32f1xx_hal_spi.o
 *fill*         0x080062e2        0x2 
 .text.SPI_WaitFlagStateUntilTimeout
                0x080062e4      0x110 ./Drivers/STM32F1xx_HAL_Driver/Src/stm32f1xx_hal_spi.o
 .text.SPI_EndRxTxTransaction
                0x080063f4       0x62 ./Drivers/STM32F1xx_HAL_Driver/Src/stm32f1xx_hal_spi.o
 .text.HAL_UART_Init
                0x08006456       0xa0 ./Drivers/STM32F1xx_HAL_Driver/Src/stm32f1xx_hal_uart.o
                0x08006456                HAL_UART_Init
 .text.HAL_UART_Transmit
                0x080064f6      0x116 ./Drivers/STM32F1xx_HAL_Driver/Src/stm32f1xx_hal_uart.o
                0x080064f6                HAL_UART_Transmit
 .text.HAL_UART_IRQHandler
                0x0800660c      0x524 ./Drivers/STM32F1xx_HAL_Driver/Src/stm32f1xx_hal_uart.o
                0x0800660c                HAL_UART_IRQHandler
 .text.HAL_UART_TxCpltCallback
                0x08006b30       0x12 ./Drivers/STM32F1xx_HAL_Driver/Src/stm32f1xx_hal_uart.o
                0x08006b30                HAL_UART_TxCpltCallback
 .text.HAL_UART_RxCpltCallback
                0x08006b42       0x12 ./Drivers/STM32F1xx_HAL_Driver/Src/stm32f1xx_hal_uart.o
                0x08006b42                HAL_UART_RxCpltCallback
 .text.HAL_UART_ErrorCallback
                0x08006b54       0x12 ./Drivers/STM32F1xx_HAL_Driver/Src/stm32f1xx_hal_uart.o
                0x08006b54                HAL_UART_ErrorCallback
 .text.HAL_UARTEx_RxEventCallback
                0x08006b66       0x16 ./Drivers/STM32F1xx_HAL_Driver/Src/stm32f1xx_hal_uart.o
                0x08006b66                HAL_UARTEx_RxEventCallback
 .text.UART_WaitOnFlagUntilTimeout
                0x08006b7c       0xb2 ./Drivers/STM32F1xx_HAL_Driver/Src/stm32f1xx_hal_uart.o
 .text.UART_EndRxTransfer
                0x08006c2e       0xc4 ./Drivers/STM32F1xx_HAL_Driver/Src/stm32f1xx_hal_uart.o
 .text.UART_DMAAbortOnError
                0x08006cf2       0x28 ./Drivers/STM32F1xx_HAL_Driver/Src/stm32f1xx_hal_uart.o
 .text.UART_Transmit_IT
                0x08006d1a       0x9e ./Drivers/STM32F1xx_HAL_Driver/Src/stm32f1xx_hal_uart.o
 .text.UART_EndTransmit_IT
                0x08006db8       0x30 ./Drivers/STM32F1xx_HAL_Driver/Src/stm32f1xx_hal_uart.o
 .text.UART_Receive_IT
                0x08006de8      0x17c ./Drivers/STM32F1xx_HAL_Driver/Src/stm32f1xx_hal_uart.o
 .text.UART_SetConfig
                0x08006f64      0x11c ./Drivers/STM32F1xx_HAL_Driver/Src/stm32f1xx_hal_uart.o
 .text.OLED_Init
                0x08007080       0x38 ./oled/Src/oled.o
                0x08007080                OLED_Init
 .text.Oled_WriteCommand
                0x080070b8       0x24 ./oled/Src/oled.o
                0x080070b8                Oled_WriteCommand
 .text.Oled_WriteData
                0x080070dc       0x28 ./oled/Src/oled.o
                0x080070dc                Oled_WriteData
 .text.OLED_Clear
                0x08007104       0x5a ./oled/Src/oled.o
                0x08007104                OLED_Clear
 .text.OLED_Set_Pos
                0x0800715e       0x44 ./oled/Src/oled.o
                0x0800715e                OLED_Set_Pos
 *fill*         0x080071a2        0x2 
 .text.OLED_ShowChar
                0x080071a4      0x160 ./oled/Src/oled.o
                0x080071a4                OLED_ShowChar
 .text.OLED_ShowString
                0x08007304       0x92 ./oled/Src/oled.o
                0x08007304                OLED_ShowString
 *fill*         0x08007396        0x2 
 .text.snprintf
                0x08007398       0x6c F:/STM/STM32CubeIDE_1.16.1/STM32CubeIDE/plugins/com.st.stm32cube.ide.mcu.externaltools.gnu-tools-for-stm32.13.3.rel1.win32_1.0.0.202411081344/tools/bin/../lib/gcc/arm-none-eabi/13.3.1/../../../../arm-none-eabi/lib/thumb/v7-m/nofp\libc_nano.a(libc_a-snprintf.o)
                0x08007398                sniprintf
                0x08007398                snprintf
 .text.memset   0x08007404       0x10 F:/STM/STM32CubeIDE_1.16.1/STM32CubeIDE/plugins/com.st.stm32cube.ide.mcu.externaltools.gnu-tools-for-stm32.13.3.rel1.win32_1.0.0.202411081344/tools/bin/../lib/gcc/arm-none-eabi/13.3.1/../../../../arm-none-eabi/lib/thumb/v7-m/nofp\libc_nano.a(libc_a-memset.o)
                0x08007404                memset
 .text.__errno  0x08007414        0xc F:/STM/STM32CubeIDE_1.16.1/STM32CubeIDE/plugins/com.st.stm32cube.ide.mcu.externaltools.gnu-tools-for-stm32.13.3.rel1.win32_1.0.0.202411081344/tools/bin/../lib/gcc/arm-none-eabi/13.3.1/../../../../arm-none-eabi/lib/thumb/v7-m/nofp\libc_nano.a(libc_a-errno.o)
                0x08007414                __errno
 .text.__libc_init_array
                0x08007420       0x48 F:/STM/STM32CubeIDE_1.16.1/STM32CubeIDE/plugins/com.st.stm32cube.ide.mcu.externaltools.gnu-tools-for-stm32.13.3.rel1.win32_1.0.0.202411081344/tools/bin/../lib/gcc/arm-none-eabi/13.3.1/../../../../arm-none-eabi/lib/thumb/v7-m/nofp\libc_nano.a(libc_a-init.o)
                0x08007420                __libc_init_array
 .text.__retarget_lock_acquire_recursive
                0x08007468        0x2 F:/STM/STM32CubeIDE_1.16.1/STM32CubeIDE/plugins/com.st.stm32cube.ide.mcu.externaltools.gnu-tools-for-stm32.13.3.rel1.win32_1.0.0.202411081344/tools/bin/../lib/gcc/arm-none-eabi/13.3.1/../../../../arm-none-eabi/lib/thumb/v7-m/nofp\libc_nano.a(libc_a-lock.o)
                0x08007468                __retarget_lock_acquire_recursive
 .text.__retarget_lock_release_recursive
                0x0800746a        0x2 F:/STM/STM32CubeIDE_1.16.1/STM32CubeIDE/plugins/com.st.stm32cube.ide.mcu.externaltools.gnu-tools-for-stm32.13.3.rel1.win32_1.0.0.202411081344/tools/bin/../lib/gcc/arm-none-eabi/13.3.1/../../../../arm-none-eabi/lib/thumb/v7-m/nofp\libc_nano.a(libc_a-lock.o)
                0x0800746a                __retarget_lock_release_recursive
 .text._free_r  0x0800746c       0x90 F:/STM/STM32CubeIDE_1.16.1/STM32CubeIDE/plugins/com.st.stm32cube.ide.mcu.externaltools.gnu-tools-for-stm32.13.3.rel1.win32_1.0.0.202411081344/tools/bin/../lib/gcc/arm-none-eabi/13.3.1/../../../../arm-none-eabi/lib/thumb/v7-m/nofp\libc_nano.a(libc_a-freer.o)
                0x0800746c                _free_r
 .text.sbrk_aligned
                0x080074fc       0x44 F:/STM/STM32CubeIDE_1.16.1/STM32CubeIDE/plugins/com.st.stm32cube.ide.mcu.externaltools.gnu-tools-for-stm32.13.3.rel1.win32_1.0.0.202411081344/tools/bin/../lib/gcc/arm-none-eabi/13.3.1/../../../../arm-none-eabi/lib/thumb/v7-m/nofp\libc_nano.a(libc_a-mallocr.o)
 .text._malloc_r
                0x08007540      0x100 F:/STM/STM32CubeIDE_1.16.1/STM32CubeIDE/plugins/com.st.stm32cube.ide.mcu.externaltools.gnu-tools-for-stm32.13.3.rel1.win32_1.0.0.202411081344/tools/bin/../lib/gcc/arm-none-eabi/13.3.1/../../../../arm-none-eabi/lib/thumb/v7-m/nofp\libc_nano.a(libc_a-mallocr.o)
                0x08007540                _malloc_r
 .text.__malloc_lock
                0x08007640        0xc F:/STM/STM32CubeIDE_1.16.1/STM32CubeIDE/plugins/com.st.stm32cube.ide.mcu.externaltools.gnu-tools-for-stm32.13.3.rel1.win32_1.0.0.202411081344/tools/bin/../lib/gcc/arm-none-eabi/13.3.1/../../../../arm-none-eabi/lib/thumb/v7-m/nofp\libc_nano.a(libc_a-mlock.o)
                0x08007640                __malloc_lock
 .text.__malloc_unlock
                0x0800764c        0xc F:/STM/STM32CubeIDE_1.16.1/STM32CubeIDE/plugins/com.st.stm32cube.ide.mcu.externaltools.gnu-tools-for-stm32.13.3.rel1.win32_1.0.0.202411081344/tools/bin/../lib/gcc/arm-none-eabi/13.3.1/../../../../arm-none-eabi/lib/thumb/v7-m/nofp\libc_nano.a(libc_a-mlock.o)
                0x0800764c                __malloc_unlock
 .text.__ssputs_r
                0x08007658       0xb6 F:/STM/STM32CubeIDE_1.16.1/STM32CubeIDE/plugins/com.st.stm32cube.ide.mcu.externaltools.gnu-tools-for-stm32.13.3.rel1.win32_1.0.0.202411081344/tools/bin/../lib/gcc/arm-none-eabi/13.3.1/../../../../arm-none-eabi/lib/thumb/v7-m/nofp\libc_nano.a(libc_a-nano-svfprintf.o)
                0x08007658                __ssputs_r
 *fill*         0x0800770e        0x2 
 .text._svfprintf_r
                0x08007710      0x1f8 F:/STM/STM32CubeIDE_1.16.1/STM32CubeIDE/plugins/com.st.stm32cube.ide.mcu.externaltools.gnu-tools-for-stm32.13.3.rel1.win32_1.0.0.202411081344/tools/bin/../lib/gcc/arm-none-eabi/13.3.1/../../../../arm-none-eabi/lib/thumb/v7-m/nofp\libc_nano.a(libc_a-nano-svfprintf.o)
                0x08007710                _svfiprintf_r
                0x08007710                _svfprintf_r
 .text._printf_common
                0x08007908       0xe4 F:/STM/STM32CubeIDE_1.16.1/STM32CubeIDE/plugins/com.st.stm32cube.ide.mcu.externaltools.gnu-tools-for-stm32.13.3.rel1.win32_1.0.0.202411081344/tools/bin/../lib/gcc/arm-none-eabi/13.3.1/../../../../arm-none-eabi/lib/thumb/v7-m/nofp\libc_nano.a(libc_a-nano-vfprintf_i.o)
                0x08007908                _printf_common
 .text._printf_i
                0x080079ec      0x23c F:/STM/STM32CubeIDE_1.16.1/STM32CubeIDE/plugins/com.st.stm32cube.ide.mcu.externaltools.gnu-tools-for-stm32.13.3.rel1.win32_1.0.0.202411081344/tools/bin/../lib/gcc/arm-none-eabi/13.3.1/../../../../arm-none-eabi/lib/thumb/v7-m/nofp\libc_nano.a(libc_a-nano-vfprintf_i.o)
                0x080079ec                _printf_i
 .text.memmove  0x08007c28       0x34 F:/STM/STM32CubeIDE_1.16.1/STM32CubeIDE/plugins/com.st.stm32cube.ide.mcu.externaltools.gnu-tools-for-stm32.13.3.rel1.win32_1.0.0.202411081344/tools/bin/../lib/gcc/arm-none-eabi/13.3.1/../../../../arm-none-eabi/lib/thumb/v7-m/nofp\libc_nano.a(libc_a-memmove.o)
                0x08007c28                memmove
 .text._sbrk_r  0x08007c5c       0x20 F:/STM/STM32CubeIDE_1.16.1/STM32CubeIDE/plugins/com.st.stm32cube.ide.mcu.externaltools.gnu-tools-for-stm32.13.3.rel1.win32_1.0.0.202411081344/tools/bin/../lib/gcc/arm-none-eabi/13.3.1/../../../../arm-none-eabi/lib/thumb/v7-m/nofp\libc_nano.a(libc_a-sbrkr.o)
                0x08007c5c                _sbrk_r
 .text.memchr   0x08007c7c       0x1c F:/STM/STM32CubeIDE_1.16.1/STM32CubeIDE/plugins/com.st.stm32cube.ide.mcu.externaltools.gnu-tools-for-stm32.13.3.rel1.win32_1.0.0.202411081344/tools/bin/../lib/gcc/arm-none-eabi/13.3.1/../../../../arm-none-eabi/lib/thumb/v7-m/nofp\libc_nano.a(libc_a-memchr-stub.o)
                0x08007c7c                memchr
 .text.memcpy   0x08007c98       0x1c F:/STM/STM32CubeIDE_1.16.1/STM32CubeIDE/plugins/com.st.stm32cube.ide.mcu.externaltools.gnu-tools-for-stm32.13.3.rel1.win32_1.0.0.202411081344/tools/bin/../lib/gcc/arm-none-eabi/13.3.1/../../../../arm-none-eabi/lib/thumb/v7-m/nofp\libc_nano.a(libc_a-memcpy-stub.o)
                0x08007c98                memcpy
 .text._realloc_r
                0x08007cb4       0x5c F:/STM/STM32CubeIDE_1.16.1/STM32CubeIDE/plugins/com.st.stm32cube.ide.mcu.externaltools.gnu-tools-for-stm32.13.3.rel1.win32_1.0.0.202411081344/tools/bin/../lib/gcc/arm-none-eabi/13.3.1/../../../../arm-none-eabi/lib/thumb/v7-m/nofp\libc_nano.a(libc_a-reallocr.o)
                0x08007cb4                _realloc_r
 .text._malloc_usable_size_r
                0x08007d10       0x10 F:/STM/STM32CubeIDE_1.16.1/STM32CubeIDE/plugins/com.st.stm32cube.ide.mcu.externaltools.gnu-tools-for-stm32.13.3.rel1.win32_1.0.0.202411081344/tools/bin/../lib/gcc/arm-none-eabi/13.3.1/../../../../arm-none-eabi/lib/thumb/v7-m/nofp\libc_nano.a(libc_a-msizer.o)
                0x08007d10                _malloc_usable_size_r
 *(.glue_7)
 .glue_7        0x08007d20        0x0 linker stubs
 *(.glue_7t)
 .glue_7t       0x08007d20        0x0 linker stubs
 *(.eh_frame)
 .eh_frame      0x08007d20        0x0 F:/STM/STM32CubeIDE_1.16.1/STM32CubeIDE/plugins/com.st.stm32cube.ide.mcu.externaltools.gnu-tools-for-stm32.13.3.rel1.win32_1.0.0.202411081344/tools/bin/../lib/gcc/arm-none-eabi/13.3.1/thumb/v7-m/nofp/crtbegin.o
 *(.init)
 .init          0x08007d20        0x4 F:/STM/STM32CubeIDE_1.16.1/STM32CubeIDE/plugins/com.st.stm32cube.ide.mcu.externaltools.gnu-tools-for-stm32.13.3.rel1.win32_1.0.0.202411081344/tools/bin/../lib/gcc/arm-none-eabi/13.3.1/thumb/v7-m/nofp/crti.o
                0x08007d20                _init
 .init          0x08007d24        0x8 F:/STM/STM32CubeIDE_1.16.1/STM32CubeIDE/plugins/com.st.stm32cube.ide.mcu.externaltools.gnu-tools-for-stm32.13.3.rel1.win32_1.0.0.202411081344/tools/bin/../lib/gcc/arm-none-eabi/13.3.1/thumb/v7-m/nofp/crtn.o
 *(.fini)
 .fini          0x08007d2c        0x4 F:/STM/STM32CubeIDE_1.16.1/STM32CubeIDE/plugins/com.st.stm32cube.ide.mcu.externaltools.gnu-tools-for-stm32.13.3.rel1.win32_1.0.0.202411081344/tools/bin/../lib/gcc/arm-none-eabi/13.3.1/thumb/v7-m/nofp/crti.o
                0x08007d2c                _fini
 .fini          0x08007d30        0x8 F:/STM/STM32CubeIDE_1.16.1/STM32CubeIDE/plugins/com.st.stm32cube.ide.mcu.externaltools.gnu-tools-for-stm32.13.3.rel1.win32_1.0.0.202411081344/tools/bin/../lib/gcc/arm-none-eabi/13.3.1/thumb/v7-m/nofp/crtn.o
                0x08007d38                        . = ALIGN (0x4)
                0x08007d38                        _etext = .

.vfp11_veneer   0x08007d38        0x0
 .vfp11_veneer  0x08007d38        0x0 linker stubs

.v4_bx          0x08007d38        0x0
 .v4_bx         0x08007d38        0x0 linker stubs

.iplt           0x08007d38        0x0
 .iplt          0x08007d38        0x0 F:/STM/STM32CubeIDE_1.16.1/STM32CubeIDE/plugins/com.st.stm32cube.ide.mcu.externaltools.gnu-tools-for-stm32.13.3.rel1.win32_1.0.0.202411081344/tools/bin/../lib/gcc/arm-none-eabi/13.3.1/thumb/v7-m/nofp/crtbegin.o

.rodata         0x08007d38      0x8bc
                0x08007d38                        . = ALIGN (0x4)
 *(.rodata)
 .rodata        0x08007d38       0x13 ./Core/Src/main.o
 *fill*         0x08007d4b        0x1 
 .rodata        0x08007d4c       0x29 ./Core/Src/nrf24l01.o
 *(.rodata*)
 *fill*         0x08007d75        0x3 
 .rodata.AHBPrescTable
                0x08007d78       0x10 ./Core/Src/system_stm32f1xx.o
                0x08007d78                AHBPrescTable
 .rodata.APBPrescTable
                0x08007d88        0x8 ./Core/Src/system_stm32f1xx.o
                0x08007d88                APBPrescTable
 .rodata.aPLLMULFactorTable.1
                0x08007d90       0x10 ./Drivers/STM32F1xx_HAL_Driver/Src/stm32f1xx_hal_rcc.o
 .rodata.aPredivFactorTable.0
                0x08007da0        0x2 ./Drivers/STM32F1xx_HAL_Driver/Src/stm32f1xx_hal_rcc.o
 *fill*         0x08007da2        0x2 
 .rodata.aPLLMULFactorTable.1
                0x08007da4       0x10 ./Drivers/STM32F1xx_HAL_Driver/Src/stm32f1xx_hal_rcc_ex.o
 .rodata.aPredivFactorTable.0
                0x08007db4        0x2 ./Drivers/STM32F1xx_HAL_Driver/Src/stm32f1xx_hal_rcc_ex.o
 *fill*         0x08007db6        0x2 
 .rodata.F6x8   0x08007db8      0x228 ./oled/Src/oled.o
                0x08007db8                F6x8
 .rodata.F8X16  0x08007fe0      0x5e0 ./oled/Src/oled.o
                0x08007fe0                F8X16
 .rodata._svfprintf_r.str1.1
                0x080085c0       0x33 F:/STM/STM32CubeIDE_1.16.1/STM32CubeIDE/plugins/com.st.stm32cube.ide.mcu.externaltools.gnu-tools-for-stm32.13.3.rel1.win32_1.0.0.202411081344/tools/bin/../lib/gcc/arm-none-eabi/13.3.1/../../../../arm-none-eabi/lib/thumb/v7-m/nofp\libc_nano.a(libc_a-nano-svfprintf.o)
                                 0x11 (size before relaxing)
 .rodata._printf_i.str1.1
                0x080085f3       0x22 F:/STM/STM32CubeIDE_1.16.1/STM32CubeIDE/plugins/com.st.stm32cube.ide.mcu.externaltools.gnu-tools-for-stm32.13.3.rel1.win32_1.0.0.202411081344/tools/bin/../lib/gcc/arm-none-eabi/13.3.1/../../../../arm-none-eabi/lib/thumb/v7-m/nofp\libc_nano.a(libc_a-nano-vfprintf_i.o)
                0x08008618                        . = ALIGN (0x4)
 *fill*         0x080085f3        0x1 

.ARM.extab      0x080085f4        0x0
                0x080085f4                        . = ALIGN (0x4)
 *(.ARM.extab* .gnu.linkonce.armextab.*)
                0x080085f4                        . = ALIGN (0x4)

.ARM            0x080085f4        0x8
                0x080085f4                        . = ALIGN (0x4)
                0x080085f4                        __exidx_start = .
 *(.ARM.exidx*)
 .ARM.exidx     0x080085f4        0x8 F:/STM/STM32CubeIDE_1.16.1/STM32CubeIDE/plugins/com.st.stm32cube.ide.mcu.externaltools.gnu-tools-for-stm32.13.3.rel1.win32_1.0.0.202411081344/tools/bin/../lib/gcc/arm-none-eabi/13.3.1/../../../../arm-none-eabi/lib/thumb/v7-m/nofp\libc_nano.a(libc_a-strlen.o)
                0x080085fc                        __exidx_end = .
                0x080085fc                        . = ALIGN (0x4)

.preinit_array  0x080085fc        0x0
                0x080085fc                        . = ALIGN (0x4)
                0x080085fc                        PROVIDE (__preinit_array_start = .)
 *(.preinit_array*)
                0x080085fc                        PROVIDE (__preinit_array_end = .)
                0x080085fc                        . = ALIGN (0x4)

.init_array     0x080085fc        0x4
                0x080085fc                        . = ALIGN (0x4)
                0x080085fc                        PROVIDE (__init_array_start = .)
 *(SORT_BY_NAME(.init_array.*))
 *(.init_array*)
 .init_array    0x080085fc        0x4 F:/STM/STM32CubeIDE_1.16.1/STM32CubeIDE/plugins/com.st.stm32cube.ide.mcu.externaltools.gnu-tools-for-stm32.13.3.rel1.win32_1.0.0.202411081344/tools/bin/../lib/gcc/arm-none-eabi/13.3.1/thumb/v7-m/nofp/crtbegin.o
                0x08008600                        PROVIDE (__init_array_end = .)
                0x08008600                        . = ALIGN (0x4)

.fini_array     0x08008600        0x4
                0x08008600                        . = ALIGN (0x4)
                [!provide]                        PROVIDE (__fini_array_start = .)
 *(SORT_BY_NAME(.fini_array.*))
 *(.fini_array*)
 .fini_array    0x08008600        0x4 F:/STM/STM32CubeIDE_1.16.1/STM32CubeIDE/plugins/com.st.stm32cube.ide.mcu.externaltools.gnu-tools-for-stm32.13.3.rel1.win32_1.0.0.202411081344/tools/bin/../lib/gcc/arm-none-eabi/13.3.1/thumb/v7-m/nofp/crtbegin.o
                [!provide]                        PROVIDE (__fini_array_end = .)
                0x08008604                        . = ALIGN (0x4)
                0x08008604                        _sidata = LOADADDR (.data)

.rel.dyn        0x08008604        0x0
 .rel.iplt      0x08008604        0x0 F:/STM/STM32CubeIDE_1.16.1/STM32CubeIDE/plugins/com.st.stm32cube.ide.mcu.externaltools.gnu-tools-for-stm32.13.3.rel1.win32_1.0.0.202411081344/tools/bin/../lib/gcc/arm-none-eabi/13.3.1/thumb/v7-m/nofp/crtbegin.o

.data           0x20000000       0x78 load address 0x08008604
                0x20000000                        . = ALIGN (0x4)
                0x20000000                        _sdata = .
 *(.data)
 *(.data*)
 .data.g_ErrorString
                0x20000000        0x4 ./Core/Src/nrf24l01.o
                0x20000000                g_ErrorString
 .data.SystemCoreClock
                0x20000004        0x4 ./Core/Src/system_stm32f1xx.o
                0x20000004                SystemCoreClock
 .data.uwTickPrio
                0x20000008        0x4 ./Drivers/STM32F1xx_HAL_Driver/Src/stm32f1xx_hal.o
                0x20000008                uwTickPrio
 .data.uwTickFreq
                0x2000000c        0x1 ./Drivers/STM32F1xx_HAL_Driver/Src/stm32f1xx_hal.o
                0x2000000c                uwTickFreq
 *fill*         0x2000000d        0x3 
 .data.init_cmds
                0x20000010       0x17 ./oled/Src/oled.o
                0x20000010                init_cmds
 *fill*         0x20000027        0x1 
 .data._impure_ptr
                0x20000028        0x4 F:/STM/STM32CubeIDE_1.16.1/STM32CubeIDE/plugins/com.st.stm32cube.ide.mcu.externaltools.gnu-tools-for-stm32.13.3.rel1.win32_1.0.0.202411081344/tools/bin/../lib/gcc/arm-none-eabi/13.3.1/../../../../arm-none-eabi/lib/thumb/v7-m/nofp\libc_nano.a(libc_a-impure.o)
                0x20000028                _impure_ptr
 .data._impure_data
                0x2000002c       0x4c F:/STM/STM32CubeIDE_1.16.1/STM32CubeIDE/plugins/com.st.stm32cube.ide.mcu.externaltools.gnu-tools-for-stm32.13.3.rel1.win32_1.0.0.202411081344/tools/bin/../lib/gcc/arm-none-eabi/13.3.1/../../../../arm-none-eabi/lib/thumb/v7-m/nofp\libc_nano.a(libc_a-impure.o)
                0x2000002c                _impure_data
 *(.RamFunc)
 *(.RamFunc*)
                0x20000078                        . = ALIGN (0x4)
                0x20000078                        _edata = .

.igot.plt       0x20000078        0x0 load address 0x0800867c
 .igot.plt      0x20000078        0x0 F:/STM/STM32CubeIDE_1.16.1/STM32CubeIDE/plugins/com.st.stm32cube.ide.mcu.externaltools.gnu-tools-for-stm32.13.3.rel1.win32_1.0.0.202411081344/tools/bin/../lib/gcc/arm-none-eabi/13.3.1/thumb/v7-m/nofp/crtbegin.o
                0x20000078                        . = ALIGN (0x4)

.bss            0x20000078      0x498 load address 0x0800867c
                0x20000078                        _sbss = .
                0x20000078                        __bss_start__ = _sbss
 *(.bss)
 .bss           0x20000078       0x1c F:/STM/STM32CubeIDE_1.16.1/STM32CubeIDE/plugins/com.st.stm32cube.ide.mcu.externaltools.gnu-tools-for-stm32.13.3.rel1.win32_1.0.0.202411081344/tools/bin/../lib/gcc/arm-none-eabi/13.3.1/thumb/v7-m/nofp/crtbegin.o
 *(.bss*)
 .bss.hadc1     0x20000094       0x30 ./Core/Src/adc.o
                0x20000094                hadc1
 .bss.hdma_adc1
                0x200000c4       0x44 ./Core/Src/adc.o
                0x200000c4                hdma_adc1
 .bss.hi2c1     0x20000108       0x54 ./Core/Src/i2c.o
                0x20000108                hi2c1
 .bss.hdma_i2c1_rx
                0x2000015c       0x44 ./Core/Src/i2c.o
                0x2000015c                hdma_i2c1_rx
 .bss.hdma_i2c1_tx
                0x200001a0       0x44 ./Core/Src/i2c.o
                0x200001a0                hdma_i2c1_tx
 .bss.tx_buffer
                0x200001e4       0x32 ./Core/Src/main.o
                0x200001e4                tx_buffer
 *fill*         0x20000216        0x2 
 .bss.adc_raw   0x20000218        0x8 ./Core/Src/main.o
                0x20000218                adc_raw
 .bss.filtered_values
                0x20000220        0x8 ./Core/Src/main.o
                0x20000220                filtered_values
 .bss.joystick_filters
                0x20000228       0x48 ./Core/Src/main.o
                0x20000228                joystick_filters
 .bss.i.0       0x20000270        0x1 ./Core/Src/main.o
 *fill*         0x20000271        0x3 
 .bss.hspi1     0x20000274       0x58 ./Core/Src/spi.o
                0x20000274                hspi1
 .bss.hdma_spi1_rx
                0x200002cc       0x44 ./Core/Src/spi.o
                0x200002cc                hdma_spi1_rx
 .bss.hdma_spi1_tx
                0x20000310       0x44 ./Core/Src/spi.o
                0x20000310                hdma_spi1_tx
 .bss.__sbrk_heap_end
                0x20000354        0x4 ./Core/Src/sysmem.o
 .bss.huart1    0x20000358       0x48 ./Core/Src/usart.o
                0x20000358                huart1
 .bss.uwTick    0x200003a0        0x4 ./Drivers/STM32F1xx_HAL_Driver/Src/stm32f1xx_hal.o
                0x200003a0                uwTick
 *fill*         0x200003a4        0x4 
 .bss.pFlash    0x200003a8       0x20 ./Drivers/STM32F1xx_HAL_Driver/Src/stm32f1xx_hal_flash.o
                0x200003a8                pFlash
 .bss.__sf      0x200003c8      0x138 F:/STM/STM32CubeIDE_1.16.1/STM32CubeIDE/plugins/com.st.stm32cube.ide.mcu.externaltools.gnu-tools-for-stm32.13.3.rel1.win32_1.0.0.202411081344/tools/bin/../lib/gcc/arm-none-eabi/13.3.1/../../../../arm-none-eabi/lib/thumb/v7-m/nofp\libc_nano.a(libc_a-findfp.o)
                0x200003c8                __sf
 .bss.errno     0x20000500        0x4 F:/STM/STM32CubeIDE_1.16.1/STM32CubeIDE/plugins/com.st.stm32cube.ide.mcu.externaltools.gnu-tools-for-stm32.13.3.rel1.win32_1.0.0.202411081344/tools/bin/../lib/gcc/arm-none-eabi/13.3.1/../../../../arm-none-eabi/lib/thumb/v7-m/nofp\libc_nano.a(libc_a-reent.o)
                0x20000500                errno
 .bss.__lock___malloc_recursive_mutex
                0x20000504        0x1 F:/STM/STM32CubeIDE_1.16.1/STM32CubeIDE/plugins/com.st.stm32cube.ide.mcu.externaltools.gnu-tools-for-stm32.13.3.rel1.win32_1.0.0.202411081344/tools/bin/../lib/gcc/arm-none-eabi/13.3.1/../../../../arm-none-eabi/lib/thumb/v7-m/nofp\libc_nano.a(libc_a-lock.o)
                0x20000504                __lock___malloc_recursive_mutex
 *fill*         0x20000505        0x3 
 .bss.__malloc_sbrk_start
                0x20000508        0x4 F:/STM/STM32CubeIDE_1.16.1/STM32CubeIDE/plugins/com.st.stm32cube.ide.mcu.externaltools.gnu-tools-for-stm32.13.3.rel1.win32_1.0.0.202411081344/tools/bin/../lib/gcc/arm-none-eabi/13.3.1/../../../../arm-none-eabi/lib/thumb/v7-m/nofp\libc_nano.a(libc_a-mallocr.o)
                0x20000508                __malloc_sbrk_start
 .bss.__malloc_free_list
                0x2000050c        0x4 F:/STM/STM32CubeIDE_1.16.1/STM32CubeIDE/plugins/com.st.stm32cube.ide.mcu.externaltools.gnu-tools-for-stm32.13.3.rel1.win32_1.0.0.202411081344/tools/bin/../lib/gcc/arm-none-eabi/13.3.1/../../../../arm-none-eabi/lib/thumb/v7-m/nofp\libc_nano.a(libc_a-mallocr.o)
                0x2000050c                __malloc_free_list
 *(COMMON)
                0x20000510                        . = ALIGN (0x4)
                0x20000510                        _ebss = .
                0x20000510                        __bss_end__ = _ebss

._user_heap_stack
                0x20000510      0x600 load address 0x0800867c
                0x20000510                        . = ALIGN (0x8)
                [!provide]                        PROVIDE (end = .)
                0x20000510                        PROVIDE (_end = .)
                0x20000710                        . = (. + _Min_Heap_Size)
 *fill*         0x20000510      0x200 
                0x20000b10                        . = (. + _Min_Stack_Size)
 *fill*         0x20000710      0x400 
                0x20000b10                        . = ALIGN (0x8)

/DISCARD/
 libc.a(*)
 libm.a(*)
 libgcc.a(*)

.ARM.attributes
                0x00000000       0x29
 *(.ARM.attributes)
 .ARM.attributes
                0x00000000       0x1d F:/STM/STM32CubeIDE_1.16.1/STM32CubeIDE/plugins/com.st.stm32cube.ide.mcu.externaltools.gnu-tools-for-stm32.13.3.rel1.win32_1.0.0.202411081344/tools/bin/../lib/gcc/arm-none-eabi/13.3.1/thumb/v7-m/nofp/crti.o
 .ARM.attributes
                0x0000001d       0x2d F:/STM/STM32CubeIDE_1.16.1/STM32CubeIDE/plugins/com.st.stm32cube.ide.mcu.externaltools.gnu-tools-for-stm32.13.3.rel1.win32_1.0.0.202411081344/tools/bin/../lib/gcc/arm-none-eabi/13.3.1/thumb/v7-m/nofp/crtbegin.o
 .ARM.attributes
                0x0000004a       0x2d ./Core/Src/adc.o
 .ARM.attributes
                0x00000077       0x2d ./Core/Src/dma.o
 .ARM.attributes
                0x000000a4       0x2d ./Core/Src/gpio.o
 .ARM.attributes
                0x000000d1       0x2d ./Core/Src/i2c.o
 .ARM.attributes
                0x000000fe       0x2d ./Core/Src/main.o
 .ARM.attributes
                0x0000012b       0x2d ./Core/Src/nrf24l01.o
 .ARM.attributes
                0x00000158       0x2d ./Core/Src/spi.o
 .ARM.attributes
                0x00000185       0x2d ./Core/Src/stm32f1xx_hal_msp.o
 .ARM.attributes
                0x000001b2       0x2d ./Core/Src/stm32f1xx_it.o
 .ARM.attributes
                0x000001df       0x2d ./Core/Src/sysmem.o
 .ARM.attributes
                0x0000020c       0x2d ./Core/Src/system_stm32f1xx.o
 .ARM.attributes
                0x00000239       0x2d ./Core/Src/usart.o
 .ARM.attributes
                0x00000266       0x21 ./Core/Startup/startup_stm32f103c8tx.o
 .ARM.attributes
                0x00000287       0x2d ./Drivers/STM32F1xx_HAL_Driver/Src/stm32f1xx_hal.o
 .ARM.attributes
                0x000002b4       0x2d ./Drivers/STM32F1xx_HAL_Driver/Src/stm32f1xx_hal_adc.o
 .ARM.attributes
                0x000002e1       0x2d ./Drivers/STM32F1xx_HAL_Driver/Src/stm32f1xx_hal_adc_ex.o
 .ARM.attributes
                0x0000030e       0x2d ./Drivers/STM32F1xx_HAL_Driver/Src/stm32f1xx_hal_cortex.o
 .ARM.attributes
                0x0000033b       0x2d ./Drivers/STM32F1xx_HAL_Driver/Src/stm32f1xx_hal_dma.o
 .ARM.attributes
                0x00000368       0x2d ./Drivers/STM32F1xx_HAL_Driver/Src/stm32f1xx_hal_flash.o
 .ARM.attributes
                0x00000395       0x2d ./Drivers/STM32F1xx_HAL_Driver/Src/stm32f1xx_hal_flash_ex.o
 .ARM.attributes
                0x000003c2       0x2d ./Drivers/STM32F1xx_HAL_Driver/Src/stm32f1xx_hal_gpio.o
 .ARM.attributes
                0x000003ef       0x2d ./Drivers/STM32F1xx_HAL_Driver/Src/stm32f1xx_hal_i2c.o
 .ARM.attributes
                0x0000041c       0x2d ./Drivers/STM32F1xx_HAL_Driver/Src/stm32f1xx_hal_rcc.o
 .ARM.attributes
                0x00000449       0x2d ./Drivers/STM32F1xx_HAL_Driver/Src/stm32f1xx_hal_rcc_ex.o
 .ARM.attributes
                0x00000476       0x2d ./Drivers/STM32F1xx_HAL_Driver/Src/stm32f1xx_hal_spi.o
 .ARM.attributes
                0x000004a3       0x2d ./Drivers/STM32F1xx_HAL_Driver/Src/stm32f1xx_hal_uart.o
 .ARM.attributes
                0x000004d0       0x2d ./oled/Src/oled.o
 .ARM.attributes
                0x000004fd       0x2d F:/STM/STM32CubeIDE_1.16.1/STM32CubeIDE/plugins/com.st.stm32cube.ide.mcu.externaltools.gnu-tools-for-stm32.13.3.rel1.win32_1.0.0.202411081344/tools/bin/../lib/gcc/arm-none-eabi/13.3.1/../../../../arm-none-eabi/lib/thumb/v7-m/nofp\libc_nano.a(libc_a-findfp.o)
 .ARM.attributes
                0x0000052a       0x2d F:/STM/STM32CubeIDE_1.16.1/STM32CubeIDE/plugins/com.st.stm32cube.ide.mcu.externaltools.gnu-tools-for-stm32.13.3.rel1.win32_1.0.0.202411081344/tools/bin/../lib/gcc/arm-none-eabi/13.3.1/../../../../arm-none-eabi/lib/thumb/v7-m/nofp\libc_nano.a(libc_a-snprintf.o)
 .ARM.attributes
                0x00000557       0x2d F:/STM/STM32CubeIDE_1.16.1/STM32CubeIDE/plugins/com.st.stm32cube.ide.mcu.externaltools.gnu-tools-for-stm32.13.3.rel1.win32_1.0.0.202411081344/tools/bin/../lib/gcc/arm-none-eabi/13.3.1/../../../../arm-none-eabi/lib/thumb/v7-m/nofp\libc_nano.a(libc_a-memset.o)
 .ARM.attributes
                0x00000584       0x2d F:/STM/STM32CubeIDE_1.16.1/STM32CubeIDE/plugins/com.st.stm32cube.ide.mcu.externaltools.gnu-tools-for-stm32.13.3.rel1.win32_1.0.0.202411081344/tools/bin/../lib/gcc/arm-none-eabi/13.3.1/../../../../arm-none-eabi/lib/thumb/v7-m/nofp\libc_nano.a(libc_a-reent.o)
 .ARM.attributes
                0x000005b1       0x2d F:/STM/STM32CubeIDE_1.16.1/STM32CubeIDE/plugins/com.st.stm32cube.ide.mcu.externaltools.gnu-tools-for-stm32.13.3.rel1.win32_1.0.0.202411081344/tools/bin/../lib/gcc/arm-none-eabi/13.3.1/../../../../arm-none-eabi/lib/thumb/v7-m/nofp\libc_nano.a(libc_a-impure.o)
 .ARM.attributes
                0x000005de       0x2d F:/STM/STM32CubeIDE_1.16.1/STM32CubeIDE/plugins/com.st.stm32cube.ide.mcu.externaltools.gnu-tools-for-stm32.13.3.rel1.win32_1.0.0.202411081344/tools/bin/../lib/gcc/arm-none-eabi/13.3.1/../../../../arm-none-eabi/lib/thumb/v7-m/nofp\libc_nano.a(libc_a-errno.o)
 .ARM.attributes
                0x0000060b       0x2d F:/STM/STM32CubeIDE_1.16.1/STM32CubeIDE/plugins/com.st.stm32cube.ide.mcu.externaltools.gnu-tools-for-stm32.13.3.rel1.win32_1.0.0.202411081344/tools/bin/../lib/gcc/arm-none-eabi/13.3.1/../../../../arm-none-eabi/lib/thumb/v7-m/nofp\libc_nano.a(libc_a-init.o)
 .ARM.attributes
                0x00000638       0x2d F:/STM/STM32CubeIDE_1.16.1/STM32CubeIDE/plugins/com.st.stm32cube.ide.mcu.externaltools.gnu-tools-for-stm32.13.3.rel1.win32_1.0.0.202411081344/tools/bin/../lib/gcc/arm-none-eabi/13.3.1/../../../../arm-none-eabi/lib/thumb/v7-m/nofp\libc_nano.a(libc_a-lock.o)
 .ARM.attributes
                0x00000665       0x17 F:/STM/STM32CubeIDE_1.16.1/STM32CubeIDE/plugins/com.st.stm32cube.ide.mcu.externaltools.gnu-tools-for-stm32.13.3.rel1.win32_1.0.0.202411081344/tools/bin/../lib/gcc/arm-none-eabi/13.3.1/../../../../arm-none-eabi/lib/thumb/v7-m/nofp\libc_nano.a(libc_a-strlen.o)
 .ARM.attributes
                0x0000067c       0x2d F:/STM/STM32CubeIDE_1.16.1/STM32CubeIDE/plugins/com.st.stm32cube.ide.mcu.externaltools.gnu-tools-for-stm32.13.3.rel1.win32_1.0.0.202411081344/tools/bin/../lib/gcc/arm-none-eabi/13.3.1/../../../../arm-none-eabi/lib/thumb/v7-m/nofp\libc_nano.a(libc_a-freer.o)
 .ARM.attributes
                0x000006a9       0x2d F:/STM/STM32CubeIDE_1.16.1/STM32CubeIDE/plugins/com.st.stm32cube.ide.mcu.externaltools.gnu-tools-for-stm32.13.3.rel1.win32_1.0.0.202411081344/tools/bin/../lib/gcc/arm-none-eabi/13.3.1/../../../../arm-none-eabi/lib/thumb/v7-m/nofp\libc_nano.a(libc_a-mallocr.o)
 .ARM.attributes
                0x000006d6       0x2d F:/STM/STM32CubeIDE_1.16.1/STM32CubeIDE/plugins/com.st.stm32cube.ide.mcu.externaltools.gnu-tools-for-stm32.13.3.rel1.win32_1.0.0.202411081344/tools/bin/../lib/gcc/arm-none-eabi/13.3.1/../../../../arm-none-eabi/lib/thumb/v7-m/nofp\libc_nano.a(libc_a-mlock.o)
 .ARM.attributes
                0x00000703       0x2d F:/STM/STM32CubeIDE_1.16.1/STM32CubeIDE/plugins/com.st.stm32cube.ide.mcu.externaltools.gnu-tools-for-stm32.13.3.rel1.win32_1.0.0.202411081344/tools/bin/../lib/gcc/arm-none-eabi/13.3.1/../../../../arm-none-eabi/lib/thumb/v7-m/nofp\libc_nano.a(libc_a-nano-svfprintf.o)
 .ARM.attributes
                0x00000730       0x2d F:/STM/STM32CubeIDE_1.16.1/STM32CubeIDE/plugins/com.st.stm32cube.ide.mcu.externaltools.gnu-tools-for-stm32.13.3.rel1.win32_1.0.0.202411081344/tools/bin/../lib/gcc/arm-none-eabi/13.3.1/../../../../arm-none-eabi/lib/thumb/v7-m/nofp\libc_nano.a(libc_a-nano-vfprintf_i.o)
 .ARM.attributes
                0x0000075d       0x2d F:/STM/STM32CubeIDE_1.16.1/STM32CubeIDE/plugins/com.st.stm32cube.ide.mcu.externaltools.gnu-tools-for-stm32.13.3.rel1.win32_1.0.0.202411081344/tools/bin/../lib/gcc/arm-none-eabi/13.3.1/../../../../arm-none-eabi/lib/thumb/v7-m/nofp\libc_nano.a(libc_a-memmove.o)
 .ARM.attributes
                0x0000078a       0x2d F:/STM/STM32CubeIDE_1.16.1/STM32CubeIDE/plugins/com.st.stm32cube.ide.mcu.externaltools.gnu-tools-for-stm32.13.3.rel1.win32_1.0.0.202411081344/tools/bin/../lib/gcc/arm-none-eabi/13.3.1/../../../../arm-none-eabi/lib/thumb/v7-m/nofp\libc_nano.a(libc_a-sbrkr.o)
 .ARM.attributes
                0x000007b7       0x2d F:/STM/STM32CubeIDE_1.16.1/STM32CubeIDE/plugins/com.st.stm32cube.ide.mcu.externaltools.gnu-tools-for-stm32.13.3.rel1.win32_1.0.0.202411081344/tools/bin/../lib/gcc/arm-none-eabi/13.3.1/../../../../arm-none-eabi/lib/thumb/v7-m/nofp\libc_nano.a(libc_a-memchr-stub.o)
 .ARM.attributes
                0x000007e4       0x2d F:/STM/STM32CubeIDE_1.16.1/STM32CubeIDE/plugins/com.st.stm32cube.ide.mcu.externaltools.gnu-tools-for-stm32.13.3.rel1.win32_1.0.0.202411081344/tools/bin/../lib/gcc/arm-none-eabi/13.3.1/../../../../arm-none-eabi/lib/thumb/v7-m/nofp\libc_nano.a(libc_a-memcpy-stub.o)
 .ARM.attributes
                0x00000811       0x2d F:/STM/STM32CubeIDE_1.16.1/STM32CubeIDE/plugins/com.st.stm32cube.ide.mcu.externaltools.gnu-tools-for-stm32.13.3.rel1.win32_1.0.0.202411081344/tools/bin/../lib/gcc/arm-none-eabi/13.3.1/../../../../arm-none-eabi/lib/thumb/v7-m/nofp\libc_nano.a(libc_a-reallocr.o)
 .ARM.attributes
                0x0000083e       0x2d F:/STM/STM32CubeIDE_1.16.1/STM32CubeIDE/plugins/com.st.stm32cube.ide.mcu.externaltools.gnu-tools-for-stm32.13.3.rel1.win32_1.0.0.202411081344/tools/bin/../lib/gcc/arm-none-eabi/13.3.1/../../../../arm-none-eabi/lib/thumb/v7-m/nofp\libc_nano.a(libc_a-msizer.o)
 .ARM.attributes
                0x0000086b       0x1d F:/STM/STM32CubeIDE_1.16.1/STM32CubeIDE/plugins/com.st.stm32cube.ide.mcu.externaltools.gnu-tools-for-stm32.13.3.rel1.win32_1.0.0.202411081344/tools/bin/../lib/gcc/arm-none-eabi/13.3.1/thumb/v7-m/nofp/crtn.o
OUTPUT(remode.elf elf32-littlearm)
LOAD linker stubs
LOAD F:/STM/STM32CubeIDE_1.16.1/STM32CubeIDE/plugins/com.st.stm32cube.ide.mcu.externaltools.gnu-tools-for-stm32.13.3.rel1.win32_1.0.0.202411081344/tools/bin/../lib/gcc/arm-none-eabi/13.3.1/../../../../arm-none-eabi/lib/thumb/v7-m/nofp\libc.a
LOAD F:/STM/STM32CubeIDE_1.16.1/STM32CubeIDE/plugins/com.st.stm32cube.ide.mcu.externaltools.gnu-tools-for-stm32.13.3.rel1.win32_1.0.0.202411081344/tools/bin/../lib/gcc/arm-none-eabi/13.3.1/../../../../arm-none-eabi/lib/thumb/v7-m/nofp\libm.a
LOAD F:/STM/STM32CubeIDE_1.16.1/STM32CubeIDE/plugins/com.st.stm32cube.ide.mcu.externaltools.gnu-tools-for-stm32.13.3.rel1.win32_1.0.0.202411081344/tools/bin/../lib/gcc/arm-none-eabi/13.3.1/thumb/v7-m/nofp\libgcc.a

.debug_info     0x00000000    0x11d6d
 .debug_info    0x00000000      0x98e ./Core/Src/adc.o
 .debug_info    0x0000098e      0x2cf ./Core/Src/dma.o
 .debug_info    0x00000c5d      0x2d3 ./Core/Src/gpio.o
 .debug_info    0x00000f30      0xb04 ./Core/Src/i2c.o
 .debug_info    0x00001a34      0xb46 ./Core/Src/main.o
 .debug_info    0x0000257a      0xf04 ./Core/Src/nrf24l01.o
 .debug_info    0x0000347e      0x999 ./Core/Src/spi.o
 .debug_info    0x00003e17      0x370 ./Core/Src/stm32f1xx_hal_msp.o
 .debug_info    0x00004187      0xe6a ./Core/Src/stm32f1xx_it.o
 .debug_info    0x00004ff1      0x168 ./Core/Src/sysmem.o
 .debug_info    0x00005159      0x222 ./Core/Src/system_stm32f1xx.o
 .debug_info    0x0000537b      0x92a ./Core/Src/usart.o
 .debug_info    0x00005ca5       0x30 ./Core/Startup/startup_stm32f103c8tx.o
 .debug_info    0x00005cd5      0x704 ./Drivers/STM32F1xx_HAL_Driver/Src/stm32f1xx_hal.o
 .debug_info    0x000063d9      0xc50 ./Drivers/STM32F1xx_HAL_Driver/Src/stm32f1xx_hal_adc.o
 .debug_info    0x00007029      0xa10 ./Drivers/STM32F1xx_HAL_Driver/Src/stm32f1xx_hal_adc_ex.o
 .debug_info    0x00007a39      0xa87 ./Drivers/STM32F1xx_HAL_Driver/Src/stm32f1xx_hal_cortex.o
 .debug_info    0x000084c0      0x6d2 ./Drivers/STM32F1xx_HAL_Driver/Src/stm32f1xx_hal_dma.o
 .debug_info    0x00008b92      0x4f8 ./Drivers/STM32F1xx_HAL_Driver/Src/stm32f1xx_hal_flash.o
 .debug_info    0x0000908a      0x777 ./Drivers/STM32F1xx_HAL_Driver/Src/stm32f1xx_hal_flash_ex.o
 .debug_info    0x00009801      0x5ab ./Drivers/STM32F1xx_HAL_Driver/Src/stm32f1xx_hal_gpio.o
 .debug_info    0x00009dac     0x2524 ./Drivers/STM32F1xx_HAL_Driver/Src/stm32f1xx_hal_i2c.o
 .debug_info    0x0000c2d0      0x7d5 ./Drivers/STM32F1xx_HAL_Driver/Src/stm32f1xx_hal_rcc.o
 .debug_info    0x0000caa5      0x3c0 ./Drivers/STM32F1xx_HAL_Driver/Src/stm32f1xx_hal_rcc_ex.o
 .debug_info    0x0000ce65     0x142d ./Drivers/STM32F1xx_HAL_Driver/Src/stm32f1xx_hal_spi.o
 .debug_info    0x0000e292     0x2eed ./Drivers/STM32F1xx_HAL_Driver/Src/stm32f1xx_hal_uart.o
 .debug_info    0x0001117f      0xbee ./oled/Src/oled.o

.debug_abbrev   0x00000000     0x35e8
 .debug_abbrev  0x00000000      0x211 ./Core/Src/adc.o
 .debug_abbrev  0x00000211       0xfc ./Core/Src/dma.o
 .debug_abbrev  0x0000030d      0x13f ./Core/Src/gpio.o
 .debug_abbrev  0x0000044c      0x23e ./Core/Src/i2c.o
 .debug_abbrev  0x0000068a      0x298 ./Core/Src/main.o
 .debug_abbrev  0x00000922      0x31b ./Core/Src/nrf24l01.o
 .debug_abbrev  0x00000c3d      0x21c ./Core/Src/spi.o
 .debug_abbrev  0x00000e59      0x11e ./Core/Src/stm32f1xx_hal_msp.o
 .debug_abbrev  0x00000f77      0x1a2 ./Core/Src/stm32f1xx_it.o
 .debug_abbrev  0x00001119       0xbc ./Core/Src/sysmem.o
 .debug_abbrev  0x000011d5      0x13f ./Core/Src/system_stm32f1xx.o
 .debug_abbrev  0x00001314      0x205 ./Core/Src/usart.o
 .debug_abbrev  0x00001519       0x24 ./Core/Startup/startup_stm32f103c8tx.o
 .debug_abbrev  0x0000153d      0x201 ./Drivers/STM32F1xx_HAL_Driver/Src/stm32f1xx_hal.o
 .debug_abbrev  0x0000173e      0x225 ./Drivers/STM32F1xx_HAL_Driver/Src/stm32f1xx_hal_adc.o
 .debug_abbrev  0x00001963      0x249 ./Drivers/STM32F1xx_HAL_Driver/Src/stm32f1xx_hal_adc_ex.o
 .debug_abbrev  0x00001bac      0x2f8 ./Drivers/STM32F1xx_HAL_Driver/Src/stm32f1xx_hal_cortex.o
 .debug_abbrev  0x00001ea4      0x20b ./Drivers/STM32F1xx_HAL_Driver/Src/stm32f1xx_hal_dma.o
 .debug_abbrev  0x000020af      0x250 ./Drivers/STM32F1xx_HAL_Driver/Src/stm32f1xx_hal_flash.o
 .debug_abbrev  0x000022ff      0x247 ./Drivers/STM32F1xx_HAL_Driver/Src/stm32f1xx_hal_flash_ex.o
 .debug_abbrev  0x00002546      0x1ca ./Drivers/STM32F1xx_HAL_Driver/Src/stm32f1xx_hal_gpio.o
 .debug_abbrev  0x00002710      0x2a3 ./Drivers/STM32F1xx_HAL_Driver/Src/stm32f1xx_hal_i2c.o
 .debug_abbrev  0x000029b3      0x2b3 ./Drivers/STM32F1xx_HAL_Driver/Src/stm32f1xx_hal_rcc.o
 .debug_abbrev  0x00002c66      0x188 ./Drivers/STM32F1xx_HAL_Driver/Src/stm32f1xx_hal_rcc_ex.o
 .debug_abbrev  0x00002dee      0x27a ./Drivers/STM32F1xx_HAL_Driver/Src/stm32f1xx_hal_spi.o
 .debug_abbrev  0x00003068      0x2f8 ./Drivers/STM32F1xx_HAL_Driver/Src/stm32f1xx_hal_uart.o
 .debug_abbrev  0x00003360      0x288 ./oled/Src/oled.o

.debug_aranges  0x00000000     0x10d0
 .debug_aranges
                0x00000000       0x30 ./Core/Src/adc.o
 .debug_aranges
                0x00000030       0x20 ./Core/Src/dma.o
 .debug_aranges
                0x00000050       0x20 ./Core/Src/gpio.o
 .debug_aranges
                0x00000070       0x40 ./Core/Src/i2c.o
 .debug_aranges
                0x000000b0       0x38 ./Core/Src/main.o
 .debug_aranges
                0x000000e8       0xf8 ./Core/Src/nrf24l01.o
 .debug_aranges
                0x000001e0       0x30 ./Core/Src/spi.o
 .debug_aranges
                0x00000210       0x20 ./Core/Src/stm32f1xx_hal_msp.o
 .debug_aranges
                0x00000230       0xc0 ./Core/Src/stm32f1xx_it.o
 .debug_aranges
                0x000002f0       0x20 ./Core/Src/sysmem.o
 .debug_aranges
                0x00000310       0x28 ./Core/Src/system_stm32f1xx.o
 .debug_aranges
                0x00000338       0x30 ./Core/Src/usart.o
 .debug_aranges
                0x00000368       0x28 ./Core/Startup/startup_stm32f103c8tx.o
 .debug_aranges
                0x00000390       0xe0 ./Drivers/STM32F1xx_HAL_Driver/Src/stm32f1xx_hal.o
 .debug_aranges
                0x00000470       0xf0 ./Drivers/STM32F1xx_HAL_Driver/Src/stm32f1xx_hal_adc.o
 .debug_aranges
                0x00000560       0x80 ./Drivers/STM32F1xx_HAL_Driver/Src/stm32f1xx_hal_adc_ex.o
 .debug_aranges
                0x000005e0      0x100 ./Drivers/STM32F1xx_HAL_Driver/Src/stm32f1xx_hal_cortex.o
 .debug_aranges
                0x000006e0       0x80 ./Drivers/STM32F1xx_HAL_Driver/Src/stm32f1xx_hal_dma.o
 .debug_aranges
                0x00000760       0x88 ./Drivers/STM32F1xx_HAL_Driver/Src/stm32f1xx_hal_flash.o
 .debug_aranges
                0x000007e8       0x98 ./Drivers/STM32F1xx_HAL_Driver/Src/stm32f1xx_hal_flash_ex.o
 .debug_aranges
                0x00000880       0x58 ./Drivers/STM32F1xx_HAL_Driver/Src/stm32f1xx_hal_gpio.o
 .debug_aranges
                0x000008d8      0x2a8 ./Drivers/STM32F1xx_HAL_Driver/Src/stm32f1xx_hal_i2c.o
 .debug_aranges
                0x00000b80       0x90 ./Drivers/STM32F1xx_HAL_Driver/Src/stm32f1xx_hal_rcc.o
 .debug_aranges
                0x00000c10       0x30 ./Drivers/STM32F1xx_HAL_Driver/Src/stm32f1xx_hal_rcc_ex.o
 .debug_aranges
                0x00000c40      0x1d0 ./Drivers/STM32F1xx_HAL_Driver/Src/stm32f1xx_hal_spi.o
 .debug_aranges
                0x00000e10      0x208 ./Drivers/STM32F1xx_HAL_Driver/Src/stm32f1xx_hal_uart.o
 .debug_aranges
                0x00001018       0xb8 ./oled/Src/oled.o

.debug_rnglists
                0x00000000      0xcf4
 .debug_rnglists
                0x00000000       0x21 ./Core/Src/adc.o
 .debug_rnglists
                0x00000021       0x13 ./Core/Src/dma.o
 .debug_rnglists
                0x00000034       0x14 ./Core/Src/gpio.o
 .debug_rnglists
                0x00000048       0x2d ./Core/Src/i2c.o
 .debug_rnglists
                0x00000075       0x28 ./Core/Src/main.o
 .debug_rnglists
                0x0000009d       0xb9 ./Core/Src/nrf24l01.o
 .debug_rnglists
                0x00000156       0x20 ./Core/Src/spi.o
 .debug_rnglists
                0x00000176       0x14 ./Core/Src/stm32f1xx_hal_msp.o
 .debug_rnglists
                0x0000018a       0x8b ./Core/Src/stm32f1xx_it.o
 .debug_rnglists
                0x00000215       0x13 ./Core/Src/sysmem.o
 .debug_rnglists
                0x00000228       0x1a ./Core/Src/system_stm32f1xx.o
 .debug_rnglists
                0x00000242       0x20 ./Core/Src/usart.o
 .debug_rnglists
                0x00000262       0x19 ./Core/Startup/startup_stm32f103c8tx.o
 .debug_rnglists
                0x0000027b       0xa3 ./Drivers/STM32F1xx_HAL_Driver/Src/stm32f1xx_hal.o
 .debug_rnglists
                0x0000031e       0xbc ./Drivers/STM32F1xx_HAL_Driver/Src/stm32f1xx_hal_adc.o
 .debug_rnglists
                0x000003da       0x65 ./Drivers/STM32F1xx_HAL_Driver/Src/stm32f1xx_hal_adc_ex.o
 .debug_rnglists
                0x0000043f       0xbb ./Drivers/STM32F1xx_HAL_Driver/Src/stm32f1xx_hal_cortex.o
 .debug_rnglists
                0x000004fa       0x64 ./Drivers/STM32F1xx_HAL_Driver/Src/stm32f1xx_hal_dma.o
 .debug_rnglists
                0x0000055e       0x66 ./Drivers/STM32F1xx_HAL_Driver/Src/stm32f1xx_hal_flash.o
 .debug_rnglists
                0x000005c4       0x73 ./Drivers/STM32F1xx_HAL_Driver/Src/stm32f1xx_hal_flash_ex.o
 .debug_rnglists
                0x00000637       0x3f ./Drivers/STM32F1xx_HAL_Driver/Src/stm32f1xx_hal_gpio.o
 .debug_rnglists
                0x00000676      0x23c ./Drivers/STM32F1xx_HAL_Driver/Src/stm32f1xx_hal_i2c.o
 .debug_rnglists
                0x000008b2       0x6c ./Drivers/STM32F1xx_HAL_Driver/Src/stm32f1xx_hal_rcc.o
 .debug_rnglists
                0x0000091e       0x21 ./Drivers/STM32F1xx_HAL_Driver/Src/stm32f1xx_hal_rcc_ex.o
 .debug_rnglists
                0x0000093f      0x16e ./Drivers/STM32F1xx_HAL_Driver/Src/stm32f1xx_hal_spi.o
 .debug_rnglists
                0x00000aad      0x1bc ./Drivers/STM32F1xx_HAL_Driver/Src/stm32f1xx_hal_uart.o
 .debug_rnglists
                0x00000c69       0x8b ./oled/Src/oled.o

.debug_macro    0x00000000    0x19a3c
 .debug_macro   0x00000000      0x1cf ./Core/Src/adc.o
 .debug_macro   0x000001cf      0xacc ./Core/Src/adc.o
 .debug_macro   0x00000c9b      0x22d ./Core/Src/adc.o
 .debug_macro   0x00000ec8       0x2e ./Core/Src/adc.o
 .debug_macro   0x00000ef6       0x22 ./Core/Src/adc.o
 .debug_macro   0x00000f18       0x22 ./Core/Src/adc.o
 .debug_macro   0x00000f3a       0x8e ./Core/Src/adc.o
 .debug_macro   0x00000fc8       0x51 ./Core/Src/adc.o
 .debug_macro   0x00001019      0x103 ./Core/Src/adc.o
 .debug_macro   0x0000111c       0x6a ./Core/Src/adc.o
 .debug_macro   0x00001186      0x1df ./Core/Src/adc.o
 .debug_macro   0x00001365       0x1c ./Core/Src/adc.o
 .debug_macro   0x00001381       0x22 ./Core/Src/adc.o
 .debug_macro   0x000013a3       0xbd ./Core/Src/adc.o
 .debug_macro   0x00001460      0xd23 ./Core/Src/adc.o
 .debug_macro   0x00002183     0xe09e ./Core/Src/adc.o
 .debug_macro   0x00010221       0x6d ./Core/Src/adc.o
 .debug_macro   0x0001028e     0x34a2 ./Core/Src/adc.o
 .debug_macro   0x00013730      0x190 ./Core/Src/adc.o
 .debug_macro   0x000138c0       0x5c ./Core/Src/adc.o
 .debug_macro   0x0001391c      0x5bc ./Core/Src/adc.o
 .debug_macro   0x00013ed8      0x289 ./Core/Src/adc.o
 .debug_macro   0x00014161      0x1cb ./Core/Src/adc.o
 .debug_macro   0x0001432c      0x114 ./Core/Src/adc.o
 .debug_macro   0x00014440      0x1b2 ./Core/Src/adc.o
 .debug_macro   0x000145f2       0x27 ./Core/Src/adc.o
 .debug_macro   0x00014619      0x136 ./Core/Src/adc.o
 .debug_macro   0x0001474f      0x1bc ./Core/Src/adc.o
 .debug_macro   0x0001490b       0x34 ./Core/Src/adc.o
 .debug_macro   0x0001493f       0x3c ./Core/Src/adc.o
 .debug_macro   0x0001497b       0x57 ./Core/Src/adc.o
 .debug_macro   0x000149d2      0x46a ./Core/Src/adc.o
 .debug_macro   0x00014e3c      0x1b5 ./Core/Src/adc.o
 .debug_macro   0x00014ff1       0x87 ./Core/Src/adc.o
 .debug_macro   0x00015078      0x240 ./Core/Src/adc.o
 .debug_macro   0x000152b8      0x287 ./Core/Src/adc.o
 .debug_macro   0x0001553f      0x140 ./Core/Src/adc.o
 .debug_macro   0x0001567f      0x217 ./Core/Src/adc.o
 .debug_macro   0x00015896      0x28e ./Core/Src/adc.o
 .debug_macro   0x00015b24       0x83 ./Core/Src/adc.o
 .debug_macro   0x00015ba7       0x40 ./Core/Src/adc.o
 .debug_macro   0x00015be7      0x1cf ./Core/Src/dma.o
 .debug_macro   0x00015db6      0x1cf ./Core/Src/gpio.o
 .debug_macro   0x00015f85      0x2cb ./Core/Src/i2c.o
 .debug_macro   0x00016250       0x24 ./Core/Src/i2c.o
 .debug_macro   0x00016274       0x61 ./Core/Src/i2c.o
 .debug_macro   0x000162d5       0x43 ./Core/Src/i2c.o
 .debug_macro   0x00016318       0x34 ./Core/Src/i2c.o
 .debug_macro   0x0001634c       0x16 ./Core/Src/i2c.o
 .debug_macro   0x00016362       0x3c ./Core/Src/i2c.o
 .debug_macro   0x0001639e      0x370 ./Core/Src/i2c.o
 .debug_macro   0x0001670e       0x16 ./Core/Src/i2c.o
 .debug_macro   0x00016724       0x4a ./Core/Src/i2c.o
 .debug_macro   0x0001676e       0x34 ./Core/Src/i2c.o
 .debug_macro   0x000167a2       0x10 ./Core/Src/i2c.o
 .debug_macro   0x000167b2       0x58 ./Core/Src/i2c.o
 .debug_macro   0x0001680a       0x8e ./Core/Src/i2c.o
 .debug_macro   0x00016898       0x1c ./Core/Src/i2c.o
 .debug_macro   0x000168b4      0x185 ./Core/Src/i2c.o
 .debug_macro   0x00016a39       0x16 ./Core/Src/i2c.o
 .debug_macro   0x00016a4f       0x29 ./Core/Src/i2c.o
 .debug_macro   0x00016a78       0x16 ./Core/Src/i2c.o
 .debug_macro   0x00016a8e       0x20 ./Core/Src/i2c.o
 .debug_macro   0x00016aae      0x37e ./Core/Src/main.o
 .debug_macro   0x00016e2c       0x16 ./Core/Src/main.o
 .debug_macro   0x00016e42       0x10 ./Core/Src/main.o
 .debug_macro   0x00016e52       0x16 ./Core/Src/main.o
 .debug_macro   0x00016e68       0x16 ./Core/Src/main.o
 .debug_macro   0x00016e7e      0x146 ./Core/Src/main.o
 .debug_macro   0x00016fc4      0x2e0 ./Core/Src/main.o
 .debug_macro   0x000172a4      0x1f2 ./Core/Src/nrf24l01.o
 .debug_macro   0x00017496      0x1cf ./Core/Src/spi.o
 .debug_macro   0x00017665      0x1c5 ./Core/Src/stm32f1xx_hal_msp.o
 .debug_macro   0x0001782a      0x1cf ./Core/Src/stm32f1xx_it.o
 .debug_macro   0x000179f9      0x112 ./Core/Src/sysmem.o
 .debug_macro   0x00017b0b      0x23c ./Core/Src/sysmem.o
 .debug_macro   0x00017d47      0x1b6 ./Core/Src/system_stm32f1xx.o
 .debug_macro   0x00017efd      0x1cf ./Core/Src/usart.o
 .debug_macro   0x000180cc      0x1da ./Drivers/STM32F1xx_HAL_Driver/Src/stm32f1xx_hal.o
 .debug_macro   0x000182a6      0x1d3 ./Drivers/STM32F1xx_HAL_Driver/Src/stm32f1xx_hal_adc.o
 .debug_macro   0x00018479      0x1c8 ./Drivers/STM32F1xx_HAL_Driver/Src/stm32f1xx_hal_adc_ex.o
 .debug_macro   0x00018641      0x1b6 ./Drivers/STM32F1xx_HAL_Driver/Src/stm32f1xx_hal_cortex.o
 .debug_macro   0x000187f7      0x1b6 ./Drivers/STM32F1xx_HAL_Driver/Src/stm32f1xx_hal_dma.o
 .debug_macro   0x000189ad      0x1b6 ./Drivers/STM32F1xx_HAL_Driver/Src/stm32f1xx_hal_flash.o
 .debug_macro   0x00018b63      0x1c8 ./Drivers/STM32F1xx_HAL_Driver/Src/stm32f1xx_hal_flash_ex.o
 .debug_macro   0x00018d2b      0x221 ./Drivers/STM32F1xx_HAL_Driver/Src/stm32f1xx_hal_gpio.o
 .debug_macro   0x00018f4c      0x204 ./Drivers/STM32F1xx_HAL_Driver/Src/stm32f1xx_hal_i2c.o
 .debug_macro   0x00019150      0x1c8 ./Drivers/STM32F1xx_HAL_Driver/Src/stm32f1xx_hal_rcc.o
 .debug_macro   0x00019318      0x1b6 ./Drivers/STM32F1xx_HAL_Driver/Src/stm32f1xx_hal_rcc_ex.o
 .debug_macro   0x000194ce      0x1be ./Drivers/STM32F1xx_HAL_Driver/Src/stm32f1xx_hal_spi.o
 .debug_macro   0x0001968c      0x1b7 ./Drivers/STM32F1xx_HAL_Driver/Src/stm32f1xx_hal_uart.o
 .debug_macro   0x00019843      0x1f9 ./oled/Src/oled.o

.debug_line     0x00000000    0x167d4
 .debug_line    0x00000000      0x832 ./Core/Src/adc.o
 .debug_line    0x00000832      0x732 ./Core/Src/dma.o
 .debug_line    0x00000f64      0x778 ./Core/Src/gpio.o
 .debug_line    0x000016dc      0x9d2 ./Core/Src/i2c.o
 .debug_line    0x000020ae      0xac0 ./Core/Src/main.o
 .debug_line    0x00002b6e      0xc1c ./Core/Src/nrf24l01.o
 .debug_line    0x0000378a      0x7fc ./Core/Src/spi.o
 .debug_line    0x00003f86      0x733 ./Core/Src/stm32f1xx_hal_msp.o
 .debug_line    0x000046b9      0x8f8 ./Core/Src/stm32f1xx_it.o
 .debug_line    0x00004fb1      0x58d ./Core/Src/sysmem.o
 .debug_line    0x0000553e      0x7ad ./Core/Src/system_stm32f1xx.o
 .debug_line    0x00005ceb      0x7a5 ./Core/Src/usart.o
 .debug_line    0x00006490       0x78 ./Core/Startup/startup_stm32f103c8tx.o
 .debug_line    0x00006508      0x9de ./Drivers/STM32F1xx_HAL_Driver/Src/stm32f1xx_hal.o
 .debug_line    0x00006ee6     0x1003 ./Drivers/STM32F1xx_HAL_Driver/Src/stm32f1xx_hal_adc.o
 .debug_line    0x00007ee9      0xd25 ./Drivers/STM32F1xx_HAL_Driver/Src/stm32f1xx_hal_adc_ex.o
 .debug_line    0x00008c0e      0xba8 ./Drivers/STM32F1xx_HAL_Driver/Src/stm32f1xx_hal_cortex.o
 .debug_line    0x000097b6      0xde8 ./Drivers/STM32F1xx_HAL_Driver/Src/stm32f1xx_hal_dma.o
 .debug_line    0x0000a59e      0xa92 ./Drivers/STM32F1xx_HAL_Driver/Src/stm32f1xx_hal_flash.o
 .debug_line    0x0000b030      0xba5 ./Drivers/STM32F1xx_HAL_Driver/Src/stm32f1xx_hal_flash_ex.o
 .debug_line    0x0000bbd5      0xa3b ./Drivers/STM32F1xx_HAL_Driver/Src/stm32f1xx_hal_gpio.o
 .debug_line    0x0000c610     0x3bdb ./Drivers/STM32F1xx_HAL_Driver/Src/stm32f1xx_hal_i2c.o
 .debug_line    0x000101eb      0xe97 ./Drivers/STM32F1xx_HAL_Driver/Src/stm32f1xx_hal_rcc.o
 .debug_line    0x00011082      0x948 ./Drivers/STM32F1xx_HAL_Driver/Src/stm32f1xx_hal_rcc_ex.o
 .debug_line    0x000119ca     0x1c75 ./Drivers/STM32F1xx_HAL_Driver/Src/stm32f1xx_hal_spi.o
 .debug_line    0x0001363f     0x24fa ./Drivers/STM32F1xx_HAL_Driver/Src/stm32f1xx_hal_uart.o
 .debug_line    0x00015b39      0xc9b ./oled/Src/oled.o

.debug_str      0x00000000    0x8cf17
 .debug_str     0x00000000    0x8cf17 ./Core/Src/adc.o
                              0x8499d (size before relaxing)
 .debug_str     0x0008cf17    0x84515 ./Core/Src/dma.o
 .debug_str     0x0008cf17    0x842b7 ./Core/Src/gpio.o
 .debug_str     0x0008cf17    0x87e11 ./Core/Src/i2c.o
 .debug_str     0x0008cf17    0x88af2 ./Core/Src/main.o
 .debug_str     0x0008cf17    0x85452 ./Core/Src/nrf24l01.o
 .debug_str     0x0008cf17    0x84a19 ./Core/Src/spi.o
 .debug_str     0x0008cf17    0x84546 ./Core/Src/stm32f1xx_hal_msp.o
 .debug_str     0x0008cf17    0x84d60 ./Core/Src/stm32f1xx_it.o
 .debug_str     0x0008cf17     0x771f ./Core/Src/sysmem.o
 .debug_str     0x0008cf17    0x8417b ./Core/Src/system_stm32f1xx.o
 .debug_str     0x0008cf17    0x84a1a ./Core/Src/usart.o
 .debug_str     0x0008cf17       0x79 ./Core/Startup/startup_stm32f103c8tx.o
 .debug_str     0x0008cf17    0x848ae ./Drivers/STM32F1xx_HAL_Driver/Src/stm32f1xx_hal.o
 .debug_str     0x0008cf17    0x8485f ./Drivers/STM32F1xx_HAL_Driver/Src/stm32f1xx_hal_adc.o
 .debug_str     0x0008cf17    0x8482f ./Drivers/STM32F1xx_HAL_Driver/Src/stm32f1xx_hal_adc_ex.o
 .debug_str     0x0008cf17    0x847fa ./Drivers/STM32F1xx_HAL_Driver/Src/stm32f1xx_hal_cortex.o
 .debug_str     0x0008cf17    0x84524 ./Drivers/STM32F1xx_HAL_Driver/Src/stm32f1xx_hal_dma.o
 .debug_str     0x0008cf17    0x84456 ./Drivers/STM32F1xx_HAL_Driver/Src/stm32f1xx_hal_flash.o
 .debug_str     0x0008cf17    0x84604 ./Drivers/STM32F1xx_HAL_Driver/Src/stm32f1xx_hal_flash_ex.o
 .debug_str     0x0008cf17    0x84501 ./Drivers/STM32F1xx_HAL_Driver/Src/stm32f1xx_hal_gpio.o
 .debug_str     0x0008cf17    0x85242 ./Drivers/STM32F1xx_HAL_Driver/Src/stm32f1xx_hal_i2c.o
 .debug_str     0x0008cf17    0x845aa ./Drivers/STM32F1xx_HAL_Driver/Src/stm32f1xx_hal_rcc.o
 .debug_str     0x0008cf17    0x842fa ./Drivers/STM32F1xx_HAL_Driver/Src/stm32f1xx_hal_rcc_ex.o
 .debug_str     0x0008cf17    0x84aa1 ./Drivers/STM32F1xx_HAL_Driver/Src/stm32f1xx_hal_spi.o
 .debug_str     0x0008cf17    0x84c1b ./Drivers/STM32F1xx_HAL_Driver/Src/stm32f1xx_hal_uart.o
 .debug_str     0x0008cf17    0x8487f ./oled/Src/oled.o

.comment        0x00000000       0x43
 .comment       0x00000000       0x43 ./Core/Src/adc.o
                                 0x44 (size before relaxing)
 .comment       0x00000043       0x44 ./Core/Src/dma.o
 .comment       0x00000043       0x44 ./Core/Src/gpio.o
 .comment       0x00000043       0x44 ./Core/Src/i2c.o
 .comment       0x00000043       0x44 ./Core/Src/main.o
 .comment       0x00000043       0x44 ./Core/Src/nrf24l01.o
 .comment       0x00000043       0x44 ./Core/Src/spi.o
 .comment       0x00000043       0x44 ./Core/Src/stm32f1xx_hal_msp.o
 .comment       0x00000043       0x44 ./Core/Src/stm32f1xx_it.o
 .comment       0x00000043       0x44 ./Core/Src/sysmem.o
 .comment       0x00000043       0x44 ./Core/Src/system_stm32f1xx.o
 .comment       0x00000043       0x44 ./Core/Src/usart.o
 .comment       0x00000043       0x44 ./Drivers/STM32F1xx_HAL_Driver/Src/stm32f1xx_hal.o
 .comment       0x00000043       0x44 ./Drivers/STM32F1xx_HAL_Driver/Src/stm32f1xx_hal_adc.o
 .comment       0x00000043       0x44 ./Drivers/STM32F1xx_HAL_Driver/Src/stm32f1xx_hal_adc_ex.o
 .comment       0x00000043       0x44 ./Drivers/STM32F1xx_HAL_Driver/Src/stm32f1xx_hal_cortex.o
 .comment       0x00000043       0x44 ./Drivers/STM32F1xx_HAL_Driver/Src/stm32f1xx_hal_dma.o
 .comment       0x00000043       0x44 ./Drivers/STM32F1xx_HAL_Driver/Src/stm32f1xx_hal_flash.o
 .comment       0x00000043       0x44 ./Drivers/STM32F1xx_HAL_Driver/Src/stm32f1xx_hal_flash_ex.o
 .comment       0x00000043       0x44 ./Drivers/STM32F1xx_HAL_Driver/Src/stm32f1xx_hal_gpio.o
 .comment       0x00000043       0x44 ./Drivers/STM32F1xx_HAL_Driver/Src/stm32f1xx_hal_i2c.o
 .comment       0x00000043       0x44 ./Drivers/STM32F1xx_HAL_Driver/Src/stm32f1xx_hal_rcc.o
 .comment       0x00000043       0x44 ./Drivers/STM32F1xx_HAL_Driver/Src/stm32f1xx_hal_rcc_ex.o
 .comment       0x00000043       0x44 ./Drivers/STM32F1xx_HAL_Driver/Src/stm32f1xx_hal_spi.o
 .comment       0x00000043       0x44 ./Drivers/STM32F1xx_HAL_Driver/Src/stm32f1xx_hal_uart.o
 .comment       0x00000043       0x44 ./oled/Src/oled.o

.debug_frame    0x00000000     0x4864
 .debug_frame   0x00000000       0x7c ./Core/Src/adc.o
 .debug_frame   0x0000007c       0x34 ./Core/Src/dma.o
 .debug_frame   0x000000b0       0x34 ./Core/Src/gpio.o
 .debug_frame   0x000000e4       0xc8 ./Core/Src/i2c.o
 .debug_frame   0x000001ac       0x94 ./Core/Src/main.o
 .debug_frame   0x00000240      0x3d8 ./Core/Src/nrf24l01.o
 .debug_frame   0x00000618       0x74 ./Core/Src/spi.o
 .debug_frame   0x0000068c       0x34 ./Core/Src/stm32f1xx_hal_msp.o
 .debug_frame   0x000006c0      0x258 ./Core/Src/stm32f1xx_it.o
 .debug_frame   0x00000918       0x34 ./Core/Src/sysmem.o
 .debug_frame   0x0000094c       0x58 ./Core/Src/system_stm32f1xx.o
 .debug_frame   0x000009a4       0x74 ./Core/Src/usart.o
 .debug_frame   0x00000a18      0x334 ./Drivers/STM32F1xx_HAL_Driver/Src/stm32f1xx_hal.o
 .debug_frame   0x00000d4c      0x40c ./Drivers/STM32F1xx_HAL_Driver/Src/stm32f1xx_hal_adc.o
 .debug_frame   0x00001158      0x200 ./Drivers/STM32F1xx_HAL_Driver/Src/stm32f1xx_hal_adc_ex.o
 .debug_frame   0x00001358      0x428 ./Drivers/STM32F1xx_HAL_Driver/Src/stm32f1xx_hal_cortex.o
 .debug_frame   0x00001780      0x208 ./Drivers/STM32F1xx_HAL_Driver/Src/stm32f1xx_hal_dma.o
 .debug_frame   0x00001988      0x20c ./Drivers/STM32F1xx_HAL_Driver/Src/stm32f1xx_hal_flash.o
 .debug_frame   0x00001b94      0x258 ./Drivers/STM32F1xx_HAL_Driver/Src/stm32f1xx_hal_flash_ex.o
 .debug_frame   0x00001dec      0x14c ./Drivers/STM32F1xx_HAL_Driver/Src/stm32f1xx_hal_gpio.o
 .debug_frame   0x00001f38      0xc84 ./Drivers/STM32F1xx_HAL_Driver/Src/stm32f1xx_hal_i2c.o
 .debug_frame   0x00002bbc      0x218 ./Drivers/STM32F1xx_HAL_Driver/Src/stm32f1xx_hal_rcc.o
 .debug_frame   0x00002dd4       0x80 ./Drivers/STM32F1xx_HAL_Driver/Src/stm32f1xx_hal_rcc_ex.o
 .debug_frame   0x00002e54      0x824 ./Drivers/STM32F1xx_HAL_Driver/Src/stm32f1xx_hal_spi.o
 .debug_frame   0x00003678      0x944 ./Drivers/STM32F1xx_HAL_Driver/Src/stm32f1xx_hal_uart.o
 .debug_frame   0x00003fbc      0x2ec ./oled/Src/oled.o
 .debug_frame   0x000042a8      0x144 F:/STM/STM32CubeIDE_1.16.1/STM32CubeIDE/plugins/com.st.stm32cube.ide.mcu.externaltools.gnu-tools-for-stm32.13.3.rel1.win32_1.0.0.202411081344/tools/bin/../lib/gcc/arm-none-eabi/13.3.1/../../../../arm-none-eabi/lib/thumb/v7-m/nofp\libc_nano.a(libc_a-findfp.o)
 .debug_frame   0x000043ec       0x7c F:/STM/STM32CubeIDE_1.16.1/STM32CubeIDE/plugins/com.st.stm32cube.ide.mcu.externaltools.gnu-tools-for-stm32.13.3.rel1.win32_1.0.0.202411081344/tools/bin/../lib/gcc/arm-none-eabi/13.3.1/../../../../arm-none-eabi/lib/thumb/v7-m/nofp\libc_nano.a(libc_a-snprintf.o)
 .debug_frame   0x00004468       0x20 F:/STM/STM32CubeIDE_1.16.1/STM32CubeIDE/plugins/com.st.stm32cube.ide.mcu.externaltools.gnu-tools-for-stm32.13.3.rel1.win32_1.0.0.202411081344/tools/bin/../lib/gcc/arm-none-eabi/13.3.1/../../../../arm-none-eabi/lib/thumb/v7-m/nofp\libc_nano.a(libc_a-memset.o)
 .debug_frame   0x00004488       0x38 F:/STM/STM32CubeIDE_1.16.1/STM32CubeIDE/plugins/com.st.stm32cube.ide.mcu.externaltools.gnu-tools-for-stm32.13.3.rel1.win32_1.0.0.202411081344/tools/bin/../lib/gcc/arm-none-eabi/13.3.1/../../../../arm-none-eabi/lib/thumb/v7-m/nofp\libc_nano.a(libc_a-reent.o)
 .debug_frame   0x000044c0       0x20 F:/STM/STM32CubeIDE_1.16.1/STM32CubeIDE/plugins/com.st.stm32cube.ide.mcu.externaltools.gnu-tools-for-stm32.13.3.rel1.win32_1.0.0.202411081344/tools/bin/../lib/gcc/arm-none-eabi/13.3.1/../../../../arm-none-eabi/lib/thumb/v7-m/nofp\libc_nano.a(libc_a-errno.o)
 .debug_frame   0x000044e0       0x2c F:/STM/STM32CubeIDE_1.16.1/STM32CubeIDE/plugins/com.st.stm32cube.ide.mcu.externaltools.gnu-tools-for-stm32.13.3.rel1.win32_1.0.0.202411081344/tools/bin/../lib/gcc/arm-none-eabi/13.3.1/../../../../arm-none-eabi/lib/thumb/v7-m/nofp\libc_nano.a(libc_a-init.o)
 .debug_frame   0x0000450c       0xb0 F:/STM/STM32CubeIDE_1.16.1/STM32CubeIDE/plugins/com.st.stm32cube.ide.mcu.externaltools.gnu-tools-for-stm32.13.3.rel1.win32_1.0.0.202411081344/tools/bin/../lib/gcc/arm-none-eabi/13.3.1/../../../../arm-none-eabi/lib/thumb/v7-m/nofp\libc_nano.a(libc_a-lock.o)