Archive member included to satisfy reference by file (symbol)

F:/STM/STM32CubeIDE_1.16.1/STM32CubeIDE/plugins/com.st.stm32cube.ide.mcu.externaltools.gnu-tools-for-stm32.13.3.rel1.win32_1.0.0.202411081344/tools/bin/../lib/gcc/arm-none-eabi/13.3.1/../../../../arm-none-eabi/lib/thumb/v7-m/nofp\libc_nano.a(libc_a-exit.o)
                              F:/STM/STM32CubeIDE_1.16.1/STM32CubeIDE/plugins/com.st.stm32cube.ide.mcu.externaltools.gnu-tools-for-stm32.13.3.rel1.win32_1.0.0.202411081344/tools/bin/../lib/gcc/arm-none-eabi/13.3.1/../../../../arm-none-eabi/lib/thumb/v7-m/nofp/crt0.o (exit)
F:/STM/STM32CubeIDE_1.16.1/STM32CubeIDE/plugins/com.st.stm32cube.ide.mcu.externaltools.gnu-tools-for-stm32.13.3.rel1.win32_1.0.0.202411081344/tools/bin/../lib/gcc/arm-none-eabi/13.3.1/../../../../arm-none-eabi/lib/thumb/v7-m/nofp\libc_nano.a(libc_a-findfp.o)
                              F:/STM/STM32CubeIDE_1.16.1/STM32CubeIDE/plugins/com.st.stm32cube.ide.mcu.externaltools.gnu-tools-for-stm32.13.3.rel1.win32_1.0.0.202411081344/tools/bin/../lib/gcc/arm-none-eabi/13.3.1/../../../../arm-none-eabi/lib/thumb/v7-m/nofp\libc_nano.a(libc_a-exit.o) (__stdio_exit_handler)
F:/STM/STM32CubeIDE_1.16.1/STM32CubeIDE/plugins/com.st.stm32cube.ide.mcu.externaltools.gnu-tools-for-stm32.13.3.rel1.win32_1.0.0.202411081344/tools/bin/../lib/gcc/arm-none-eabi/13.3.1/../../../../arm-none-eabi/lib/thumb/v7-m/nofp\libc_nano.a(libc_a-fwalk.o)
                              F:/STM/STM32CubeIDE_1.16.1/STM32CubeIDE/plugins/com.st.stm32cube.ide.mcu.externaltools.gnu-tools-for-stm32.13.3.rel1.win32_1.0.0.202411081344/tools/bin/../lib/gcc/arm-none-eabi/13.3.1/../../../../arm-none-eabi/lib/thumb/v7-m/nofp\libc_nano.a(libc_a-findfp.o) (_fwalk_sglue)
F:/STM/STM32CubeIDE_1.16.1/STM32CubeIDE/plugins/com.st.stm32cube.ide.mcu.externaltools.gnu-tools-for-stm32.13.3.rel1.win32_1.0.0.202411081344/tools/bin/../lib/gcc/arm-none-eabi/13.3.1/../../../../arm-none-eabi/lib/thumb/v7-m/nofp\libc_nano.a(libc_a-snprintf.o)
                              ./Core/Src/main.o (snprintf)
F:/STM/STM32CubeIDE_1.16.1/STM32CubeIDE/plugins/com.st.stm32cube.ide.mcu.externaltools.gnu-tools-for-stm32.13.3.rel1.win32_1.0.0.202411081344/tools/bin/../lib/gcc/arm-none-eabi/13.3.1/../../../../arm-none-eabi/lib/thumb/v7-m/nofp\libc_nano.a(libc_a-sprintf.o)
                              ./Core/Src/main.o (sprintf)
F:/STM/STM32CubeIDE_1.16.1/STM32CubeIDE/plugins/com.st.stm32cube.ide.mcu.externaltools.gnu-tools-for-stm32.13.3.rel1.win32_1.0.0.202411081344/tools/bin/../lib/gcc/arm-none-eabi/13.3.1/../../../../arm-none-eabi/lib/thumb/v7-m/nofp\libc_nano.a(libc_a-stdio.o)
                              F:/STM/STM32CubeIDE_1.16.1/STM32CubeIDE/plugins/com.st.stm32cube.ide.mcu.externaltools.gnu-tools-for-stm32.13.3.rel1.win32_1.0.0.202411081344/tools/bin/../lib/gcc/arm-none-eabi/13.3.1/../../../../arm-none-eabi/lib/thumb/v7-m/nofp\libc_nano.a(libc_a-findfp.o) (__sread)
F:/STM/STM32CubeIDE_1.16.1/STM32CubeIDE/plugins/com.st.stm32cube.ide.mcu.externaltools.gnu-tools-for-stm32.13.3.rel1.win32_1.0.0.202411081344/tools/bin/../lib/gcc/arm-none-eabi/13.3.1/../../../../arm-none-eabi/lib/thumb/v7-m/nofp\libc_nano.a(libc_a-memset.o)
                              F:/STM/STM32CubeIDE_1.16.1/STM32CubeIDE/plugins/com.st.stm32cube.ide.mcu.externaltools.gnu-tools-for-stm32.13.3.rel1.win32_1.0.0.202411081344/tools/bin/../lib/gcc/arm-none-eabi/13.3.1/../../../../arm-none-eabi/lib/thumb/v7-m/nofp/crt0.o (memset)
F:/STM/STM32CubeIDE_1.16.1/STM32CubeIDE/plugins/com.st.stm32cube.ide.mcu.externaltools.gnu-tools-for-stm32.13.3.rel1.win32_1.0.0.202411081344/tools/bin/../lib/gcc/arm-none-eabi/13.3.1/../../../../arm-none-eabi/lib/thumb/v7-m/nofp\libc_nano.a(libc_a-closer.o)
                              F:/STM/STM32CubeIDE_1.16.1/STM32CubeIDE/plugins/com.st.stm32cube.ide.mcu.externaltools.gnu-tools-for-stm32.13.3.rel1.win32_1.0.0.202411081344/tools/bin/../lib/gcc/arm-none-eabi/13.3.1/../../../../arm-none-eabi/lib/thumb/v7-m/nofp\libc_nano.a(libc_a-stdio.o) (_close_r)
F:/STM/STM32CubeIDE_1.16.1/STM32CubeIDE/plugins/com.st.stm32cube.ide.mcu.externaltools.gnu-tools-for-stm32.13.3.rel1.win32_1.0.0.202411081344/tools/bin/../lib/gcc/arm-none-eabi/13.3.1/../../../../arm-none-eabi/lib/thumb/v7-m/nofp\libc_nano.a(libc_a-reent.o)
                              F:/STM/STM32CubeIDE_1.16.1/STM32CubeIDE/plugins/com.st.stm32cube.ide.mcu.externaltools.gnu-tools-for-stm32.13.3.rel1.win32_1.0.0.202411081344/tools/bin/../lib/gcc/arm-none-eabi/13.3.1/../../../../arm-none-eabi/lib/thumb/v7-m/nofp\libc_nano.a(libc_a-closer.o) (errno)
F:/STM/STM32CubeIDE_1.16.1/STM32CubeIDE/plugins/com.st.stm32cube.ide.mcu.externaltools.gnu-tools-for-stm32.13.3.rel1.win32_1.0.0.202411081344/tools/bin/../lib/gcc/arm-none-eabi/13.3.1/../../../../arm-none-eabi/lib/thumb/v7-m/nofp\libc_nano.a(libc_a-impure.o)
[...]
Memory Configuration

Name             Origin             Length             Attributes
RAM              0x20000000         0x00005000         xrw
FLASH            0x08000000         0x00010000         xr
*default*        0x00000000         0xffffffff

Linker script and memory map

LOAD F:/STM/STM32CubeIDE_1.16.1/STM32CubeIDE/plugins/com.st.stm32cube.ide.mcu.externaltools.gnu-tools-for-stm32.13.3.rel1.win32_1.0.0.202411081344/tools/bin/../lib/gcc/arm-none-eabi/13.3.1/thumb/v7-m/nofp/crti.o
LOAD F:/STM/STM32CubeIDE_1.16.1/STM32CubeIDE/plugins/com.st.stm32cube.ide.mcu.externaltools.gnu-tools-for-stm32.13.3.rel1.win32_1.0.0.202411081344/tools/bin/../lib/gcc/arm-none-eabi/13.3.1/thumb/v7-m/nofp/crtbegin.o
LOAD F:/STM/STM32CubeIDE_1.16.1/STM32CubeIDE/plugins/com.st.stm32cube.ide.mcu.externaltools.gnu-tools-for-stm32.13.3.rel1.win32_1.0.0.202411081344/tools/bin/../lib/gcc/arm-none-eabi/13.3.1/../../../../arm-none-eabi/lib/thumb/v7-m/nofp/crt0.o
LOAD ./Core/Src/adc.o
LOAD ./Core/Src/dma.o
LOAD ./Core/Src/gpio.o
LOAD ./Core/Src/i2c.o
LOAD ./Core/Src/main.o
LOAD ./Core/Src/nrf24l01.o
LOAD ./Core/Src/spi.o
LOAD ./Core/Src/stm32f1xx_hal_msp.o
LOAD ./Core/Src/stm32f1xx_it.o
LOAD ./Core/Src/syscalls.o
LOAD ./Core/Src/sysmem.o
LOAD ./Core/Src/system_stm32f1xx.o
LOAD ./Core/Src/tim.o
LOAD ./Core/Src/usart.o
LOAD ./Core/Startup/startup_stm32f103c8tx.o
LOAD ./Drivers/STM32F1xx_HAL_Driver/Src/stm32f1xx_hal.o
LOAD ./Drivers/STM32F1xx_HAL_Driver/Src/stm32f1xx_hal_adc.o
LOAD ./Drivers/STM32F1xx_HAL_Driver/Src/stm32f1xx_hal_adc_ex.o
LOAD ./Drivers/STM32F1xx_HAL_Driver/Src/stm32f1xx_hal_cortex.o
LOAD ./Drivers/STM32F1xx_HAL_Driver/Src/stm32f1xx_hal_dma.o
LOAD ./Drivers/STM32F1xx_HAL_Driver/Src/stm32f1xx_hal_exti.o
LOAD ./Drivers/STM32F1xx_HAL_Driver/Src/stm32f1xx_hal_flash.o
LOAD ./Drivers/STM32F1xx_HAL_Driver/Src/stm32f1xx_hal_flash_ex.o
LOAD ./Drivers/STM32F1xx_HAL_Driver/Src/stm32f1xx_hal_gpio.o
LOAD ./Drivers/STM32F1xx_HAL_Driver/Src/stm32f1xx_hal_gpio_ex.o
LOAD ./Drivers/STM32F1xx_HAL_Driver/Src/stm32f1xx_hal_i2c.o
LOAD ./Drivers/STM32F1xx_HAL_Driver/Src/stm32f1xx_hal_pwr.o
LOAD ./Drivers/STM32F1xx_HAL_Driver/Src/stm32f1xx_hal_rcc.o
LOAD ./Drivers/STM32F1xx_HAL_Driver/Src/stm32f1xx_hal_rcc_ex.o
LOAD ./Drivers/STM32F1xx_HAL_Driver/Src/stm32f1xx_hal_spi.o
LOAD ./Drivers/STM32F1xx_HAL_Driver/Src/stm32f1xx_hal_tim.o
LOAD ./Drivers/STM32F1xx_HAL_Driver/Src/stm32f1xx_hal_tim_ex.o
LOAD ./Drivers/STM32F1xx_HAL_Driver/Src/stm32f1xx_hal_uart.o
LOAD ./oled/Src/oled.o
START GROUP
LOAD F:/STM/STM32CubeIDE_1.16.1/STM32CubeIDE/plugins/com.st.stm32cube.ide.mcu.externaltools.gnu-tools-for-stm32.13.3.rel1.win32_1.0.0.202411081344/tools/bin/../lib/gcc/arm-none-eabi/13.3.1/../../../../arm-none-eabi/lib/thumb/v7-m/nofp\libc_nano.a
LOAD F:/STM/STM32CubeIDE_1.16.1/STM32CubeIDE/plugins/com.st.stm32cube.ide.mcu.externaltools.gnu-tools-for-stm32.13.3.rel1.win32_1.0.0.202411081344/tools/bin/../lib/gcc/arm-none-eabi/13.3.1/../../../../arm-none-eabi/lib/thumb/v7-m/nofp\libm.a
END GROUP
START GROUP
LOAD F:/STM/STM32CubeIDE_1.16.1/STM32CubeIDE/plugins/com.st.stm32cube.ide.mcu.externaltools.gnu-tools-for-stm32.13.3.rel1.win32_1.0.0.202411081344/tools/bin/../lib/gcc/arm-none-eabi/13.3.1/thumb/v7-m/nofp\libgcc.a
LOAD F:/STM/STM32CubeIDE_1.16.1/STM32CubeIDE/plugins/com.st.stm32cube.ide.mcu.externaltools.gnu-tools-for-stm32.13.3.rel1.win32_1.0.0.202411081344/tools/bin/../lib/gcc/arm-none-eabi/13.3.1/../../../../arm-none-eabi/lib/thumb/v7-m/nofp\libc_nano.a
END GROUP
START GROUP
LOAD F:/STM/STM32CubeIDE_1.16.1/STM32CubeIDE/plugins/com.st.stm32cube.ide.mcu.externaltools.gnu-tools-for-stm32.13.3.rel1.win32_1.0.0.202411081344/tools/bin/../lib/gcc/arm-none-eabi/13.3.1/thumb/v7-m/nofp\libgcc.a
LOAD F:/STM/STM32CubeIDE_1.16.1/STM32CubeIDE/plugins/com.st.stm32cube.ide.mcu.externaltools.gnu-tools-for-stm32.13.3.rel1.win32_1.0.0.202411081344/tools/bin/../lib/gcc/arm-none-eabi/13.3.1/../../../../arm-none-eabi/lib/thumb/v7-m/nofp\libc_nano.a
LOAD F:/STM/STM32CubeIDE_1.16.1/STM32CubeIDE/plugins/com.st.stm32cube.ide.mcu.externaltools.gnu-tools-for-stm32.13.3.rel1.win32_1.0.0.202411081344/tools/bin/../lib/gcc/arm-none-eabi/13.3.1/../../../../arm-none-eabi/lib/thumb/v7-m/nofp\libnosys.a
END GROUP
START GROUP
LOAD F:/STM/STM32CubeIDE_1.16.1/STM32CubeIDE/plugins/com.st.stm32cube.ide.mcu.externaltools.gnu-tools-for-stm32.13.3.rel1.win32_1.0.0.202411081344/tools/bin/../lib/gcc/arm-none-eabi/13.3.1/thumb/v7-m/nofp\libgcc.a
LOAD F:/STM/STM32CubeIDE_1.16.1/STM32CubeIDE/plugins/com.st.stm32cube.ide.mcu.externaltools.gnu-tools-for-stm32.13.3.rel1.win32_1.0.0.202411081344/tools/bin/../lib/gcc/arm-none-eabi/13.3.1/../../../../arm-none-eabi/lib/thumb/v7-m/nofp\libc_nano.a
LOAD F:/STM/STM32CubeIDE_1.16.1/STM32CubeIDE/plugins/com.st.stm32cube.ide.mcu.externaltools.gnu-tools-for-stm32.13.3.rel1.win32_1.0.0.202411081344/tools/bin/../lib/gcc/arm-none-eabi/13.3.1/../../../../arm-none-eabi/lib/thumb/v7-m/nofp\libnosys.a
END GROUP
LOAD F:/STM/STM32CubeIDE_1.16.1/STM32CubeIDE/plugins/com.st.stm32cube.ide.mcu.externaltools.gnu-tools-for-stm32.13.3.rel1.win32_1.0.0.202411081344/tools/bin/../lib/gcc/arm-none-eabi/13.3.1/thumb/v7-m/nofp/crtend.o
LOAD F:/STM/STM32CubeIDE_1.16.1/STM32CubeIDE/plugins/com.st.stm32cube.ide.mcu.externaltools.gnu-tools-for-stm32.13.3.rel1.win32_1.0.0.202411081344/tools/bin/../lib/gcc/arm-none-eabi/13.3.1/thumb/v7-m/nofp/crtn.o
                0x20005000                        _estack = (ORIGIN (RAM) + LENGTH (RAM))
                0x00000200                        _Min_Heap_Size = 0x200
                0x00000400                        _Min_Stack_Size = 0x400

.isr_vector     0x08000000      0x10c
                0x08000000                        . = ALIGN (0x4)
 *(.isr_vector)
 .isr_vector    0x08000000      0x10c ./Core/Startup/startup_stm32f103c8tx.o
                0x08000000                g_pfnVectors
                0x0800010c                        . = ALIGN (0x4)

.text           0x0800010c     0x8b64
                0x0800010c                        . = ALIGN (0x4)
 *(.text)
 .text          0x0800010c       0x40 F:/STM/STM32CubeIDE_1.16.1/STM32CubeIDE/plugins/com.st.stm32cube.ide.mcu.externaltools.gnu-tools-for-stm32.13.3.rel1.win32_1.0.0.202411081344/tools/bin/../lib/gcc/arm-none-eabi/13.3.1/thumb/v7-m/nofp/crtbegin.o
 .text          0x0800014c       0x10 F:/STM/STM32CubeIDE_1.16.1/STM32CubeIDE/plugins/com.st.stm32cube.ide.mcu.externaltools.gnu-tools-for-stm32.13.3.rel1.win32_1.0.0.202411081344/tools/bin/../lib/gcc/arm-none-eabi/13.3.1/../../../../arm-none-eabi/lib/thumb/v7-m/nofp\libc_nano.a(libc_a-strlen.o)
                0x0800014c                strlen
 *(.text*)
 .text.MX_ADC1_Init
                0x0800015c      0x110 ./Core/Src/adc.o
                0x0800015c                MX_ADC1_Init
 .text.HAL_ADC_MspInit
                0x0800026c       0xe0 ./Core/Src/adc.o
                0x0800026c                HAL_ADC_MspInit
 .text.MX_DMA_Init
                0x0800034c       0x7c ./Core/Src/dma.o
                0x0800034c                MX_DMA_Init
 .text.MX_GPIO_Init
                0x080003c8      0x180 ./Core/Src/gpio.o
                0x080003c8                MX_GPIO_Init
 .text.MX_I2C1_Init
                0x08000548       0x5c ./Core/Src/i2c.o
                0x08000548                MX_I2C1_Init
 .text.HAL_I2C_MspInit
                0x080005a4      0x14c ./Core/Src/i2c.o
                0x080005a4                HAL_I2C_MspInit
 .text.HAL_I2C_WriteCommand
                0x080006f0       0x50 ./Core/Src/i2c.o
                0x080006f0                HAL_I2C_WriteCommand
 .text.HAL_I2C_WriteData
                0x08000740       0xcc ./Core/Src/i2c.o
                0x08000740                HAL_I2C_WriteData
 .text.HAL_ADC_ConvHalfCpltCallback
                0x0800080c      0x194 ./Core/Src/main.o
                0x0800080c                HAL_ADC_ConvHalfCpltCallback
 .text.HAL_TIM_PeriodElapsedCallback
                0x080009a0       0x2c ./Core/Src/main.o
                0x080009a0                HAL_TIM_PeriodElapsedCallback
 .text.main     0x080009cc      0x138 ./Core/Src/main.o
                0x080009cc                main
 .text.SystemClock_Config
                0x08000b04       0xb6 ./Core/Src/main.o
                0x08000b04                SystemClock_Config
 .text.Error_Handler
                0x08000bba        0xc ./Core/Src/main.o
                0x08000bba                Error_Handler
 *fill*         0x08000bc6        0x2 
 .text.drv_spi_read_write_byte
                0x08000bc8       0x2c ./Core/Src/nrf24l01.o
                0x08000bc8                drv_spi_read_write_byte
 .text.drv_spi_read_write_byte_dma
                0x08000bf4       0x44 ./Core/Src/nrf24l01.o
                0x08000bf4                drv_spi_read_write_byte_dma
 .text.NRF24L01_Read_Reg_DMA
                0x08000c38       0x5c ./Core/Src/nrf24l01.o
                0x08000c38                NRF24L01_Read_Reg_DMA
 .text.NRF24L01_Write_Reg_DMA
                0x08000c94       0x60 ./Core/Src/nrf24l01.o
                0x08000c94                NRF24L01_Write_Reg_DMA
 .text.NRF24L01_Read_Status_Register
                0x08000cf4       0x34 ./Core/Src/nrf24l01.o
                0x08000cf4                NRF24L01_Read_Status_Register
 .text.NRF24L01_Clear_IRQ_Flag
                0x08000d28       0x54 ./Core/Src/nrf24l01.o
                0x08000d28                NRF24L01_Clear_IRQ_Flag
 .text.NRF24L01_Set_TxAddr_DMA
                0x08000d7c       0x70 ./Core/Src/nrf24l01.o
                0x08000d7c                NRF24L01_Set_TxAddr_DMA
 .text.NRF24L01_Set_RxAddr_DMA
                0x08000dec       0x8c ./Core/Src/nrf24l01.o
                0x08000dec                NRF24L01_Set_RxAddr_DMA
 .text.NRF24L01_check_DMA
                0x08000e78      0x138 ./Core/Src/nrf24l01.o
                0x08000e78                NRF24L01_check_DMA
 .text.RF24L01_Set_Mode_DMA
                0x08000fb0       0xb0 ./Core/Src/nrf24l01.o
                0x08000fb0                RF24L01_Set_Mode_DMA
 .text.NRF24L01_TxPacket_DMA
                0x08001060      0x100 ./Core/Src/nrf24l01.o
                0x08001060                NRF24L01_TxPacket_DMA
 .text.NRF24L01_Gpio_Init
                0x08001160       0x38 ./Core/Src/nrf24l01.o
                0x08001160                NRF24L01_Gpio_Init
 .text.RF24L01_Init_DMA
                0x08001198       0xcc ./Core/Src/nrf24l01.o
                0x08001198                RF24L01_Init_DMA
 .text.MX_SPI1_Init
                0x08001264       0x6c ./Core/Src/spi.o
                0x08001264                MX_SPI1_Init
 .text.HAL_SPI_MspInit
                0x080012d0      0x154 ./Core/Src/spi.o
                0x080012d0                HAL_SPI_MspInit
 .text.HAL_MspInit
                0x08001424       0x84 ./Core/Src/stm32f1xx_hal_msp.o
                0x08001424                HAL_MspInit
 .text.NMI_Handler
                0x080014a8        0x8 ./Core/Src/stm32f1xx_it.o
                0x080014a8                NMI_Handler
 .text.HardFault_Handler
                0x080014b0        0x8 ./Core/Src/stm32f1xx_it.o
                0x080014b0                HardFault_Handler
 .text.MemManage_Handler
                0x080014b8        0x8 ./Core/Src/stm32f1xx_it.o
                0x080014b8                MemManage_Handler
 .text.BusFault_Handler
                0x080014c0        0x8 ./Core/Src/stm32f1xx_it.o
                0x080014c0                BusFault_Handler
 .text.UsageFault_Handler
                0x080014c8        0x8 ./Core/Src/stm32f1xx_it.o
                0x080014c8                UsageFault_Handler
 .text.SVC_Handler
                0x080014d0        0xc ./Core/Src/stm32f1xx_it.o
                0x080014d0                SVC_Handler
 .text.DebugMon_Handler
                0x080014dc        0xc ./Core/Src/stm32f1xx_it.o
                0x080014dc                DebugMon_Handler
 .text.PendSV_Handler
                0x080014e8        0xc ./Core/Src/stm32f1xx_it.o
                0x080014e8                PendSV_Handler
 .text.SysTick_Handler
                0x080014f4        0xc ./Core/Src/stm32f1xx_it.o
                0x080014f4                SysTick_Handler
 .text.FLASH_IRQHandler
                0x08001500        0xc ./Core/Src/stm32f1xx_it.o
                0x08001500                FLASH_IRQHandler
 .text.RCC_IRQHandler
                0x0800150c        0xc ./Core/Src/stm32f1xx_it.o
                0x0800150c                RCC_IRQHandler
 .text.DMA1_Channel1_IRQHandler
                0x08001518       0x14 ./Core/Src/stm32f1xx_it.o
                0x08001518                DMA1_Channel1_IRQHandler
 .text.DMA1_Channel2_IRQHandler
                0x0800152c       0x14 ./Core/Src/stm32f1xx_it.o
                0x0800152c                DMA1_Channel2_IRQHandler
 .text.DMA1_Channel3_IRQHandler
                0x08001540       0x14 ./Core/Src/stm32f1xx_it.o
                0x08001540                DMA1_Channel3_IRQHandler
 .text.DMA1_Channel6_IRQHandler
                0x08001554       0x14 ./Core/Src/stm32f1xx_it.o
                0x08001554                DMA1_Channel6_IRQHandler
 .text.DMA1_Channel7_IRQHandler
                0x08001568       0x14 ./Core/Src/stm32f1xx_it.o
                0x08001568                DMA1_Channel7_IRQHandler
 .text.ADC1_2_IRQHandler
                0x0800157c       0x14 ./Core/Src/stm32f1xx_it.o
                0x0800157c                ADC1_2_IRQHandler
 .text.TIM1_UP_IRQHandler
                0x08001590       0x14 ./Core/Src/stm32f1xx_it.o
                0x08001590                TIM1_UP_IRQHandler
 .text.I2C1_EV_IRQHandler
                0x080015a4       0x14 ./Core/Src/stm32f1xx_it.o
                0x080015a4                I2C1_EV_IRQHandler
 .text.I2C1_ER_IRQHandler
                0x080015b8       0x14 ./Core/Src/stm32f1xx_it.o
                0x080015b8                I2C1_ER_IRQHandler
 .text.SPI1_IRQHandler
                0x080015cc       0x14 ./Core/Src/stm32f1xx_it.o
                0x080015cc                SPI1_IRQHandler
 .text.USART1_IRQHandler
                0x080015e0       0x14 ./Core/Src/stm32f1xx_it.o
                0x080015e0                USART1_IRQHandler
 .text._sbrk    0x080015f4       0x6c ./Core/Src/sysmem.o
                0x080015f4                _sbrk
 .text.SystemInit
                0x08001660        0xc ./Core/Src/system_stm32f1xx.o
                0x08001660                SystemInit
 .text.MX_TIM1_Init
                0x0800166c       0xa4 ./Core/Src/tim.o
                0x0800166c                MX_TIM1_Init
 .text.HAL_TIM_Base_MspInit
                0x08001710       0x4c ./Core/Src/tim.o
                0x08001710                HAL_TIM_Base_MspInit
 .text.MX_USART1_UART_Init
                0x0800175c       0x54 ./Core/Src/usart.o
                0x0800175c                MX_USART1_UART_Init
 .text.HAL_UART_MspInit
                0x080017b0       0xa8 ./Core/Src/usart.o
                0x080017b0                HAL_UART_MspInit
 .text.Reset_Handler
                0x08001858       0x48 ./Core/Startup/startup_stm32f103c8tx.o
                0x08001858                Reset_Handler
 .text.Default_Handler
                0x080018a0        0x2 ./Core/Startup/startup_stm32f103c8tx.o
                0x080018a0                RTC_Alarm_IRQHandler
                0x080018a0                EXTI2_IRQHandler
                0x080018a0                TIM1_CC_IRQHandler
                0x080018a0                PVD_IRQHandler
                0x080018a0                EXTI3_IRQHandler
                0x080018a0                EXTI0_IRQHandler
                0x080018a0                I2C2_EV_IRQHandler
                0x080018a0                TAMPER_IRQHandler
                0x080018a0                DMA1_Channel4_IRQHandler
                0x080018a0                USART3_IRQHandler
                0x080018a0                RTC_IRQHandler
                0x080018a0                CAN1_RX1_IRQHandler
                0x080018a0                TIM4_IRQHandler
                0x080018a0                TIM3_IRQHandler
                0x080018a0                TIM1_TRG_COM_IRQHandler
                0x080018a0                Default_Handler
                0x080018a0                EXTI15_10_IRQHandler
                0x080018a0                EXTI9_5_IRQHandler
                0x080018a0                SPI2_IRQHandler
                0x080018a0                DMA1_Channel5_IRQHandler
                0x080018a0                EXTI4_IRQHandler
                0x080018a0                USB_LP_CAN1_RX0_IRQHandler
                0x080018a0                USB_HP_CAN1_TX_IRQHandler
                0x080018a0                WWDG_IRQHandler
                0x080018a0                TIM2_IRQHandler
                0x080018a0                TIM1_BRK_IRQHandler
                0x080018a0                EXTI1_IRQHandler
                0x080018a0                USART2_IRQHandler
                0x080018a0                I2C2_ER_IRQHandler
                0x080018a0                CAN1_SCE_IRQHandler
                0x080018a0                USBWakeUp_IRQHandler
 *fill*         0x080018a2        0x2 
 .text.HAL_Init
                0x080018a4       0x2c ./Drivers/STM32F1xx_HAL_Driver/Src/stm32f1xx_hal.o
                0x080018a4                HAL_Init
 .text.HAL_InitTick
                0x080018d0       0x60 ./Drivers/STM32F1xx_HAL_Driver/Src/stm32f1xx_hal.o
                0x080018d0                HAL_InitTick
 .text.HAL_IncTick
                0x08001930       0x24 ./Drivers/STM32F1xx_HAL_Driver/Src/stm32f1xx_hal.o
                0x08001930                HAL_IncTick
 .text.HAL_GetTick
                0x08001954       0x14 ./Drivers/STM32F1xx_HAL_Driver/Src/stm32f1xx_hal.o
                0x08001954                HAL_GetTick
 .text.HAL_Delay
                0x08001968       0x48 ./Drivers/STM32F1xx_HAL_Driver/Src/stm32f1xx_hal.o
                0x08001968                HAL_Delay
 .text.HAL_ADC_Init
                0x080019b0      0x1b0 ./Drivers/STM32F1xx_HAL_Driver/Src/stm32f1xx_hal_adc.o
                0x080019b0                HAL_ADC_Init
 .text.HAL_ADC_Start_DMA
                0x08001b60      0x1bc ./Drivers/STM32F1xx_HAL_Driver/Src/stm32f1xx_hal_adc.o
                0x08001b60                HAL_ADC_Start_DMA
 .text.HAL_ADC_IRQHandler
                0x08001d1c      0x17e ./Drivers/STM32F1xx_HAL_Driver/Src/stm32f1xx_hal_adc.o
                0x08001d1c                HAL_ADC_IRQHandler
 .text.HAL_ADC_ConvCpltCallback
                0x08001e9a       0x12 ./Drivers/STM32F1xx_HAL_Driver/Src/stm32f1xx_hal_adc.o
                0x08001e9a                HAL_ADC_ConvCpltCallback
 .text.HAL_ADC_LevelOutOfWindowCallback
                0x08001eac       0x12 ./Drivers/STM32F1xx_HAL_Driver/Src/stm32f1xx_hal_adc.o
                0x08001eac                HAL_ADC_LevelOutOfWindowCallback
 .text.HAL_ADC_ErrorCallback
                0x08001ebe       0x12 ./Drivers/STM32F1xx_HAL_Driver/Src/stm32f1xx_hal_adc.o
                0x08001ebe                HAL_ADC_ErrorCallback
 .text.HAL_ADC_ConfigChannel
                0x08001ed0      0x1f0 ./Drivers/STM32F1xx_HAL_Driver/Src/stm32f1xx_hal_adc.o
                0x08001ed0                HAL_ADC_ConfigChannel
 .text.ADC_Enable
                0x080020c0       0xb4 ./Drivers/STM32F1xx_HAL_Driver/Src/stm32f1xx_hal_adc.o
                0x080020c0                ADC_Enable
 .text.ADC_ConversionStop_Disable
                0x08002174       0x82 ./Drivers/STM32F1xx_HAL_Driver/Src/stm32f1xx_hal_adc.o
                0x08002174                ADC_ConversionStop_Disable
 .text.ADC_DMAConvCplt
                0x080021f6       0x7c ./Drivers/STM32F1xx_HAL_Driver/Src/stm32f1xx_hal_adc.o
                0x080021f6                ADC_DMAConvCplt
 .text.ADC_DMAHalfConvCplt
                0x08002272       0x1c ./Drivers/STM32F1xx_HAL_Driver/Src/stm32f1xx_hal_adc.o
                0x08002272                ADC_DMAHalfConvCplt
 .text.ADC_DMAError
                0x0800228e       0x34 ./Drivers/STM32F1xx_HAL_Driver/Src/stm32f1xx_hal_adc.o
                0x0800228e                ADC_DMAError
 *fill*         0x080022c2        0x2 
 .text.HAL_ADCEx_Calibration_Start
                0x080022c4      0x15c ./Drivers/STM32F1xx_HAL_Driver/Src/stm32f1xx_hal_adc_ex.o
                0x080022c4                HAL_ADCEx_Calibration_Start
 .text.HAL_ADCEx_InjectedConvCpltCallback
                0x08002420       0x12 ./Drivers/STM32F1xx_HAL_Driver/Src/stm32f1xx_hal_adc_ex.o
                0x08002420                HAL_ADCEx_InjectedConvCpltCallback
 *fill*         0x08002432        0x2 
 .text.__NVIC_SetPriorityGrouping
                0x08002434       0x48 ./Drivers/STM32F1xx_HAL_Driver/Src/stm32f1xx_hal_cortex.o
 .text.__NVIC_GetPriorityGrouping
                0x0800247c       0x1c ./Drivers/STM32F1xx_HAL_Driver/Src/stm32f1xx_hal_cortex.o
 .text.__NVIC_EnableIRQ
                0x08002498       0x38 ./Drivers/STM32F1xx_HAL_Driver/Src/stm32f1xx_hal_cortex.o
 .text.__NVIC_SetPriority
                0x080024d0       0x54 ./Drivers/STM32F1xx_HAL_Driver/Src/stm32f1xx_hal_cortex.o
 .text.NVIC_EncodePriority
                0x08002524       0x64 ./Drivers/STM32F1xx_HAL_Driver/Src/stm32f1xx_hal_cortex.o
 .text.SysTick_Config
                0x08002588       0x44 ./Drivers/STM32F1xx_HAL_Driver/Src/stm32f1xx_hal_cortex.o
 .text.HAL_NVIC_SetPriorityGrouping
                0x080025cc       0x16 ./Drivers/STM32F1xx_HAL_Driver/Src/stm32f1xx_hal_cortex.o
                0x080025cc                HAL_NVIC_SetPriorityGrouping
 .text.HAL_NVIC_SetPriority
                0x080025e2       0x38 ./Drivers/STM32F1xx_HAL_Driver/Src/stm32f1xx_hal_cortex.o
                0x080025e2                HAL_NVIC_SetPriority
 .text.HAL_NVIC_EnableIRQ
                0x0800261a       0x1c ./Drivers/STM32F1xx_HAL_Driver/Src/stm32f1xx_hal_cortex.o
                0x0800261a                HAL_NVIC_EnableIRQ
 .text.HAL_SYSTICK_Config
                0x08002636       0x18 ./Drivers/STM32F1xx_HAL_Driver/Src/stm32f1xx_hal_cortex.o
                0x08002636                HAL_SYSTICK_Config
 .text.HAL_SYSTICK_IRQHandler
                0x0800264e        0xc ./Drivers/STM32F1xx_HAL_Driver/Src/stm32f1xx_hal_cortex.o
                0x0800264e                HAL_SYSTICK_IRQHandler
 .text.HAL_SYSTICK_Callback
                0x0800265a        0xc ./Drivers/STM32F1xx_HAL_Driver/Src/stm32f1xx_hal_cortex.o
                0x0800265a                HAL_SYSTICK_Callback
 *fill*         0x08002666        0x2 
 .text.HAL_DMA_Init
                0x08002668       0xb4 ./Drivers/STM32F1xx_HAL_Driver/Src/stm32f1xx_hal_dma.o
                0x08002668                HAL_DMA_Init
 .text.HAL_DMA_Start_IT
                0x0800271c       0xc0 ./Drivers/STM32F1xx_HAL_Driver/Src/stm32f1xx_hal_dma.o
                0x0800271c                HAL_DMA_Start_IT
 .text.HAL_DMA_Abort
                0x080027dc       0x76 ./Drivers/STM32F1xx_HAL_Driver/Src/stm32f1xx_hal_dma.o
                0x080027dc                HAL_DMA_Abort
 *fill*         0x08002852        0x2 
 .text.HAL_DMA_Abort_IT
                0x08002854       0xf0 ./Drivers/STM32F1xx_HAL_Driver/Src/stm32f1xx_hal_dma.o
                0x08002854                HAL_DMA_Abort_IT
 .text.HAL_DMA_IRQHandler
                0x08002944      0x20c ./Drivers/STM32F1xx_HAL_Driver/Src/stm32f1xx_hal_dma.o
                0x08002944                HAL_DMA_IRQHandler
 .text.HAL_DMA_GetState
                0x08002b50       0x1a ./Drivers/STM32F1xx_HAL_Driver/Src/stm32f1xx_hal_dma.o
                0x08002b50                HAL_DMA_GetState
 .text.DMA_SetConfig
                0x08002b6a       0x5a ./Drivers/STM32F1xx_HAL_Driver/Src/stm32f1xx_hal_dma.o
 .text.HAL_FLASH_IRQHandler
                0x08002bc4      0x1c0 ./Drivers/STM32F1xx_HAL_Driver/Src/stm32f1xx_hal_flash.o
                0x08002bc4                HAL_FLASH_IRQHandler
 .text.HAL_FLASH_EndOfOperationCallback
                0x08002d84       0x12 ./Drivers/STM32F1xx_HAL_Driver/Src/stm32f1xx_hal_flash.o
                0x08002d84                HAL_FLASH_EndOfOperationCallback
 .text.HAL_FLASH_OperationErrorCallback
                0x08002d96       0x12 ./Drivers/STM32F1xx_HAL_Driver/Src/stm32f1xx_hal_flash.o
                0x08002d96                HAL_FLASH_OperationErrorCallback
 .text.FLASH_Program_HalfWord
                0x08002da8       0x38 ./Drivers/STM32F1xx_HAL_Driver/Src/stm32f1xx_hal_flash.o
 .text.FLASH_SetErrorCode
                0x08002de0       0xa0 ./Drivers/STM32F1xx_HAL_Driver/Src/stm32f1xx_hal_flash.o
 .text.FLASH_PageErase
                0x08002e80       0x40 ./Drivers/STM32F1xx_HAL_Driver/Src/stm32f1xx_hal_flash_ex.o
                0x08002e80                FLASH_PageErase
 .text.HAL_GPIO_Init
                0x08002ec0      0x308 ./Drivers/STM32F1xx_HAL_Driver/Src/stm32f1xx_hal_gpio.o
                0x08002ec0                HAL_GPIO_Init
 .text.HAL_GPIO_WritePin
                0x080031c8       0x30 ./Drivers/STM32F1xx_HAL_Driver/Src/stm32f1xx_hal_gpio.o
                0x080031c8                HAL_GPIO_WritePin
 .text.HAL_GPIO_TogglePin
                0x080031f8       0x32 ./Drivers/STM32F1xx_HAL_Driver/Src/stm32f1xx_hal_gpio.o
                0x080031f8                HAL_GPIO_TogglePin
 *fill*         0x0800322a        0x2 
 .text.HAL_I2C_Init
                0x0800322c      0x288 ./Drivers/STM32F1xx_HAL_Driver/Src/stm32f1xx_hal_i2c.o
                0x0800322c                HAL_I2C_Init
 .text.I2C_Flush_DR
                0x080034b4       0x28 ./Drivers/STM32F1xx_HAL_Driver/Src/stm32f1xx_hal_i2c.o
 .text.HAL_I2C_Master_Transmit_DMA
                0x080034dc      0x248 ./Drivers/STM32F1xx_HAL_Driver/Src/stm32f1xx_hal_i2c.o
                0x080034dc                HAL_I2C_Master_Transmit_DMA
 .text.HAL_I2C_EV_IRQHandler
                0x08003724      0x2e2 ./Drivers/STM32F1xx_HAL_Driver/Src/stm32f1xx_hal_i2c.o
                0x08003724                HAL_I2C_EV_IRQHandler
 .text.HAL_I2C_ER_IRQHandler
                0x08003a06      0x15e ./Drivers/STM32F1xx_HAL_Driver/Src/stm32f1xx_hal_i2c.o
                0x08003a06                HAL_I2C_ER_IRQHandler
 .text.HAL_I2C_MasterTxCpltCallback
                0x08003b64       0x12 ./Drivers/STM32F1xx_HAL_Driver/Src/stm32f1xx_hal_i2c.o
                0x08003b64                HAL_I2C_MasterTxCpltCallback
 .text.HAL_I2C_MasterRxCpltCallback
                0x08003b76       0x12 ./Drivers/STM32F1xx_HAL_Driver/Src/stm32f1xx_hal_i2c.o
                0x08003b76                HAL_I2C_MasterRxCpltCallback
 .text.HAL_I2C_SlaveTxCpltCallback
                0x08003b88       0x12 ./Drivers/STM32F1xx_HAL_Driver/Src/stm32f1xx_hal_i2c.o
                0x08003b88                HAL_I2C_SlaveTxCpltCallback
 .text.HAL_I2C_SlaveRxCpltCallback
                0x08003b9a       0x12 ./Drivers/STM32F1xx_HAL_Driver/Src/stm32f1xx_hal_i2c.o
                0x08003b9a                HAL_I2C_SlaveRxCpltCallback
 .text.HAL_I2C_AddrCallback
                0x08003bac       0x1a ./Drivers/STM32F1xx_HAL_Driver/Src/stm32f1xx_hal_i2c.o
                0x08003bac                HAL_I2C_AddrCallback
 .text.HAL_I2C_ListenCpltCallback
                0x08003bc6       0x12 ./Drivers/STM32F1xx_HAL_Driver/Src/stm32f1xx_hal_i2c.o
                0x08003bc6                HAL_I2C_ListenCpltCallback
 .text.HAL_I2C_MemTxCpltCallback
                0x08003bd8       0x12 ./Drivers/STM32F1xx_HAL_Driver/Src/stm32f1xx_hal_i2c.o
                0x08003bd8                HAL_I2C_MemTxCpltCallback
 .text.HAL_I2C_MemRxCpltCallback
                0x08003bea       0x12 ./Drivers/STM32F1xx_HAL_Driver/Src/stm32f1xx_hal_i2c.o
                0x08003bea                HAL_I2C_MemRxCpltCallback
 .text.HAL_I2C_ErrorCallback
                0x08003bfc       0x12 ./Drivers/STM32F1xx_HAL_Driver/Src/stm32f1xx_hal_i2c.o
                0x08003bfc                HAL_I2C_ErrorCallback
 .text.HAL_I2C_AbortCpltCallback
                0x08003c0e       0x12 ./Drivers/STM32F1xx_HAL_Driver/Src/stm32f1xx_hal_i2c.o
                0x08003c0e                HAL_I2C_AbortCpltCallback
 .text.HAL_I2C_GetState
                0x08003c20       0x1a ./Drivers/STM32F1xx_HAL_Driver/Src/stm32f1xx_hal_i2c.o
                0x08003c20                HAL_I2C_GetState
 .text.I2C_MasterTransmit_TXE
                0x08003c3a      0x138 ./Drivers/STM32F1xx_HAL_Driver/Src/stm32f1xx_hal_i2c.o
 .text.I2C_MasterTransmit_BTF
                0x08003d72       0xec ./Drivers/STM32F1xx_HAL_Driver/Src/stm32f1xx_hal_i2c.o
 .text.I2C_MemoryTransmit_TXE_BTF
                0x08003e5e      0x130 ./Drivers/STM32F1xx_HAL_Driver/Src/stm32f1xx_hal_i2c.o
 .text.I2C_MasterReceive_RXNE
                0x08003f8e      0x190 ./Drivers/STM32F1xx_HAL_Driver/Src/stm32f1xx_hal_i2c.o
 .text.I2C_MasterReceive_BTF
                0x0800411e      0x1e2 ./Drivers/STM32F1xx_HAL_Driver/Src/stm32f1xx_hal_i2c.o
 .text.I2C_Master_SB
                0x08004300      0x10a ./Drivers/STM32F1xx_HAL_Driver/Src/stm32f1xx_hal_i2c.o
 .text.I2C_Master_ADD10
                0x0800440a       0x52 ./Drivers/STM32F1xx_HAL_Driver/Src/stm32f1xx_hal_i2c.o
 .text.I2C_Master_ADDR
                0x0800445c      0x336 ./Drivers/STM32F1xx_HAL_Driver/Src/stm32f1xx_hal_i2c.o
 .text.I2C_SlaveTransmit_TXE
                0x08004792       0x7a ./Drivers/STM32F1xx_HAL_Driver/Src/stm32f1xx_hal_i2c.o
 .text.I2C_SlaveTransmit_BTF
                0x0800480c       0x40 ./Drivers/STM32F1xx_HAL_Driver/Src/stm32f1xx_hal_i2c.o
 .text.I2C_SlaveReceive_RXNE
                0x0800484c       0x7c ./Drivers/STM32F1xx_HAL_Driver/Src/stm32f1xx_hal_i2c.o
 .text.I2C_SlaveReceive_BTF
                0x080048c8       0x42 ./Drivers/STM32F1xx_HAL_Driver/Src/stm32f1xx_hal_i2c.o
 .text.I2C_Slave_ADDR
                0x0800490a       0x94 ./Drivers/STM32F1xx_HAL_Driver/Src/stm32f1xx_hal_i2c.o
 *fill*         0x0800499e        0x2 
 .text.I2C_Slave_STOPF
                0x080049a0      0x260 ./Drivers/STM32F1xx_HAL_Driver/Src/stm32f1xx_hal_i2c.o
 .text.I2C_Slave_AF
                0x08004c00       0xe8 ./Drivers/STM32F1xx_HAL_Driver/Src/stm32f1xx_hal_i2c.o
 .text.I2C_ITError
                0x08004ce8      0x264 ./Drivers/STM32F1xx_HAL_Driver/Src/stm32f1xx_hal_i2c.o
 .text.I2C_DMAXferCplt
                0x08004f4c      0x1be ./Drivers/STM32F1xx_HAL_Driver/Src/stm32f1xx_hal_i2c.o
 .text.I2C_DMAError
                0x0800510a       0x6e ./Drivers/STM32F1xx_HAL_Driver/Src/stm32f1xx_hal_i2c.o
 .text.I2C_DMAAbort
                0x08005178      0x150 ./Drivers/STM32F1xx_HAL_Driver/Src/stm32f1xx_hal_i2c.o
 .text.I2C_WaitOnSTOPRequestThroughIT
                0x080052c8       0x64 ./Drivers/STM32F1xx_HAL_Driver/Src/stm32f1xx_hal_i2c.o
 .text.I2C_ConvertOtherXferOptions
                0x0800532c       0x34 ./Drivers/STM32F1xx_HAL_Driver/Src/stm32f1xx_hal_i2c.o
 .text.HAL_RCC_OscConfig
                0x08005360      0x504 ./Drivers/STM32F1xx_HAL_Driver/Src/stm32f1xx_hal_rcc.o
                0x08005360                HAL_RCC_OscConfig
 .text.HAL_RCC_ClockConfig
                0x08005864      0x1d4 ./Drivers/STM32F1xx_HAL_Driver/Src/stm32f1xx_hal_rcc.o
                0x08005864                HAL_RCC_ClockConfig
 .text.HAL_RCC_GetSysClockFreq
                0x08005a38       0xa8 ./Drivers/STM32F1xx_HAL_Driver/Src/stm32f1xx_hal_rcc.o
                0x08005a38                HAL_RCC_GetSysClockFreq
 .text.HAL_RCC_GetHCLKFreq
                0x08005ae0       0x14 ./Drivers/STM32F1xx_HAL_Driver/Src/stm32f1xx_hal_rcc.o
                0x08005ae0                HAL_RCC_GetHCLKFreq
 .text.HAL_RCC_GetPCLK1Freq
                0x08005af4       0x28 ./Drivers/STM32F1xx_HAL_Driver/Src/stm32f1xx_hal_rcc.o
                0x08005af4                HAL_RCC_GetPCLK1Freq
 .text.HAL_RCC_GetPCLK2Freq
                0x08005b1c       0x28 ./Drivers/STM32F1xx_HAL_Driver/Src/stm32f1xx_hal_rcc.o
                0x08005b1c                HAL_RCC_GetPCLK2Freq
 .text.RCC_Delay
                0x08005b44       0x3c ./Drivers/STM32F1xx_HAL_Driver/Src/stm32f1xx_hal_rcc.o
 .text.HAL_RCCEx_PeriphCLKConfig
                0x08005b80      0x16c ./Drivers/STM32F1xx_HAL_Driver/Src/stm32f1xx_hal_rcc_ex.o
                0x08005b80                HAL_RCCEx_PeriphCLKConfig
 .text.HAL_RCCEx_GetPeriphCLKFreq
                0x08005cec      0x16c ./Drivers/STM32F1xx_HAL_Driver/Src/stm32f1xx_hal_rcc_ex.o
                0x08005cec                HAL_RCCEx_GetPeriphCLKFreq
 .text.HAL_SPI_Init
                0x08005e58      0x108 ./Drivers/STM32F1xx_HAL_Driver/Src/stm32f1xx_hal_spi.o
                0x08005e58                HAL_SPI_Init
 .text.HAL_SPI_TransmitReceive
                0x08005f60      0x352 ./Drivers/STM32F1xx_HAL_Driver/Src/stm32f1xx_hal_spi.o
                0x08005f60                HAL_SPI_TransmitReceive
 *fill*         0x080062b2        0x2 
 .text.HAL_SPI_Transmit_DMA
                0x080062b4      0x164 ./Drivers/STM32F1xx_HAL_Driver/Src/stm32f1xx_hal_spi.o
                0x080062b4                HAL_SPI_Transmit_DMA
 .text.HAL_SPI_TransmitReceive_DMA
                0x08006418      0x1f8 ./Drivers/STM32F1xx_HAL_Driver/Src/stm32f1xx_hal_spi.o
                0x08006418                HAL_SPI_TransmitReceive_DMA
 .text.HAL_SPI_IRQHandler
                0x08006610      0x1cc ./Drivers/STM32F1xx_HAL_Driver/Src/stm32f1xx_hal_spi.o
                0x08006610                HAL_SPI_IRQHandler
 .text.HAL_SPI_TxCpltCallback
                0x080067dc       0x12 ./Drivers/STM32F1xx_HAL_Driver/Src/stm32f1xx_hal_spi.o
                0x080067dc                HAL_SPI_TxCpltCallback
 .text.HAL_SPI_RxCpltCallback
                0x080067ee       0x12 ./Drivers/STM32F1xx_HAL_Driver/Src/stm32f1xx_hal_spi.o
                0x080067ee                HAL_SPI_RxCpltCallback
 .text.HAL_SPI_TxRxCpltCallback
                0x08006800       0x12 ./Drivers/STM32F1xx_HAL_Driver/Src/stm32f1xx_hal_spi.o
                0x08006800                HAL_SPI_TxRxCpltCallback
 .text.HAL_SPI_TxHalfCpltCallback
                0x08006812       0x12 ./Drivers/STM32F1xx_HAL_Driver/Src/stm32f1xx_hal_spi.o
                0x08006812                HAL_SPI_TxHalfCpltCallback
 .text.HAL_SPI_RxHalfCpltCallback
                0x08006824       0x12 ./Drivers/STM32F1xx_HAL_Driver/Src/stm32f1xx_hal_spi.o
                0x08006824                HAL_SPI_RxHalfCpltCallback
 .text.HAL_SPI_TxRxHalfCpltCallback
                0x08006836       0x12 ./Drivers/STM32F1xx_HAL_Driver/Src/stm32f1xx_hal_spi.o
                0x08006836                HAL_SPI_TxRxHalfCpltCallback
 .text.HAL_SPI_ErrorCallback
                0x08006848       0x12 ./Drivers/STM32F1xx_HAL_Driver/Src/stm32f1xx_hal_spi.o
                0x08006848                HAL_SPI_ErrorCallback
 .text.HAL_SPI_GetState
                0x0800685a       0x1a ./Drivers/STM32F1xx_HAL_Driver/Src/stm32f1xx_hal_spi.o
                0x0800685a                HAL_SPI_GetState
 .text.SPI_DMATransmitCplt
                0x08006874       0xa6 ./Drivers/STM32F1xx_HAL_Driver/Src/stm32f1xx_hal_spi.o
 .text.SPI_DMAReceiveCplt
                0x0800691a       0xa6 ./Drivers/STM32F1xx_HAL_Driver/Src/stm32f1xx_hal_spi.o
 .text.SPI_DMATransmitReceiveCplt
                0x080069c0       0x8e ./Drivers/STM32F1xx_HAL_Driver/Src/stm32f1xx_hal_spi.o
 .text.SPI_DMAHalfTransmitCplt
                0x08006a4e       0x1c ./Drivers/STM32F1xx_HAL_Driver/Src/stm32f1xx_hal_spi.o
 .text.SPI_DMAHalfReceiveCplt
                0x08006a6a       0x1c ./Drivers/STM32F1xx_HAL_Driver/Src/stm32f1xx_hal_spi.o
 .text.SPI_DMAHalfTransmitReceiveCplt
                0x08006a86       0x1c ./Drivers/STM32F1xx_HAL_Driver/Src/stm32f1xx_hal_spi.o
 .text.SPI_DMAError
                0x08006aa2       0x40 ./Drivers/STM32F1xx_HAL_Driver/Src/stm32f1xx_hal_spi.o
 .text.SPI_DMAAbortOnError
                0x08006ae2       0x28 ./Drivers/STM32F1xx_HAL_Driver/Src/stm32f1xx_hal_spi.o
 *fill*         0x08006b0a        0x2 
 .text.SPI_WaitFlagStateUntilTimeout
                0x08006b0c      0x110 ./Drivers/STM32F1xx_HAL_Driver/Src/stm32f1xx_hal_spi.o
 .text.SPI_EndRxTransaction
                0x08006c1c       0xa4 ./Drivers/STM32F1xx_HAL_Driver/Src/stm32f1xx_hal_spi.o
 .text.SPI_EndRxTxTransaction
                0x08006cc0       0x62 ./Drivers/STM32F1xx_HAL_Driver/Src/stm32f1xx_hal_spi.o
 .text.HAL_TIM_Base_Init
                0x08006d22       0x9e ./Drivers/STM32F1xx_HAL_Driver/Src/stm32f1xx_hal_tim.o
                0x08006d22                HAL_TIM_Base_Init
 .text.HAL_TIM_Base_Start_IT
                0x08006dc0       0xa4 ./Drivers/STM32F1xx_HAL_Driver/Src/stm32f1xx_hal_tim.o
                0x08006dc0                HAL_TIM_Base_Start_IT
 .text.HAL_TIM_IRQHandler
                0x08006e64      0x1e0 ./Drivers/STM32F1xx_HAL_Driver/Src/stm32f1xx_hal_tim.o
                0x08006e64                HAL_TIM_IRQHandler
 .text.HAL_TIM_ConfigClockSource
                0x08007044      0x18e ./Drivers/STM32F1xx_HAL_Driver/Src/stm32f1xx_hal_tim.o
                0x08007044                HAL_TIM_ConfigClockSource
 .text.HAL_TIM_OC_DelayElapsedCallback
                0x080071d2       0x12 ./Drivers/STM32F1xx_HAL_Driver/Src/stm32f1xx_hal_tim.o
                0x080071d2                HAL_TIM_OC_DelayElapsedCallback
 .text.HAL_TIM_IC_CaptureCallback
                0x080071e4       0x12 ./Drivers/STM32F1xx_HAL_Driver/Src/stm32f1xx_hal_tim.o
                0x080071e4                HAL_TIM_IC_CaptureCallback
 .text.HAL_TIM_PWM_PulseFinishedCallback
                0x080071f6       0x12 ./Drivers/STM32F1xx_HAL_Driver/Src/stm32f1xx_hal_tim.o
                0x080071f6                HAL_TIM_PWM_PulseFinishedCallback
 .text.HAL_TIM_TriggerCallback
                0x08007208       0x12 ./Drivers/STM32F1xx_HAL_Driver/Src/stm32f1xx_hal_tim.o
                0x08007208                HAL_TIM_TriggerCallback
 *fill*         0x0800721a        0x2 
 .text.TIM_Base_SetConfig
                0x0800721c       0xdc ./Drivers/STM32F1xx_HAL_Driver/Src/stm32f1xx_hal_tim.o
                0x0800721c                TIM_Base_SetConfig
 .text.TIM_TI1_ConfigInputStage
                0x080072f8       0x5c ./Drivers/STM32F1xx_HAL_Driver/Src/stm32f1xx_hal_tim.o
 .text.TIM_TI2_ConfigInputStage
                0x08007354       0x5e ./Drivers/STM32F1xx_HAL_Driver/Src/stm32f1xx_hal_tim.o
 .text.TIM_ITRx_SetConfig
                0x080073b2       0x34 ./Drivers/STM32F1xx_HAL_Driver/Src/stm32f1xx_hal_tim.o
 .text.TIM_ETR_SetConfig
                0x080073e6       0x3e ./Drivers/STM32F1xx_HAL_Driver/Src/stm32f1xx_hal_tim.o
                0x080073e6                TIM_ETR_SetConfig
 .text.HAL_TIMEx_MasterConfigSynchronization
                0x08007424       0xbc ./Drivers/STM32F1xx_HAL_Driver/Src/stm32f1xx_hal_tim_ex.o
                0x08007424                HAL_TIMEx_MasterConfigSynchronization
 .text.HAL_TIMEx_CommutCallback
                0x080074e0       0x12 ./Drivers/STM32F1xx_HAL_Driver/Src/stm32f1xx_hal_tim_ex.o
                0x080074e0                HAL_TIMEx_CommutCallback
 .text.HAL_TIMEx_BreakCallback
                0x080074f2       0x12 ./Drivers/STM32F1xx_HAL_Driver/Src/stm32f1xx_hal_tim_ex.o
                0x080074f2                HAL_TIMEx_BreakCallback
 .text.HAL_UART_Init
                0x08007504       0xa0 ./Drivers/STM32F1xx_HAL_Driver/Src/stm32f1xx_hal_uart.o
                0x08007504                HAL_UART_Init
 .text.HAL_UART_IRQHandler
                0x080075a4      0x524 ./Drivers/STM32F1xx_HAL_Driver/Src/stm32f1xx_hal_uart.o
                0x080075a4                HAL_UART_IRQHandler
 .text.HAL_UART_TxCpltCallback
                0x08007ac8       0x12 ./Drivers/STM32F1xx_HAL_Driver/Src/stm32f1xx_hal_uart.o
                0x08007ac8                HAL_UART_TxCpltCallback
 .text.HAL_UART_RxCpltCallback
                0x08007ada       0x12 ./Drivers/STM32F1xx_HAL_Driver/Src/stm32f1xx_hal_uart.o
                0x08007ada                HAL_UART_RxCpltCallback
 .text.HAL_UART_ErrorCallback
                0x08007aec       0x12 ./Drivers/STM32F1xx_HAL_Driver/Src/stm32f1xx_hal_uart.o
                0x08007aec                HAL_UART_ErrorCallback
 .text.HAL_UARTEx_RxEventCallback
                0x08007afe       0x16 ./Drivers/STM32F1xx_HAL_Driver/Src/stm32f1xx_hal_uart.o
                0x08007afe                HAL_UARTEx_RxEventCallback
 .text.UART_EndRxTransfer
                0x08007b14       0xc4 ./Drivers/STM32F1xx_HAL_Driver/Src/stm32f1xx_hal_uart.o
 .text.UART_DMAAbortOnError
                0x08007bd8       0x28 ./Drivers/STM32F1xx_HAL_Driver/Src/stm32f1xx_hal_uart.o
 .text.UART_Transmit_IT
                0x08007c00       0x9e ./Drivers/STM32F1xx_HAL_Driver/Src/stm32f1xx_hal_uart.o
 .text.UART_EndTransmit_IT
                0x08007c9e       0x30 ./Drivers/STM32F1xx_HAL_Driver/Src/stm32f1xx_hal_uart.o
 .text.UART_Receive_IT
                0x08007cce      0x17c ./Drivers/STM32F1xx_HAL_Driver/Src/stm32f1xx_hal_uart.o
 *fill*         0x08007e4a        0x2 
 .text.UART_SetConfig
                0x08007e4c      0x11c ./Drivers/STM32F1xx_HAL_Driver/Src/stm32f1xx_hal_uart.o
 .text.OLED_Init
                0x08007f68       0x38 ./oled/Src/oled.o
                0x08007f68                OLED_Init
 .text.Oled_WriteCommand
                0x08007fa0       0x24 ./oled/Src/oled.o
                0x08007fa0                Oled_WriteCommand
 .text.Oled_WriteData
                0x08007fc4       0x28 ./oled/Src/oled.o
                0x08007fc4                Oled_WriteData
 .text.OLED_Clear
                0x08007fec       0x5a ./oled/Src/oled.o
                0x08007fec                OLED_Clear
 .text.OLED_Set_Pos
                0x08008046       0x44 ./oled/Src/oled.o
                0x08008046                OLED_Set_Pos
 *fill*         0x0800808a        0x2 
 .text.OLED_ShowChar
                0x0800808c      0x160 ./oled/Src/oled.o
                0x0800808c                OLED_ShowChar
 .text.OLED_ShowString
                0x080081ec       0xa0 ./oled/Src/oled.o
                0x080081ec                OLED_ShowString
 .text.snprintf
                0x0800828c       0x6c F:/STM/STM32CubeIDE_1.16.1/STM32CubeIDE/plugins/com.st.stm32cube.ide.mcu.externaltools.gnu-tools-for-stm32.13.3.rel1.win32_1.0.0.202411081344/tools/bin/../lib/gcc/arm-none-eabi/13.3.1/../../../../arm-none-eabi/lib/thumb/v7-m/nofp\libc_nano.a(libc_a-snprintf.o)
                0x0800828c                sniprintf
                0x0800828c                snprintf
 .text.sprintf  0x080082f8       0x44 F:/STM/STM32CubeIDE_1.16.1/STM32CubeIDE/plugins/com.st.stm32cube.ide.mcu.externaltools.gnu-tools-for-stm32.13.3.rel1.win32_1.0.0.202411081344/tools/bin/../lib/gcc/arm-none-eabi/13.3.1/../../../../arm-none-eabi/lib/thumb/v7-m/nofp\libc_nano.a(libc_a-sprintf.o)
                0x080082f8                siprintf
                0x080082f8                sprintf
 .text.memset   0x0800833c       0x10 F:/STM/STM32CubeIDE_1.16.1/STM32CubeIDE/plugins/com.st.stm32cube.ide.mcu.externaltools.gnu-tools-for-stm32.13.3.rel1.win32_1.0.0.202411081344/tools/bin/../lib/gcc/arm-none-eabi/13.3.1/../../../../arm-none-eabi/lib/thumb/v7-m/nofp\libc_nano.a(libc_a-memset.o)
                0x0800833c                memset
 .text.__errno  0x0800834c        0xc F:/STM/STM32CubeIDE_1.16.1/STM32CubeIDE/plugins/com.st.stm32cube.ide.mcu.externaltools.gnu-tools-for-stm32.13.3.rel1.win32_1.0.0.202411081344/tools/bin/../lib/gcc/arm-none-eabi/13.3.1/../../../../arm-none-eabi/lib/thumb/v7-m/nofp\libc_nano.a(libc_a-errno.o)
                0x0800834c                __errno
 .text.__libc_init_array
                0x08008358       0x48 F:/STM/STM32CubeIDE_1.16.1/STM32CubeIDE/plugins/com.st.stm32cube.ide.mcu.externaltools.gnu-tools-for-stm32.13.3.rel1.win32_1.0.0.202411081344/tools/bin/../lib/gcc/arm-none-eabi/13.3.1/../../../../arm-none-eabi/lib/thumb/v7-m/nofp\libc_nano.a(libc_a-init.o)
                0x08008358                __libc_init_array
 .text.__retarget_lock_acquire_recursive
                0x080083a0        0x2 F:/STM/STM32CubeIDE_1.16.1/STM32CubeIDE/plugins/com.st.stm32cube.ide.mcu.externaltools.gnu-tools-for-stm32.13.3.rel1.win32_1.0.0.202411081344/tools/bin/../lib/gcc/arm-none-eabi/13.3.1/../../../../arm-none-eabi/lib/thumb/v7-m/nofp\libc_nano.a(libc_a-lock.o)
                0x080083a0                __retarget_lock_acquire_recursive
 .text.__retarget_lock_release_recursive
                0x080083a2        0x2 F:/STM/STM32CubeIDE_1.16.1/STM32CubeIDE/plugins/com.st.stm32cube.ide.mcu.externaltools.gnu-tools-for-stm32.13.3.rel1.win32_1.0.0.202411081344/tools/bin/../lib/gcc/arm-none-eabi/13.3.1/../../../../arm-none-eabi/lib/thumb/v7-m/nofp\libc_nano.a(libc_a-lock.o)
                0x080083a2                __retarget_lock_release_recursive
 .text.memcpy   0x080083a4       0x1c F:/STM/STM32CubeIDE_1.16.1/STM32CubeIDE/plugins/com.st.stm32cube.ide.mcu.externaltools.gnu-tools-for-stm32.13.3.rel1.win32_1.0.0.202411081344/tools/bin/../lib/gcc/arm-none-eabi/13.3.1/../../../../arm-none-eabi/lib/thumb/v7-m/nofp\libc_nano.a(libc_a-memcpy-stub.o)
                0x080083a4                memcpy
 .text._free_r  0x080083c0       0x90 F:/STM/STM32CubeIDE_1.16.1/STM32CubeIDE/plugins/com.st.stm32cube.ide.mcu.externaltools.gnu-tools-for-stm32.13.3.rel1.win32_1.0.0.202411081344/tools/bin/../lib/gcc/arm-none-eabi/13.3.1/../../../../arm-none-eabi/lib/thumb/v7-m/nofp\libc_nano.a(libc_a-freer.o)
                0x080083c0                _free_r
 .text.sbrk_aligned
                0x08008450       0x44 F:/STM/STM32CubeIDE_1.16.1/STM32CubeIDE/plugins/com.st.stm32cube.ide.mcu.externaltools.gnu-tools-for-stm32.13.3.rel1.win32_1.0.0.202411081344/tools/bin/../lib/gcc/arm-none-eabi/13.3.1/../../../../arm-none-eabi/lib/thumb/v7-m/nofp\libc_nano.a(libc_a-mallocr.o)
 .text._malloc_r
                0x08008494      0x100 F:/STM/STM32CubeIDE_1.16.1/STM32CubeIDE/plugins/com.st.stm32cube.ide.mcu.externaltools.gnu-tools-for-stm32.13.3.rel1.win32_1.0.0.202411081344/tools/bin/../lib/gcc/arm-none-eabi/13.3.1/../../../../arm-none-eabi/lib/thumb/v7-m/nofp\libc_nano.a(libc_a-mallocr.o)
                0x08008494                _malloc_r
 .text.__malloc_lock
                0x08008594        0xc F:/STM/STM32CubeIDE_1.16.1/STM32CubeIDE/plugins/com.st.stm32cube.ide.mcu.externaltools.gnu-tools-for-stm32.13.3.rel1.win32_1.0.0.202411081344/tools/bin/../lib/gcc/arm-none-eabi/13.3.1/../../../../arm-none-eabi/lib/thumb/v7-m/nofp\libc_nano.a(libc_a-mlock.o)
                0x08008594                __malloc_lock
 .text.__malloc_unlock
                0x080085a0        0xc F:/STM/STM32CubeIDE_1.16.1/STM32CubeIDE/plugins/com.st.stm32cube.ide.mcu.externaltools.gnu-tools-for-stm32.13.3.rel1.win32_1.0.0.202411081344/tools/bin/../lib/gcc/arm-none-eabi/13.3.1/../../../../arm-none-eabi/lib/thumb/v7-m/nofp\libc_nano.a(libc_a-mlock.o)
                0x080085a0                __malloc_unlock
 .text.__ssputs_r
                0x080085ac       0xb6 F:/STM/STM32CubeIDE_1.16.1/STM32CubeIDE/plugins/com.st.stm32cube.ide.mcu.externaltools.gnu-tools-for-stm32.13.3.rel1.win32_1.0.0.202411081344/tools/bin/../lib/gcc/arm-none-eabi/13.3.1/../../../../arm-none-eabi/lib/thumb/v7-m/nofp\libc_nano.a(libc_a-nano-svfprintf.o)
                0x080085ac                __ssputs_r
 *fill*         0x08008662        0x2 
 .text._svfprintf_r
                0x08008664      0x1f8 F:/STM/STM32CubeIDE_1.16.1/STM32CubeIDE/plugins/com.st.stm32cube.ide.mcu.externaltools.gnu-tools-for-stm32.13.3.rel1.win32_1.0.0.202411081344/tools/bin/../lib/gcc/arm-none-eabi/13.3.1/../../../../arm-none-eabi/lib/thumb/v7-m/nofp\libc_nano.a(libc_a-nano-svfprintf.o)
                0x08008664                _svfiprintf_r
                0x08008664                _svfprintf_r
 .text._printf_common
                0x0800885c       0xe4 F:/STM/STM32CubeIDE_1.16.1/STM32CubeIDE/plugins/com.st.stm32cube.ide.mcu.externaltools.gnu-tools-for-stm32.13.3.rel1.win32_1.0.0.202411081344/tools/bin/../lib/gcc/arm-none-eabi/13.3.1/../../../../arm-none-eabi/lib/thumb/v7-m/nofp\libc_nano.a(libc_a-nano-vfprintf_i.o)
                0x0800885c                _printf_common
 .text._printf_i
                0x08008940      0x23c F:/STM/STM32CubeIDE_1.16.1/STM32CubeIDE/plugins/com.st.stm32cube.ide.mcu.externaltools.gnu-tools-for-stm32.13.3.rel1.win32_1.0.0.202411081344/tools/bin/../lib/gcc/arm-none-eabi/13.3.1/../../../../arm-none-eabi/lib/thumb/v7-m/nofp\libc_nano.a(libc_a-nano-vfprintf_i.o)
                0x08008940                _printf_i
 .text.memmove  0x08008b7c       0x34 F:/STM/STM32CubeIDE_1.16.1/STM32CubeIDE/plugins/com.st.stm32cube.ide.mcu.externaltools.gnu-tools-for-stm32.13.3.rel1.win32_1.0.0.202411081344/tools/bin/../lib/gcc/arm-none-eabi/13.3.1/../../../../arm-none-eabi/lib/thumb/v7-m/nofp\libc_nano.a(libc_a-memmove.o)
                0x08008b7c                memmove
 .text._sbrk_r  0x08008bb0       0x20 F:/STM/STM32CubeIDE_1.16.1/STM32CubeIDE/plugins/com.st.stm32cube.ide.mcu.externaltools.gnu-tools-for-stm32.13.3.rel1.win32_1.0.0.202411081344/tools/bin/../lib/gcc/arm-none-eabi/13.3.1/../../../../arm-none-eabi/lib/thumb/v7-m/nofp\libc_nano.a(libc_a-sbrkr.o)
                0x08008bb0                _sbrk_r
 .text.memchr   0x08008bd0       0x1c F:/STM/STM32CubeIDE_1.16.1/STM32CubeIDE/plugins/com.st.stm32cube.ide.mcu.externaltools.gnu-tools-for-stm32.13.3.rel1.win32_1.0.0.202411081344/tools/bin/../lib/gcc/arm-none-eabi/13.3.1/../../../../arm-none-eabi/lib/thumb/v7-m/nofp\libc_nano.a(libc_a-memchr-stub.o)
                0x08008bd0                memchr
 .text._realloc_r
                0x08008bec       0x5c F:/STM/STM32CubeIDE_1.16.1/STM32CubeIDE/plugins/com.st.stm32cube.ide.mcu.externaltools.gnu-tools-for-stm32.13.3.rel1.win32_1.0.0.202411081344/tools/bin/../lib/gcc/arm-none-eabi/13.3.1/../../../../arm-none-eabi/lib/thumb/v7-m/nofp\libc_nano.a(libc_a-reallocr.o)
                0x08008bec                _realloc_r
 .text._malloc_usable_size_r
                0x08008c48       0x10 F:/STM/STM32CubeIDE_1.16.1/STM32CubeIDE/plugins/com.st.stm32cube.ide.mcu.externaltools.gnu-tools-for-stm32.13.3.rel1.win32_1.0.0.202411081344/tools/bin/../lib/gcc/arm-none-eabi/13.3.1/../../../../arm-none-eabi/lib/thumb/v7-m/nofp\libc_nano.a(libc_a-msizer.o)
                0x08008c48                _malloc_usable_size_r
 *(.glue_7)
 .glue_7        0x08008c58        0x0 linker stubs
 *(.glue_7t)
 .glue_7t       0x08008c58        0x0 linker stubs
 *(.eh_frame)
 .eh_frame      0x08008c58        0x0 F:/STM/STM32CubeIDE_1.16.1/STM32CubeIDE/plugins/com.st.stm32cube.ide.mcu.externaltools.gnu-tools-for-stm32.13.3.rel1.win32_1.0.0.202411081344/tools/bin/../lib/gcc/arm-none-eabi/13.3.1/thumb/v7-m/nofp/crtbegin.o
 *(.init)
 .init          0x08008c58        0x4 F:/STM/STM32CubeIDE_1.16.1/STM32CubeIDE/plugins/com.st.stm32cube.ide.mcu.externaltools.gnu-tools-for-stm32.13.3.rel1.win32_1.0.0.202411081344/tools/bin/../lib/gcc/arm-none-eabi/13.3.1/thumb/v7-m/nofp/crti.o
                0x08008c58                _init
 .init          0x08008c5c        0x8 F:/STM/STM32CubeIDE_1.16.1/STM32CubeIDE/plugins/com.st.stm32cube.ide.mcu.externaltools.gnu-tools-for-stm32.13.3.rel1.win32_1.0.0.202411081344/tools/bin/../lib/gcc/arm-none-eabi/13.3.1/thumb/v7-m/nofp/crtn.o
 *(.fini)
 .fini          0x08008c64        0x4 F:/STM/STM32CubeIDE_1.16.1/STM32CubeIDE/plugins/com.st.stm32cube.ide.mcu.externaltools.gnu-tools-for-stm32.13.3.rel1.win32_1.0.0.202411081344/tools/bin/../lib/gcc/arm-none-eabi/13.3.1/thumb/v7-m/nofp/crti.o
                0x08008c64                _fini
 .fini          0x08008c68        0x8 F:/STM/STM32CubeIDE_1.16.1/STM32CubeIDE/plugins/com.st.stm32cube.ide.mcu.externaltools.gnu-tools-for-stm32.13.3.rel1.win32_1.0.0.202411081344/tools/bin/../lib/gcc/arm-none-eabi/13.3.1/thumb/v7-m/nofp/crtn.o
                0x08008c70                        . = ALIGN (0x4)
                0x08008c70                        _etext = .

.vfp11_veneer   0x08008c70        0x0
 .vfp11_veneer  0x08008c70        0x0 linker stubs

.v4_bx          0x08008c70        0x0
 .v4_bx         0x08008c70        0x0 linker stubs

.iplt           0x08008c70        0x0
 .iplt          0x08008c70        0x0 F:/STM/STM32CubeIDE_1.16.1/STM32CubeIDE/plugins/com.st.stm32cube.ide.mcu.externaltools.gnu-tools-for-stm32.13.3.rel1.win32_1.0.0.202411081344/tools/bin/../lib/gcc/arm-none-eabi/13.3.1/thumb/v7-m/nofp/crtbegin.o

.rodata         0x08008c70      0x8d8
                0x08008c70                        . = ALIGN (0x4)
 *(.rodata)
 .rodata        0x08008c70       0x1b ./Core/Src/main.o
 *fill*         0x08008c8b        0x1 
 .rodata        0x08008c8c       0x29 ./Core/Src/nrf24l01.o
 *(.rodata*)
 *fill*         0x08008cb5        0x3 
 .rodata.init_config.0
                0x08008cb8       0x12 ./Core/Src/nrf24l01.o
 *fill*         0x08008cca        0x2 
 .rodata.AHBPrescTable
                0x08008ccc       0x10 ./Core/Src/system_stm32f1xx.o
                0x08008ccc                AHBPrescTable
 .rodata.APBPrescTable
                0x08008cdc        0x8 ./Core/Src/system_stm32f1xx.o
                0x08008cdc                APBPrescTable
 .rodata.aPLLMULFactorTable.1
                0x08008ce4       0x10 ./Drivers/STM32F1xx_HAL_Driver/Src/stm32f1xx_hal_rcc.o
 .rodata.aPredivFactorTable.0
                0x08008cf4        0x2 ./Drivers/STM32F1xx_HAL_Driver/Src/stm32f1xx_hal_rcc.o
 *fill*         0x08008cf6        0x2 
 .rodata.aPLLMULFactorTable.1
                0x08008cf8       0x10 ./Drivers/STM32F1xx_HAL_Driver/Src/stm32f1xx_hal_rcc_ex.o
 .rodata.aPredivFactorTable.0
                0x08008d08        0x2 ./Drivers/STM32F1xx_HAL_Driver/Src/stm32f1xx_hal_rcc_ex.o
 *fill*         0x08008d0a        0x2 
 .rodata.F6x8   0x08008d0c      0x228 ./oled/Src/oled.o
                0x08008d0c                F6x8
 .rodata.F8X16  0x08008f34      0x5e0 ./oled/Src/oled.o
                0x08008f34                F8X16
 .rodata._svfprintf_r.str1.1
                0x08009514       0x33 F:/STM/STM32CubeIDE_1.16.1/STM32CubeIDE/plugins/com.st.stm32cube.ide.mcu.externaltools.gnu-tools-for-stm32.13.3.rel1.win32_1.0.0.202411081344/tools/bin/../lib/gcc/arm-none-eabi/13.3.1/../../../../arm-none-eabi/lib/thumb/v7-m/nofp\libc_nano.a(libc_a-nano-svfprintf.o)
                                 0x11 (size before relaxing)
 .rodata._printf_i.str1.1
                0x08009547       0x22 F:/STM/STM32CubeIDE_1.16.1/STM32CubeIDE/plugins/com.st.stm32cube.ide.mcu.externaltools.gnu-tools-for-stm32.13.3.rel1.win32_1.0.0.202411081344/tools/bin/../lib/gcc/arm-none-eabi/13.3.1/../../../../arm-none-eabi/lib/thumb/v7-m/nofp\libc_nano.a(libc_a-nano-vfprintf_i.o)
                0x0800956c                        . = ALIGN (0x4)
 *fill*         0x08009547        0x1 

.ARM.extab      0x08009548        0x0
                0x08009548                        . = ALIGN (0x4)
 *(.ARM.extab* .gnu.linkonce.armextab.*)
                0x08009548                        . = ALIGN (0x4)

.ARM            0x08009548        0x8
                0x08009548                        . = ALIGN (0x4)
                0x08009548                        __exidx_start = .
 *(.ARM.exidx*)
 .ARM.exidx     0x08009548        0x8 F:/STM/STM32CubeIDE_1.16.1/STM32CubeIDE/plugins/com.st.stm32cube.ide.mcu.externaltools.gnu-tools-for-stm32.13.3.rel1.win32_1.0.0.202411081344/tools/bin/../lib/gcc/arm-none-eabi/13.3.1/../../../../arm-none-eabi/lib/thumb/v7-m/nofp\libc_nano.a(libc_a-strlen.o)
                0x08009550                        __exidx_end = .
                0x08009550                        . = ALIGN (0x4)

.preinit_array  0x08009550        0x0
                0x08009550                        . = ALIGN (0x4)
                0x08009550                        PROVIDE (__preinit_array_start = .)
 *(.preinit_array*)
                0x08009550                        PROVIDE (__preinit_array_end = .)
                0x08009550                        . = ALIGN (0x4)

.init_array     0x08009550        0x4
                0x08009550                        . = ALIGN (0x4)
                0x08009550                        PROVIDE (__init_array_start = .)
 *(SORT_BY_NAME(.init_array.*))
 *(.init_array*)
 .init_array    0x08009550        0x4 F:/STM/STM32CubeIDE_1.16.1/STM32CubeIDE/plugins/com.st.stm32cube.ide.mcu.externaltools.gnu-tools-for-stm32.13.3.rel1.win32_1.0.0.202411081344/tools/bin/../lib/gcc/arm-none-eabi/13.3.1/thumb/v7-m/nofp/crtbegin.o
                0x08009554                        PROVIDE (__init_array_end = .)
                0x08009554                        . = ALIGN (0x4)

.fini_array     0x08009554        0x4
                0x08009554                        . = ALIGN (0x4)
                [!provide]                        PROVIDE (__fini_array_start = .)
 *(SORT_BY_NAME(.fini_array.*))
 *(.fini_array*)
 .fini_array    0x08009554        0x4 F:/STM/STM32CubeIDE_1.16.1/STM32CubeIDE/plugins/com.st.stm32cube.ide.mcu.externaltools.gnu-tools-for-stm32.13.3.rel1.win32_1.0.0.202411081344/tools/bin/../lib/gcc/arm-none-eabi/13.3.1/thumb/v7-m/nofp/crtbegin.o
                [!provide]                        PROVIDE (__fini_array_end = .)
                0x08009558                        . = ALIGN (0x4)
                0x08009558                        _sidata = LOADADDR (.data)

.rel.dyn        0x08009558        0x0
 .rel.iplt      0x08009558        0x0 F:/STM/STM32CubeIDE_1.16.1/STM32CubeIDE/plugins/com.st.stm32cube.ide.mcu.externaltools.gnu-tools-for-stm32.13.3.rel1.win32_1.0.0.202411081344/tools/bin/../lib/gcc/arm-none-eabi/13.3.1/thumb/v7-m/nofp/crtbegin.o

.data           0x20000000       0x74 load address 0x08009558
                0x20000000                        . = ALIGN (0x4)
                0x20000000                        _sdata = .
 *(.data)
 *(.data*)
 .data.SystemCoreClock
                0x20000000        0x4 ./Core/Src/system_stm32f1xx.o
                0x20000000                SystemCoreClock
 .data.uwTickPrio
                0x20000004        0x4 ./Drivers/STM32F1xx_HAL_Driver/Src/stm32f1xx_hal.o
                0x20000004                uwTickPrio
 .data.uwTickFreq
                0x20000008        0x1 ./Drivers/STM32F1xx_HAL_Driver/Src/stm32f1xx_hal.o
                0x20000008                uwTickFreq
 *fill*         0x20000009        0x3 
 .data.init_cmds
                0x2000000c       0x17 ./oled/Src/oled.o
                0x2000000c                init_cmds
 *fill*         0x20000023        0x1 
 .data._impure_ptr
                0x20000024        0x4 F:/STM/STM32CubeIDE_1.16.1/STM32CubeIDE/plugins/com.st.stm32cube.ide.mcu.externaltools.gnu-tools-for-stm32.13.3.rel1.win32_1.0.0.202411081344/tools/bin/../lib/gcc/arm-none-eabi/13.3.1/../../../../arm-none-eabi/lib/thumb/v7-m/nofp\libc_nano.a(libc_a-impure.o)
                0x20000024                _impure_ptr
 .data._impure_data
                0x20000028       0x4c F:/STM/STM32CubeIDE_1.16.1/STM32CubeIDE/plugins/com.st.stm32cube.ide.mcu.externaltools.gnu-tools-for-stm32.13.3.rel1.win32_1.0.0.202411081344/tools/bin/../lib/gcc/arm-none-eabi/13.3.1/../../../../arm-none-eabi/lib/thumb/v7-m/nofp\libc_nano.a(libc_a-impure.o)
                0x20000028                _impure_data
 *(.RamFunc)
 *(.RamFunc*)
                0x20000074                        . = ALIGN (0x4)
                0x20000074                        _edata = .

.igot.plt       0x20000074        0x0 load address 0x080095cc
 .igot.plt      0x20000074        0x0 F:/STM/STM32CubeIDE_1.16.1/STM32CubeIDE/plugins/com.st.stm32cube.ide.mcu.externaltools.gnu-tools-for-stm32.13.3.rel1.win32_1.0.0.202411081344/tools/bin/../lib/gcc/arm-none-eabi/13.3.1/thumb/v7-m/nofp/crtbegin.o
                0x20000074                        . = ALIGN (0x4)

.bss            0x20000078      0x52c load address 0x080095cc
                0x20000078                        _sbss = .
                0x20000078                        __bss_start__ = _sbss
 *(.bss)
 .bss           0x20000078       0x1c F:/STM/STM32CubeIDE_1.16.1/STM32CubeIDE/plugins/com.st.stm32cube.ide.mcu.externaltools.gnu-tools-for-stm32.13.3.rel1.win32_1.0.0.202411081344/tools/bin/../lib/gcc/arm-none-eabi/13.3.1/thumb/v7-m/nofp/crtbegin.o
 *(.bss*)
 .bss.hadc1     0x20000094       0x30 ./Core/Src/adc.o
                0x20000094                hadc1
 .bss.hdma_adc1
                0x200000c4       0x44 ./Core/Src/adc.o
                0x200000c4                hdma_adc1
 .bss.hi2c1     0x20000108       0x54 ./Core/Src/i2c.o
                0x20000108                hi2c1
 .bss.hdma_i2c1_rx
                0x2000015c       0x44 ./Core/Src/i2c.o
                0x2000015c                hdma_i2c1_rx
 .bss.hdma_i2c1_tx
                0x200001a0       0x44 ./Core/Src/i2c.o
                0x200001a0                hdma_i2c1_tx
 .bss.tx_buffer
                0x200001e4       0x14 ./Core/Src/main.o
                0x200001e4                tx_buffer
 .bss.remode1   0x200001f8       0x32 ./Core/Src/main.o
                0x200001f8                remode1
 *fill*         0x2000022a        0x2 
 .bss.remode2   0x2000022c       0x32 ./Core/Src/main.o
                0x2000022c                remode2
 *fill*         0x2000025e        0x2 
 .bss.adc_raw   0x20000260        0x8 ./Core/Src/main.o
                0x20000260                adc_raw
 .bss.filtered_values
                0x20000268        0x8 ./Core/Src/main.o
                0x20000268                filtered_values
 .bss.timer_flag
                0x20000270        0x1 ./Core/Src/main.o
                0x20000270                timer_flag
 *fill*         0x20000271        0x3 
 .bss.joystick_filters
                0x20000274       0x48 ./Core/Src/main.o
                0x20000274                joystick_filters
 .bss.i.0       0x200002bc        0x1 ./Core/Src/main.o
 *fill*         0x200002bd        0x3 
 .bss.hspi1     0x200002c0       0x58 ./Core/Src/spi.o
                0x200002c0                hspi1
 .bss.hdma_spi1_rx
                0x20000318       0x44 ./Core/Src/spi.o
                0x20000318                hdma_spi1_rx
 .bss.hdma_spi1_tx
                0x2000035c       0x44 ./Core/Src/spi.o
                0x2000035c                hdma_spi1_tx
 .bss.__sbrk_heap_end
                0x200003a0        0x4 ./Core/Src/sysmem.o
 .bss.htim1     0x200003a4       0x48 ./Core/Src/tim.o
                0x200003a4                htim1
 .bss.huart1    0x200003ec       0x48 ./Core/Src/usart.o
                0x200003ec                huart1
 .bss.uwTick    0x20000434        0x4 ./Drivers/STM32F1xx_HAL_Driver/Src/stm32f1xx_hal.o
                0x20000434                uwTick
 .bss.pFlash    0x20000438       0x20 ./Drivers/STM32F1xx_HAL_Driver/Src/stm32f1xx_hal_flash.o
                0x20000438                pFlash
 .bss.clean     0x20000458        0x4 ./oled/Src/oled.o
                0x20000458                clean
 .bss.__sf      0x2000045c      0x138 F:/STM/STM32CubeIDE_1.16.1/STM32CubeIDE/plugins/com.st.stm32cube.ide.mcu.externaltools.gnu-tools-for-stm32.13.3.rel1.win32_1.0.0.202411081344/tools/bin/../lib/gcc/arm-none-eabi/13.3.1/../../../../arm-none-eabi/lib/thumb/v7-m/nofp\libc_nano.a(libc_a-findfp.o)
                0x2000045c                __sf
 .bss.errno     0x20000594        0x4 F:/STM/STM32CubeIDE_1.16.1/STM32CubeIDE/plugins/com.st.stm32cube.ide.mcu.externaltools.gnu-tools-for-stm32.13.3.rel1.win32_1.0.0.202411081344/tools/bin/../lib/gcc/arm-none-eabi/13.3.1/../../../../arm-none-eabi/lib/thumb/v7-m/nofp\libc_nano.a(libc_a-reent.o)
                0x20000594                errno
 .bss.__lock___malloc_recursive_mutex
                0x20000598        0x1 F:/STM/STM32CubeIDE_1.16.1/STM32CubeIDE/plugins/com.st.stm32cube.ide.mcu.externaltools.gnu-tools-for-stm32.13.3.rel1.win32_1.0.0.202411081344/tools/bin/../lib/gcc/arm-none-eabi/13.3.1/../../../../arm-none-eabi/lib/thumb/v7-m/nofp\libc_nano.a(libc_a-lock.o)
                0x20000598                __lock___malloc_recursive_mutex
 *fill*         0x20000599        0x3 
 .bss.__malloc_sbrk_start
                0x2000059c        0x4 F:/STM/STM32CubeIDE_1.16.1/STM32CubeIDE/plugins/com.st.stm32cube.ide.mcu.externaltools.gnu-tools-for-stm32.13.3.rel1.win32_1.0.0.202411081344/tools/bin/../lib/gcc/arm-none-eabi/13.3.1/../../../../arm-none-eabi/lib/thumb/v7-m/nofp\libc_nano.a(libc_a-mallocr.o)
                0x2000059c                __malloc_sbrk_start
 .bss.__malloc_free_list
                0x200005a0        0x4 F:/STM/STM32CubeIDE_1.16.1/STM32CubeIDE/plugins/com.st.stm32cube.ide.mcu.externaltools.gnu-tools-for-stm32.13.3.rel1.win32_1.0.0.202411081344/tools/bin/../lib/gcc/arm-none-eabi/13.3.1/../../../../arm-none-eabi/lib/thumb/v7-m/nofp\libc_nano.a(libc_a-mallocr.o)
                0x200005a0                __malloc_free_list
 *(COMMON)
                0x200005a4                        . = ALIGN (0x4)
                0x200005a4                        _ebss = .
                0x200005a4                        __bss_end__ = _ebss

._user_heap_stack
                0x200005a4      0x604 load address 0x080095cc
                0x200005a8                        . = ALIGN (0x8)
 *fill*         0x200005a4        0x4 
                [!provide]                        PROVIDE (end = .)
                0x200005a8                        PROVIDE (_end = .)
                0x200007a8                        . = (. + _Min_Heap_Size)
 *fill*         0x200005a8      0x200 
                0x20000ba8                        . = (. + _Min_Stack_Size)
 *fill*         0x200007a8      0x400 
                0x20000ba8                        . = ALIGN (0x8)

/DISCARD/
 libc.a(*)
 libm.a(*)
 libgcc.a(*)

.ARM.attributes
                0x00000000       0x29
 *(.ARM.attributes)
 .ARM.attributes
                0x00000000       0x1d F:/STM/STM32CubeIDE_1.16.1/STM32CubeIDE/plugins/com.st.stm32cube.ide.mcu.externaltools.gnu-tools-for-stm32.13.3.rel1.win32_1.0.0.202411081344/tools/bin/../lib/gcc/arm-none-eabi/13.3.1/thumb/v7-m/nofp/crti.o
 .ARM.attributes
                0x0000001d       0x2d F:/STM/STM32CubeIDE_1.16.1/STM32CubeIDE/plugins/com.st.stm32cube.ide.mcu.externaltools.gnu-tools-for-stm32.13.3.rel1.win32_1.0.0.202411081344/tools/bin/../lib/gcc/arm-none-eabi/13.3.1/thumb/v7-m/nofp/crtbegin.o
 .ARM.attributes
                0x0000004a       0x2d ./Core/Src/adc.o
 .ARM.attributes
                0x00000077       0x2d ./Core/Src/dma.o
 .ARM.attributes
                0x000000a4       0x2d ./Core/Src/gpio.o
 .ARM.attributes
                0x000000d1       0x2d ./Core/Src/i2c.o
 .ARM.attributes
                0x000000fe       0x2d ./Core/Src/main.o
 .ARM.attributes
                0x0000012b       0x2d ./Core/Src/nrf24l01.o
 .ARM.attributes
                0x00000158       0x2d ./Core/Src/spi.o
 .ARM.attributes
                0x00000185       0x2d ./Core/Src/stm32f1xx_hal_msp.o
 .ARM.attributes
                0x000001b2       0x2d ./Core/Src/stm32f1xx_it.o
 .ARM.attributes
                0x000001df       0x2d ./Core/Src/sysmem.o
 .ARM.attributes
                0x0000020c       0x2d ./Core/Src/system_stm32f1xx.o
 .ARM.attributes
                0x00000239       0x2d ./Core/Src/tim.o
 .ARM.attributes
                0x00000266       0x2d ./Core/Src/usart.o
 .ARM.attributes
                0x00000293       0x21 ./Core/Startup/startup_stm32f103c8tx.o
 .ARM.attributes
                0x000002b4       0x2d ./Drivers/STM32F1xx_HAL_Driver/Src/stm32f1xx_hal.o
 .ARM.attributes
                0x000002e1       0x2d ./Drivers/STM32F1xx_HAL_Driver/Src/stm32f1xx_hal_adc.o
 .ARM.attributes
                0x0000030e       0x2d ./Drivers/STM32F1xx_HAL_Driver/Src/stm32f1xx_hal_adc_ex.o
 .ARM.attributes
                0x0000033b       0x2d ./Drivers/STM32F1xx_HAL_Driver/Src/stm32f1xx_hal_cortex.o
 .ARM.attributes
                0x00000368       0x2d ./Drivers/STM32F1xx_HAL_Driver/Src/stm32f1xx_hal_dma.o
 .ARM.attributes
                0x00000395       0x2d ./Drivers/STM32F1xx_HAL_Driver/Src/stm32f1xx_hal_flash.o
 .ARM.attributes
                0x000003c2       0x2d ./Drivers/STM32F1xx_HAL_Driver/Src/stm32f1xx_hal_flash_ex.o
 .ARM.attributes
                0x000003ef       0x2d ./Drivers/STM32F1xx_HAL_Driver/Src/stm32f1xx_hal_gpio.o
 .ARM.attributes
                0x0000041c       0x2d ./Drivers/STM32F1xx_HAL_Driver/Src/stm32f1xx_hal_i2c.o
 .ARM.attributes
                0x00000449       0x2d ./Drivers/STM32F1xx_HAL_Driver/Src/stm32f1xx_hal_rcc.o
 .ARM.attributes
                0x00000476       0x2d ./Drivers/STM32F1xx_HAL_Driver/Src/stm32f1xx_hal_rcc_ex.o
 .ARM.attributes
                0x000004a3       0x2d ./Drivers/STM32F1xx_HAL_Driver/Src/stm32f1xx_hal_spi.o
 .ARM.attributes
                0x000004d0       0x2d ./Drivers/STM32F1xx_HAL_Driver/Src/stm32f1xx_hal_tim.o
 .ARM.attributes
                0x000004fd       0x2d ./Drivers/STM32F1xx_HAL_Driver/Src/stm32f1xx_hal_tim_ex.o
 .ARM.attributes
                0x0000052a       0x2d ./Drivers/STM32F1xx_HAL_Driver/Src/stm32f1xx_hal_uart.o
 .ARM.attributes
                0x00000557       0x2d ./oled/Src/oled.o
 .ARM.attributes
                0x00000584       0x2d F:/STM/STM32CubeIDE_1.16.1/STM32CubeIDE/plugins/com.st.stm32cube.ide.mcu.externaltools.gnu-tools-for-stm32.13.3.rel1.win32_1.0.0.202411081344/tools/bin/../lib/gcc/arm-none-eabi/13.3.1/../../../../arm-none-eabi/lib/thumb/v7-m/nofp\libc_nano.a(libc_a-findfp.o)
 .ARM.attributes
                0x000005b1       0x2d F:/STM/STM32CubeIDE_1.16.1/STM32CubeIDE/plugins/com.st.stm32cube.ide.mcu.externaltools.gnu-tools-for-stm32.13.3.rel1.win32_1.0.0.202411081344/tools/bin/../lib/gcc/arm-none-eabi/13.3.1/../../../../arm-none-eabi/lib/thumb/v7-m/nofp\libc_nano.a(libc_a-snprintf.o)
 .ARM.attributes
                0x000005de       0x2d F:/STM/STM32CubeIDE_1.16.1/STM32CubeIDE/plugins/com.st.stm32cube.ide.mcu.externaltools.gnu-tools-for-stm32.13.3.rel1.win32_1.0.0.202411081344/tools/bin/../lib/gcc/arm-none-eabi/13.3.1/../../../../arm-none-eabi/lib/thumb/v7-m/nofp\libc_nano.a(libc_a-sprintf.o)
 .ARM.attributes
                0x0000060b       0x2d F:/STM/STM32CubeIDE_1.16.1/STM32CubeIDE/plugins/com.st.stm32cube.ide.mcu.externaltools.gnu-tools-for-stm32.13.3.rel1.win32_1.0.0.202411081344/tools/bin/../lib/gcc/arm-none-eabi/13.3.1/../../../../arm-none-eabi/lib/thumb/v7-m/nofp\libc_nano.a(libc_a-memset.o)
 .ARM.attributes
                0x00000638       0x2d F:/STM/STM32CubeIDE_1.16.1/STM32CubeIDE/plugins/com.st.stm32cube.ide.mcu.externaltools.gnu-tools-for-stm32.13.3.rel1.win32_1.0.0.202411081344/tools/bin/../lib/gcc/arm-none-eabi/13.3.1/../../../../arm-none-eabi/lib/thumb/v7-m/nofp\libc_nano.a(libc_a-reent.o)
 .ARM.attributes
                0x00000665       0x2d F:/STM/STM32CubeIDE_1.16.1/STM32CubeIDE/plugins/com.st.stm32cube.ide.mcu.externaltools.gnu-tools-for-stm32.13.3.rel1.win32_1.0.0.202411081344/tools/bin/../lib/gcc/arm-none-eabi/13.3.1/../../../../arm-none-eabi/lib/thumb/v7-m/nofp\libc_nano.a(libc_a-impure.o)
 .ARM.attributes
                0x00000692       0x2d F:/STM/STM32CubeIDE_1.16.1/STM32CubeIDE/plugins/com.st.stm32cube.ide.mcu.externaltools.gnu-tools-for-stm32.13.3.rel1.win32_1.0.0.202411081344/tools/bin/../lib/gcc/arm-none-eabi/13.3.1/../../../../arm-none-eabi/lib/thumb/v7-m/nofp\libc_nano.a(libc_a-errno.o)
 .ARM.attributes
                0x000006bf       0x2d F:/STM/STM32CubeIDE_1.16.1/STM32CubeIDE/plugins/com.st.stm32cube.ide.mcu.externaltools.gnu-tools-for-stm32.13.3.rel1.win32_1.0.0.202411081344/tools/bin/../lib/gcc/arm-none-eabi/13.3.1/../../../../arm-none-eabi/lib/thumb/v7-m/nofp\libc_nano.a(libc_a-init.o)
 .ARM.attributes
                0x000006ec       0x2d F:/STM/STM32CubeIDE_1.16.1/STM32CubeIDE/plugins/com.st.stm32cube.ide.mcu.externaltools.gnu-tools-for-stm32.13.3.rel1.win32_1.0.0.202411081344/tools/bin/../lib/gcc/arm-none-eabi/13.3.1/../../../../arm-none-eabi/lib/thumb/v7-m/nofp\libc_nano.a(libc_a-lock.o)
 .ARM.attributes
                0x00000719       0x2d F:/STM/STM32CubeIDE_1.16.1/STM32CubeIDE/plugins/com.st.stm32cube.ide.mcu.externaltools.gnu-tools-for-stm32.13.3.rel1.win32_1.0.0.202411081344/tools/bin/../lib/gcc/arm-none-eabi/13.3.1/../../../../arm-none-eabi/lib/thumb/v7-m/nofp\libc_nano.a(libc_a-memcpy-stub.o)
 .ARM.attributes
                0x00000746       0x17 F:/STM/STM32CubeIDE_1.16.1/STM32CubeIDE/plugins/com.st.stm32cube.ide.mcu.externaltools.gnu-tools-for-stm32.13.3.rel1.win32_1.0.0.202411081344/tools/bin/../lib/gcc/arm-none-eabi/13.3.1/../../../../arm-none-eabi/lib/thumb/v7-m/nofp\libc_nano.a(libc_a-strlen.o)
 .ARM.attributes
                0x0000075d       0x2d F:/STM/STM32CubeIDE_1.16.1/STM32CubeIDE/plugins/com.st.stm32cube.ide.mcu.externaltools.gnu-tools-for-stm32.13.3.rel1.win32_1.0.0.202411081344/tools/bin/../lib/gcc/arm-none-eabi/13.3.1/../../../../arm-none-eabi/lib/thumb/v7-m/nofp\libc_nano.a(libc_a-freer.o)
 .ARM.attributes
                0x0000078a       0x2d F:/STM/STM32CubeIDE_1.16.1/STM32CubeIDE/plugins/com.st.stm32cube.ide.mcu.externaltools.gnu-tools-for-stm32.13.3.rel1.win32_1.0.0.202411081344/tools/bin/../lib/gcc/arm-none-eabi/13.3.1/../../../../arm-none-eabi/lib/thumb/v7-m/nofp\libc_nano.a(libc_a-mallocr.o)
 .ARM.attributes
                0x000007b7       0x2d F:/STM/STM32CubeIDE_1.16.1/STM32CubeIDE/plugins/com.st.stm32cube.ide.mcu.externaltools.gnu-tools-for-stm32.13.3.rel1.win32_1.0.0.202411081344/tools/bin/../lib/gcc/arm-none-eabi/13.3.1/../../../../arm-none-eabi/lib/thumb/v7-m/nofp\libc_nano.a(libc_a-mlock.o)
 .ARM.attributes
                0x000007e4       0x2d F:/STM/STM32CubeIDE_1.16.1/STM32CubeIDE/plugins/com.st.stm32cube.ide.mcu.externaltools.gnu-tools-for-stm32.13.3.rel1.win32_1.0.0.202411081344/tools/bin/../lib/gcc/arm-none-eabi/13.3.1/../../../../arm-none-eabi/lib/thumb/v7-m/nofp\libc_nano.a(libc_a-nano-svfprintf.o)
 .ARM.attributes
                0x00000811       0x2d F:/STM/STM32CubeIDE_1.16.1/STM32CubeIDE/plugins/com.st.stm32cube.ide.mcu.externaltools.gnu-tools-for-stm32.13.3.rel1.win32_1.0.0.202411081344/tools/bin/../lib/gcc/arm-none-eabi/13.3.1/../../../../arm-none-eabi/lib/thumb/v7-m/nofp\libc_nano.a(libc_a-nano-vfprintf_i.o)
 .ARM.attributes
                0x0000083e       0x2d F:/STM/STM32CubeIDE_1.16.1/STM32CubeIDE/plugins/com.st.stm32cube.ide.mcu.externaltools.gnu-tools-for-stm32.13.3.rel1.win32_1.0.0.202411081344/tools/bin/../lib/gcc/arm-none-eabi/13.3.1/../../../../arm-none-eabi/lib/thumb/v7-m/nofp\libc_nano.a(libc_a-memmove.o)
 .ARM.attributes
                0x0000086b       0x2d F:/STM/STM32CubeIDE_1.16.1/STM32CubeIDE/plugins/com.st.stm32cube.ide.mcu.externaltools.gnu-tools-for-stm32.13.3.rel1.win32_1.0.0.202411081344/tools/bin/../lib/gcc/arm-none-eabi/13.3.1/../../../../arm-none-eabi/lib/thumb/v7-m/nofp\libc_nano.a(libc_a-sbrkr.o)
 .ARM.attributes
                0x00000898       0x2d F:/STM/STM32CubeIDE_1.16.1/STM32CubeIDE/plugins/com.st.stm32cube.ide.mcu.externaltools.gnu-tools-for-stm32.13.3.rel1.win32_1.0.0.202411081344/tools/bin/../lib/gcc/arm-none-eabi/13.3.1/../../../../arm-none-eabi/lib/thumb/v7-m/nofp\libc_nano.a(libc_a-memchr-stub.o)
 .ARM.attributes
                0x000008c5       0x2d F:/STM/STM32CubeIDE_1.16.1/STM32CubeIDE/plugins/com.st.stm32cube.ide.mcu.externaltools.gnu-tools-for-stm32.13.3.rel1.win32_1.0.0.202411081344/tools/bin/../lib/gcc/arm-none-eabi/13.3.1/../../../../arm-none-eabi/lib/thumb/v7-m/nofp\libc_nano.a(libc_a-reallocr.o)
 .ARM.attributes
                0x000008f2       0x2d F:/STM/STM32CubeIDE_1.16.1/STM32CubeIDE/plugins/com.st.stm32cube.ide.mcu.externaltools.gnu-tools-for-stm32.13.3.rel1.win32_1.0.0.202411081344/tools/bin/../lib/gcc/arm-none-eabi/13.3.1/../../../../arm-none-eabi/lib/thumb/v7-m/nofp\libc_nano.a(libc_a-msizer.o)
 .ARM.attributes
                0x0000091f       0x1d F:/STM/STM32CubeIDE_1.16.1/STM32CubeIDE/plugins/com.st.stm32cube.ide.mcu.externaltools.gnu-tools-for-stm32.13.3.rel1.win32_1.0.0.202411081344/tools/bin/../lib/gcc/arm-none-eabi/13.3.1/thumb/v7-m/nofp/crtn.o
OUTPUT(remode.elf elf32-littlearm)
LOAD linker stubs
LOAD F:/STM/STM32CubeIDE_1.16.1/STM32CubeIDE/plugins/com.st.stm32cube.ide.mcu.externaltools.gnu-tools-for-stm32.13.3.rel1.win32_1.0.0.202411081344/tools/bin/../lib/gcc/arm-none-eabi/13.3.1/../../../../arm-none-eabi/lib/thumb/v7-m/nofp\libc.a
LOAD F:/STM/STM32CubeIDE_1.16.1/STM32CubeIDE/plugins/com.st.stm32cube.ide.mcu.externaltools.gnu-tools-for-stm32.13.3.rel1.win32_1.0.0.202411081344/tools/bin/../lib/gcc/arm-none-eabi/13.3.1/../../../../arm-none-eabi/lib/thumb/v7-m/nofp\libm.a
LOAD F:/STM/STM32CubeIDE_1.16.1/STM32CubeIDE/plugins/com.st.stm32cube.ide.mcu.externaltools.gnu-tools-for-stm32.13.3.rel1.win32_1.0.0.202411081344/tools/bin/../lib/gcc/arm-none-eabi/13.3.1/thumb/v7-m/nofp\libgcc.a

.debug_info     0x00000000    0x17019
 .debug_info    0x00000000      0x98e ./Core/Src/adc.o
 .debug_info    0x0000098e      0x2cf ./Core/Src/dma.o
 .debug_info    0x00000c5d      0x2d3 ./Core/Src/gpio.o
 .debug_info    0x00000f30      0xb1a ./Core/Src/i2c.o
 .debug_info    0x00001a4a      0xf9e ./Core/Src/main.o
 .debug_info    0x000029e8     0x120a ./Core/Src/nrf24l01.o
 .debug_info    0x00003bf2      0x999 ./Core/Src/spi.o
 .debug_info    0x0000458b      0x370 ./Core/Src/stm32f1xx_hal_msp.o
 .debug_info    0x000048fb     0x11e1 ./Core/Src/stm32f1xx_it.o
 .debug_info    0x00005adc      0x168 ./Core/Src/sysmem.o
 .debug_info    0x00005c44      0x222 ./Core/Src/system_stm32f1xx.o
 .debug_info    0x00005e66      0x9bb ./Core/Src/tim.o
 .debug_info    0x00006821      0x92a ./Core/Src/usart.o
 .debug_info    0x0000714b       0x30 ./Core/Startup/startup_stm32f103c8tx.o
 .debug_info    0x0000717b      0x704 ./Drivers/STM32F1xx_HAL_Driver/Src/stm32f1xx_hal.o
 .debug_info    0x0000787f      0xc50 ./Drivers/STM32F1xx_HAL_Driver/Src/stm32f1xx_hal_adc.o
 .debug_info    0x000084cf      0xa10 ./Drivers/STM32F1xx_HAL_Driver/Src/stm32f1xx_hal_adc_ex.o
 .debug_info    0x00008edf      0xa87 ./Drivers/STM32F1xx_HAL_Driver/Src/stm32f1xx_hal_cortex.o
 .debug_info    0x00009966      0x6d2 ./Drivers/STM32F1xx_HAL_Driver/Src/stm32f1xx_hal_dma.o
 .debug_info    0x0000a038      0x4f8 ./Drivers/STM32F1xx_HAL_Driver/Src/stm32f1xx_hal_flash.o
 .debug_info    0x0000a530      0x777 ./Drivers/STM32F1xx_HAL_Driver/Src/stm32f1xx_hal_flash_ex.o
 .debug_info    0x0000aca7      0x5ab ./Drivers/STM32F1xx_HAL_Driver/Src/stm32f1xx_hal_gpio.o
 .debug_info    0x0000b252     0x2524 ./Drivers/STM32F1xx_HAL_Driver/Src/stm32f1xx_hal_i2c.o
 .debug_info    0x0000d776      0x7d5 ./Drivers/STM32F1xx_HAL_Driver/Src/stm32f1xx_hal_rcc.o
 .debug_info    0x0000df4b      0x3c0 ./Drivers/STM32F1xx_HAL_Driver/Src/stm32f1xx_hal_rcc_ex.o
 .debug_info    0x0000e30b     0x142d ./Drivers/STM32F1xx_HAL_Driver/Src/stm32f1xx_hal_spi.o
 .debug_info    0x0000f738     0x2959 ./Drivers/STM32F1xx_HAL_Driver/Src/stm32f1xx_hal_tim.o
 .debug_info    0x00012091     0x149b ./Drivers/STM32F1xx_HAL_Driver/Src/stm32f1xx_hal_tim_ex.o
 .debug_info    0x0001352c     0x2eed ./Drivers/STM32F1xx_HAL_Driver/Src/stm32f1xx_hal_uart.o
 .debug_info    0x00016419      0xc00 ./oled/Src/oled.o

.debug_abbrev   0x00000000     0x3d8b
 .debug_abbrev  0x00000000      0x211 ./Core/Src/adc.o
 .debug_abbrev  0x00000211       0xfc ./Core/Src/dma.o
 .debug_abbrev  0x0000030d      0x13f ./Core/Src/gpio.o
 .debug_abbrev  0x0000044c      0x23d ./Core/Src/i2c.o
 .debug_abbrev  0x00000689      0x2e1 ./Core/Src/main.o
 .debug_abbrev  0x0000096a      0x34b ./Core/Src/nrf24l01.o
 .debug_abbrev  0x00000cb5      0x21c ./Core/Src/spi.o
 .debug_abbrev  0x00000ed1      0x11e ./Core/Src/stm32f1xx_hal_msp.o
 .debug_abbrev  0x00000fef      0x1c6 ./Core/Src/stm32f1xx_it.o
 .debug_abbrev  0x000011b5       0xbc ./Core/Src/sysmem.o
 .debug_abbrev  0x00001271      0x13f ./Core/Src/system_stm32f1xx.o
 .debug_abbrev  0x000013b0      0x20e ./Core/Src/tim.o
 .debug_abbrev  0x000015be      0x205 ./Core/Src/usart.o
 .debug_abbrev  0x000017c3       0x24 ./Core/Startup/startup_stm32f103c8tx.o
 .debug_abbrev  0x000017e7      0x201 ./Drivers/STM32F1xx_HAL_Driver/Src/stm32f1xx_hal.o
 .debug_abbrev  0x000019e8      0x225 ./Drivers/STM32F1xx_HAL_Driver/Src/stm32f1xx_hal_adc.o
 .debug_abbrev  0x00001c0d      0x249 ./Drivers/STM32F1xx_HAL_Driver/Src/stm32f1xx_hal_adc_ex.o
 .debug_abbrev  0x00001e56      0x2f8 ./Drivers/STM32F1xx_HAL_Driver/Src/stm32f1xx_hal_cortex.o
 .debug_abbrev  0x0000214e      0x20b ./Drivers/STM32F1xx_HAL_Driver/Src/stm32f1xx_hal_dma.o
 .debug_abbrev  0x00002359      0x250 ./Drivers/STM32F1xx_HAL_Driver/Src/stm32f1xx_hal_flash.o
 .debug_abbrev  0x000025a9      0x247 ./Drivers/STM32F1xx_HAL_Driver/Src/stm32f1xx_hal_flash_ex.o
 .debug_abbrev  0x000027f0      0x1ca ./Drivers/STM32F1xx_HAL_Driver/Src/stm32f1xx_hal_gpio.o
 .debug_abbrev  0x000029ba      0x2a3 ./Drivers/STM32F1xx_HAL_Driver/Src/stm32f1xx_hal_i2c.o
 .debug_abbrev  0x00002c5d      0x2b3 ./Drivers/STM32F1xx_HAL_Driver/Src/stm32f1xx_hal_rcc.o
 .debug_abbrev  0x00002f10      0x188 ./Drivers/STM32F1xx_HAL_Driver/Src/stm32f1xx_hal_rcc_ex.o
 .debug_abbrev  0x00003098      0x27a ./Drivers/STM32F1xx_HAL_Driver/Src/stm32f1xx_hal_spi.o
 .debug_abbrev  0x00003312      0x277 ./Drivers/STM32F1xx_HAL_Driver/Src/stm32f1xx_hal_tim.o
 .debug_abbrev  0x00003589      0x282 ./Drivers/STM32F1xx_HAL_Driver/Src/stm32f1xx_hal_tim_ex.o
 .debug_abbrev  0x0000380b      0x2f8 ./Drivers/STM32F1xx_HAL_Driver/Src/stm32f1xx_hal_uart.o
 .debug_abbrev  0x00003b03      0x288 ./oled/Src/oled.o

.debug_aranges  0x00000000     0x16a8
 .debug_aranges
                0x00000000       0x30 ./Core/Src/adc.o
 .debug_aranges
                0x00000030       0x20 ./Core/Src/dma.o
 .debug_aranges
                0x00000050       0x20 ./Core/Src/gpio.o
 .debug_aranges
                0x00000070       0x40 ./Core/Src/i2c.o
 .debug_aranges
                0x000000b0       0x40 ./Core/Src/main.o
 .debug_aranges
                0x000000f0      0x158 ./Core/Src/nrf24l01.o
 .debug_aranges
                0x00000248       0x30 ./Core/Src/spi.o
 .debug_aranges
                0x00000278       0x20 ./Core/Src/stm32f1xx_hal_msp.o
 .debug_aranges
                0x00000298       0xc8 ./Core/Src/stm32f1xx_it.o
 .debug_aranges
                0x00000360       0x20 ./Core/Src/sysmem.o
 .debug_aranges
                0x00000380       0x28 ./Core/Src/system_stm32f1xx.o
 .debug_aranges
                0x000003a8       0x30 ./Core/Src/tim.o
 .debug_aranges
                0x000003d8       0x30 ./Core/Src/usart.o
 .debug_aranges
                0x00000408       0x28 ./Core/Startup/startup_stm32f103c8tx.o
 .debug_aranges
                0x00000430       0xe0 ./Drivers/STM32F1xx_HAL_Driver/Src/stm32f1xx_hal.o
 .debug_aranges
                0x00000510       0xf0 ./Drivers/STM32F1xx_HAL_Driver/Src/stm32f1xx_hal_adc.o
 .debug_aranges
                0x00000600       0x80 ./Drivers/STM32F1xx_HAL_Driver/Src/stm32f1xx_hal_adc_ex.o
 .debug_aranges
                0x00000680      0x100 ./Drivers/STM32F1xx_HAL_Driver/Src/stm32f1xx_hal_cortex.o
 .debug_aranges
                0x00000780       0x80 ./Drivers/STM32F1xx_HAL_Driver/Src/stm32f1xx_hal_dma.o
 .debug_aranges
                0x00000800       0x88 ./Drivers/STM32F1xx_HAL_Driver/Src/stm32f1xx_hal_flash.o
 .debug_aranges
                0x00000888       0x98 ./Drivers/STM32F1xx_HAL_Driver/Src/stm32f1xx_hal_flash_ex.o
 .debug_aranges
                0x00000920       0x58 ./Drivers/STM32F1xx_HAL_Driver/Src/stm32f1xx_hal_gpio.o
 .debug_aranges
                0x00000978      0x2a8 ./Drivers/STM32F1xx_HAL_Driver/Src/stm32f1xx_hal_i2c.o
 .debug_aranges
                0x00000c20       0x90 ./Drivers/STM32F1xx_HAL_Driver/Src/stm32f1xx_hal_rcc.o
 .debug_aranges
                0x00000cb0       0x30 ./Drivers/STM32F1xx_HAL_Driver/Src/stm32f1xx_hal_rcc_ex.o
 .debug_aranges
                0x00000ce0      0x1d0 ./Drivers/STM32F1xx_HAL_Driver/Src/stm32f1xx_hal_spi.o
 .debug_aranges
                0x00000eb0      0x3d0 ./Drivers/STM32F1xx_HAL_Driver/Src/stm32f1xx_hal_tim.o
 .debug_aranges
                0x00001280      0x168 ./Drivers/STM32F1xx_HAL_Driver/Src/stm32f1xx_hal_tim_ex.o
 .debug_aranges
                0x000013e8      0x208 ./Drivers/STM32F1xx_HAL_Driver/Src/stm32f1xx_hal_uart.o
 .debug_aranges
                0x000015f0       0xb8 ./oled/Src/oled.o

.debug_rnglists
                0x00000000     0x11ac
 .debug_rnglists
                0x00000000       0x21 ./Core/Src/adc.o
 .debug_rnglists
                0x00000021       0x13 ./Core/Src/dma.o
 .debug_rnglists
                0x00000034       0x14 ./Core/Src/gpio.o
 .debug_rnglists
                0x00000048       0x2d ./Core/Src/i2c.o
 .debug_rnglists
                0x00000075       0x2e ./Core/Src/main.o
 .debug_rnglists
                0x000000a3      0x106 ./Core/Src/nrf24l01.o
 .debug_rnglists
                0x000001a9       0x20 ./Core/Src/spi.o
 .debug_rnglists
                0x000001c9       0x14 ./Core/Src/stm32f1xx_hal_msp.o
 .debug_rnglists
                0x000001dd       0x91 ./Core/Src/stm32f1xx_it.o
 .debug_rnglists
                0x0000026e       0x13 ./Core/Src/sysmem.o
 .debug_rnglists
                0x00000281       0x1a ./Core/Src/system_stm32f1xx.o
 .debug_rnglists
                0x0000029b       0x20 ./Core/Src/tim.o
 .debug_rnglists
                0x000002bb       0x20 ./Core/Src/usart.o
 .debug_rnglists
                0x000002db       0x19 ./Core/Startup/startup_stm32f103c8tx.o
 .debug_rnglists
                0x000002f4       0xa3 ./Drivers/STM32F1xx_HAL_Driver/Src/stm32f1xx_hal.o
 .debug_rnglists
                0x00000397       0xbc ./Drivers/STM32F1xx_HAL_Driver/Src/stm32f1xx_hal_adc.o
 .debug_rnglists
                0x00000453       0x65 ./Drivers/STM32F1xx_HAL_Driver/Src/stm32f1xx_hal_adc_ex.o
 .debug_rnglists
                0x000004b8       0xbb ./Drivers/STM32F1xx_HAL_Driver/Src/stm32f1xx_hal_cortex.o
 .debug_rnglists
                0x00000573       0x64 ./Drivers/STM32F1xx_HAL_Driver/Src/stm32f1xx_hal_dma.o
 .debug_rnglists
                0x000005d7       0x66 ./Drivers/STM32F1xx_HAL_Driver/Src/stm32f1xx_hal_flash.o
 .debug_rnglists
                0x0000063d       0x73 ./Drivers/STM32F1xx_HAL_Driver/Src/stm32f1xx_hal_flash_ex.o
 .debug_rnglists
                0x000006b0       0x3f ./Drivers/STM32F1xx_HAL_Driver/Src/stm32f1xx_hal_gpio.o
 .debug_rnglists
                0x000006ef      0x23c ./Drivers/STM32F1xx_HAL_Driver/Src/stm32f1xx_hal_i2c.o
 .debug_rnglists
                0x0000092b       0x6c ./Drivers/STM32F1xx_HAL_Driver/Src/stm32f1xx_hal_rcc.o
 .debug_rnglists
                0x00000997       0x21 ./Drivers/STM32F1xx_HAL_Driver/Src/stm32f1xx_hal_rcc_ex.o
 .debug_rnglists
                0x000009b8      0x16e ./Drivers/STM32F1xx_HAL_Driver/Src/stm32f1xx_hal_spi.o
 .debug_rnglists
                0x00000b26      0x31a ./Drivers/STM32F1xx_HAL_Driver/Src/stm32f1xx_hal_tim.o
 .debug_rnglists
                0x00000e40      0x125 ./Drivers/STM32F1xx_HAL_Driver/Src/stm32f1xx_hal_tim_ex.o
 .debug_rnglists
                0x00000f65      0x1bc ./Drivers/STM32F1xx_HAL_Driver/Src/stm32f1xx_hal_uart.o
 .debug_rnglists
                0x00001121       0x8b ./oled/Src/oled.o

.debug_macro    0x00000000    0x1aba1
 .debug_macro   0x00000000      0x1e4 ./Core/Src/adc.o
 .debug_macro   0x000001e4      0xacc ./Core/Src/adc.o
 .debug_macro   0x00000cb0      0x233 ./Core/Src/adc.o
 .debug_macro   0x00000ee3       0x2e ./Core/Src/adc.o
 .debug_macro   0x00000f11       0x22 ./Core/Src/adc.o
 .debug_macro   0x00000f33       0x22 ./Core/Src/adc.o
 .debug_macro   0x00000f55       0x8e ./Core/Src/adc.o
 .debug_macro   0x00000fe3       0x51 ./Core/Src/adc.o
 .debug_macro   0x00001034      0x103 ./Core/Src/adc.o
 .debug_macro   0x00001137       0x6a ./Core/Src/adc.o
 .debug_macro   0x000011a1      0x1df ./Core/Src/adc.o
 .debug_macro   0x00001380       0x1c ./Core/Src/adc.o
 .debug_macro   0x0000139c       0x22 ./Core/Src/adc.o
 .debug_macro   0x000013be       0xbd ./Core/Src/adc.o
 .debug_macro   0x0000147b      0xd23 ./Core/Src/adc.o
 .debug_macro   0x0000219e     0xe09e ./Core/Src/adc.o
 .debug_macro   0x0001023c       0x6d ./Core/Src/adc.o
 .debug_macro   0x000102a9     0x34a2 ./Core/Src/adc.o
 .debug_macro   0x0001374b      0x190 ./Core/Src/adc.o
 .debug_macro   0x000138db       0x5c ./Core/Src/adc.o
 .debug_macro   0x00013937      0x5bc ./Core/Src/adc.o
 .debug_macro   0x00013ef3      0x289 ./Core/Src/adc.o
 .debug_macro   0x0001417c      0x1cb ./Core/Src/adc.o
 .debug_macro   0x00014347      0x114 ./Core/Src/adc.o
 .debug_macro   0x0001445b      0x1b2 ./Core/Src/adc.o
 .debug_macro   0x0001460d       0x27 ./Core/Src/adc.o
 .debug_macro   0x00014634      0x136 ./Core/Src/adc.o
 .debug_macro   0x0001476a      0x1bc ./Core/Src/adc.o
 .debug_macro   0x00014926       0x34 ./Core/Src/adc.o
 .debug_macro   0x0001495a       0x3c ./Core/Src/adc.o
 .debug_macro   0x00014996       0x57 ./Core/Src/adc.o
 .debug_macro   0x000149ed      0x46a ./Core/Src/adc.o
 .debug_macro   0x00014e57      0x1b5 ./Core/Src/adc.o
 .debug_macro   0x0001500c       0x87 ./Core/Src/adc.o
 .debug_macro   0x00015093      0x240 ./Core/Src/adc.o
 .debug_macro   0x000152d3      0x287 ./Core/Src/adc.o
 .debug_macro   0x0001555a      0x140 ./Core/Src/adc.o
 .debug_macro   0x0001569a      0x217 ./Core/Src/adc.o
 .debug_macro   0x000158b1      0x8ed ./Core/Src/adc.o
 .debug_macro   0x0001619e      0x28e ./Core/Src/adc.o
 .debug_macro   0x0001642c       0x83 ./Core/Src/adc.o
 .debug_macro   0x000164af       0x40 ./Core/Src/adc.o
 .debug_macro   0x000164ef      0x1e4 ./Core/Src/dma.o
 .debug_macro   0x000166d3      0x1e4 ./Core/Src/gpio.o
 .debug_macro   0x000168b7      0x2e0 ./Core/Src/i2c.o
 .debug_macro   0x00016b97       0x24 ./Core/Src/i2c.o
 .debug_macro   0x00016bbb       0x61 ./Core/Src/i2c.o
 .debug_macro   0x00016c1c       0x43 ./Core/Src/i2c.o
 .debug_macro   0x00016c5f       0x34 ./Core/Src/i2c.o
 .debug_macro   0x00016c93       0x16 ./Core/Src/i2c.o
 .debug_macro   0x00016ca9       0x3c ./Core/Src/i2c.o
 .debug_macro   0x00016ce5      0x370 ./Core/Src/i2c.o
 .debug_macro   0x00017055       0x16 ./Core/Src/i2c.o
 .debug_macro   0x0001706b       0x4a ./Core/Src/i2c.o
 .debug_macro   0x000170b5       0x34 ./Core/Src/i2c.o
 .debug_macro   0x000170e9       0x10 ./Core/Src/i2c.o
 .debug_macro   0x000170f9       0x58 ./Core/Src/i2c.o
 .debug_macro   0x00017151       0x8e ./Core/Src/i2c.o
 .debug_macro   0x000171df       0x1c ./Core/Src/i2c.o
 .debug_macro   0x000171fb      0x185 ./Core/Src/i2c.o
 .debug_macro   0x00017380       0x16 ./Core/Src/i2c.o
 .debug_macro   0x00017396       0x29 ./Core/Src/i2c.o
 .debug_macro   0x000173bf       0x16 ./Core/Src/i2c.o
 .debug_macro   0x000173d5       0x20 ./Core/Src/i2c.o
 .debug_macro   0x000173f5      0x39d ./Core/Src/main.o
 .debug_macro   0x00017792       0x16 ./Core/Src/main.o
 .debug_macro   0x000177a8       0x10 ./Core/Src/main.o
 .debug_macro   0x000177b8       0x16 ./Core/Src/main.o
 .debug_macro   0x000177ce       0x16 ./Core/Src/main.o
 .debug_macro   0x000177e4      0x146 ./Core/Src/main.o
 .debug_macro   0x0001792a      0x2e2 ./Core/Src/main.o
 .debug_macro   0x00017c0c      0x2d5 ./Core/Src/nrf24l01.o
 .debug_macro   0x00017ee1       0x10 ./Core/Src/nrf24l01.o
 .debug_macro   0x00017ef1      0x1e4 ./Core/Src/spi.o
 .debug_macro   0x000180d5      0x1da ./Core/Src/stm32f1xx_hal_msp.o
 .debug_macro   0x000182af      0x1e4 ./Core/Src/stm32f1xx_it.o
 .debug_macro   0x00018493      0x112 ./Core/Src/sysmem.o
 .debug_macro   0x000185a5      0x23c ./Core/Src/sysmem.o
 .debug_macro   0x000187e1      0x1cb ./Core/Src/system_stm32f1xx.o
 .debug_macro   0x000189ac      0x1e4 ./Core/Src/tim.o
 .debug_macro   0x00018b90      0x1e4 ./Core/Src/usart.o
 .debug_macro   0x00018d74      0x1ef ./Drivers/STM32F1xx_HAL_Driver/Src/stm32f1xx_hal.o
 .debug_macro   0x00018f63      0x1e8 ./Drivers/STM32F1xx_HAL_Driver/Src/stm32f1xx_hal_adc.o
 .debug_macro   0x0001914b      0x1dd ./Drivers/STM32F1xx_HAL_Driver/Src/stm32f1xx_hal_adc_ex.o
 .debug_macro   0x00019328      0x1cb ./Drivers/STM32F1xx_HAL_Driver/Src/stm32f1xx_hal_cortex.o
 .debug_macro   0x000194f3      0x1cb ./Drivers/STM32F1xx_HAL_Driver/Src/stm32f1xx_hal_dma.o
 .debug_macro   0x000196be      0x1cb ./Drivers/STM32F1xx_HAL_Driver/Src/stm32f1xx_hal_flash.o
 .debug_macro   0x00019889      0x1dd ./Drivers/STM32F1xx_HAL_Driver/Src/stm32f1xx_hal_flash_ex.o
 .debug_macro   0x00019a66      0x236 ./Drivers/STM32F1xx_HAL_Driver/Src/stm32f1xx_hal_gpio.o
 .debug_macro   0x00019c9c      0x219 ./Drivers/STM32F1xx_HAL_Driver/Src/stm32f1xx_hal_i2c.o
 .debug_macro   0x00019eb5      0x1dd ./Drivers/STM32F1xx_HAL_Driver/Src/stm32f1xx_hal_rcc.o
 .debug_macro   0x0001a092      0x1cb ./Drivers/STM32F1xx_HAL_Driver/Src/stm32f1xx_hal_rcc_ex.o
 .debug_macro   0x0001a25d      0x1d3 ./Drivers/STM32F1xx_HAL_Driver/Src/stm32f1xx_hal_spi.o
 .debug_macro   0x0001a430      0x1cc ./Drivers/STM32F1xx_HAL_Driver/Src/stm32f1xx_hal_tim.o
 .debug_macro   0x0001a5fc      0x1cb ./Drivers/STM32F1xx_HAL_Driver/Src/stm32f1xx_hal_tim_ex.o
 .debug_macro   0x0001a7c7      0x1cc ./Drivers/STM32F1xx_HAL_Driver/Src/stm32f1xx_hal_uart.o
 .debug_macro   0x0001a993      0x20e ./oled/Src/oled.o

.debug_line     0x00000000    0x1c7bf
 .debug_line    0x00000000      0x863 ./Core/Src/adc.o
 .debug_line    0x00000863      0x763 ./Core/Src/dma.o
 .debug_line    0x00000fc6      0x7bc ./Core/Src/gpio.o
 .debug_line    0x00001782      0xa25 ./Core/Src/i2c.o
 .debug_line    0x000021a7      0xb5c ./Core/Src/main.o
 .debug_line    0x00002d03     0x110a ./Core/Src/nrf24l01.o
 .debug_line    0x00003e0d      0x82d ./Core/Src/spi.o
 .debug_line    0x0000463a      0x764 ./Core/Src/stm32f1xx_hal_msp.o
 .debug_line    0x00004d9e      0x941 ./Core/Src/stm32f1xx_it.o
 .debug_line    0x000056df      0x58d ./Core/Src/sysmem.o
 .debug_line    0x00005c6c      0x7de ./Core/Src/system_stm32f1xx.o
 .debug_line    0x0000644a      0x7da ./Core/Src/tim.o
 .debug_line    0x00006c24      0x7d6 ./Core/Src/usart.o
 .debug_line    0x000073fa       0x78 ./Core/Startup/startup_stm32f103c8tx.o
 .debug_line    0x00007472      0xa0f ./Drivers/STM32F1xx_HAL_Driver/Src/stm32f1xx_hal.o
 .debug_line    0x00007e81     0x1034 ./Drivers/STM32F1xx_HAL_Driver/Src/stm32f1xx_hal_adc.o
 .debug_line    0x00008eb5      0xd56 ./Drivers/STM32F1xx_HAL_Driver/Src/stm32f1xx_hal_adc_ex.o
 .debug_line    0x00009c0b      0xbd9 ./Drivers/STM32F1xx_HAL_Driver/Src/stm32f1xx_hal_cortex.o
 .debug_line    0x0000a7e4      0xe19 ./Drivers/STM32F1xx_HAL_Driver/Src/stm32f1xx_hal_dma.o
 .debug_line    0x0000b5fd      0xac3 ./Drivers/STM32F1xx_HAL_Driver/Src/stm32f1xx_hal_flash.o
 .debug_line    0x0000c0c0      0xbd6 ./Drivers/STM32F1xx_HAL_Driver/Src/stm32f1xx_hal_flash_ex.o
 .debug_line    0x0000cc96      0xa6c ./Drivers/STM32F1xx_HAL_Driver/Src/stm32f1xx_hal_gpio.o
 .debug_line    0x0000d702     0x3c0c ./Drivers/STM32F1xx_HAL_Driver/Src/stm32f1xx_hal_i2c.o