../oled/Src/oled.c:42:7:OLED_Init	16	static
../oled/Src/oled.c:59:7:Oled_WriteCommand	16	static
../oled/Src/oled.c:70:7:Oled_WriteData	24	static
../oled/Src/oled.c:81:7:OLED_On	16	static
../oled/Src/oled.c:100:7:OLED_Clear	16	static
../oled/Src/oled.c:119:7:OLED_Display	8	static
../oled/Src/oled.c:132:7:OLED_EnDisplay	8	static
../oled/Src/oled.c:145:7:OLED_Set_Pos	16	static
../oled/Src/oled.c:159:15:oled_pow	24	static
../oled/Src/oled.c:176:7:OLED_ShowChar	32	static
../oled/Src/oled.c:224:7:OLED_ShowString	40	static
../oled/Src/oled.c:260:7:OLED_ShowNum	40	static
../oled/Src/oled.c:293:7:OLED_Showdecimal	48	static
../oled/Src/oled.c:349:7:OLED_ShowCHinese	32	static
../oled/Src/oled.c:383:7:OLED_DrawBMP	32	static
../oled/Src/oled.c:413:7:OLED_HorizontalShift	16	static
../oled/Src/oled.c:436:7:OLED_Some_HorizontalShift	16	static
../oled/Src/oled.c:457:7:OLED_VerticalAndHorizontalShift	16	static
../oled/Src/oled.c:478:7:OLED_DisplayMode	16	static
../oled/Src/oled.c:489:7:OLED_IntensityControl	16	static
