../oled/Src/oled.c:41:7:OLED_Init	16	static
../oled/Src/oled.c:58:7:Oled_WriteCommand	16	static
../oled/Src/oled.c:69:7:Oled_WriteData	24	static
../oled/Src/oled.c:80:7:OLED_On	16	static
../oled/Src/oled.c:99:7:OLED_Clear	16	static
../oled/Src/oled.c:118:7:OLED_Display	8	static
../oled/Src/oled.c:131:7:OLED_EnDisplay	8	static
../oled/Src/oled.c:144:7:OLED_Set_Pos	16	static
../oled/Src/oled.c:158:15:oled_pow	24	static
../oled/Src/oled.c:175:7:OLED_ShowChar	32	static
../oled/Src/oled.c:223:7:OLED_ShowString	40	static
../oled/Src/oled.c:258:7:OLED_ShowNum	40	static
../oled/Src/oled.c:291:7:OLED_Showdecimal	48	static
../oled/Src/oled.c:347:7:OLED_ShowCHinese	32	static
../oled/Src/oled.c:381:7:OLED_DrawBMP	32	static
../oled/Src/oled.c:411:7:OLED_HorizontalShift	16	static
../oled/Src/oled.c:434:7:OLED_Some_HorizontalShift	16	static
../oled/Src/oled.c:455:7:OLED_VerticalAndHorizontalShift	16	static
../oled/Src/oled.c:476:7:OLED_DisplayMode	16	static
../oled/Src/oled.c:487:7:OLED_IntensityControl	16	static
